Archive member included to satisfy reference by file (symbol)

c:/dev/tools/gcc-arm-none-eabi-10.3-2021.10/bin/../lib/gcc/arm-none-eabi/10.3.1/../../../../arm-none-eabi/lib/thumb/v6-m/nofp\libc_nano.a(lib_a-errno.o)
                              build/sysmem.o (__errno)
c:/dev/tools/gcc-arm-none-eabi-10.3-2021.10/bin/../lib/gcc/arm-none-eabi/10.3.1/../../../../arm-none-eabi/lib/thumb/v6-m/nofp\libc_nano.a(lib_a-exit.o)
                              c:/dev/tools/gcc-arm-none-eabi-10.3-2021.10/bin/../lib/gcc/arm-none-eabi/10.3.1/../../../../arm-none-eabi/lib/thumb/v6-m/nofp/crt0.o (exit)
c:/dev/tools/gcc-arm-none-eabi-10.3-2021.10/bin/../lib/gcc/arm-none-eabi/10.3.1/../../../../arm-none-eabi/lib/thumb/v6-m/nofp\libc_nano.a(lib_a-impure.o)
                              c:/dev/tools/gcc-arm-none-eabi-10.3-2021.10/bin/../lib/gcc/arm-none-eabi/10.3.1/../../../../arm-none-eabi/lib/thumb/v6-m/nofp\libc_nano.a(lib_a-exit.o) (_global_impure_ptr)
c:/dev/tools/gcc-arm-none-eabi-10.3-2021.10/bin/../lib/gcc/arm-none-eabi/10.3.1/../../../../arm-none-eabi/lib/thumb/v6-m/nofp\libc_nano.a(lib_a-init.o)
                              c:/dev/tools/gcc-arm-none-eabi-10.3-2021.10/bin/../lib/gcc/arm-none-eabi/10.3.1/../../../../arm-none-eabi/lib/thumb/v6-m/nofp/crt0.o (__libc_init_array)
c:/dev/tools/gcc-arm-none-eabi-10.3-2021.10/bin/../lib/gcc/arm-none-eabi/10.3.1/../../../../arm-none-eabi/lib/thumb/v6-m/nofp\libc_nano.a(lib_a-memset.o)
                              c:/dev/tools/gcc-arm-none-eabi-10.3-2021.10/bin/../lib/gcc/arm-none-eabi/10.3.1/../../../../arm-none-eabi/lib/thumb/v6-m/nofp/crt0.o (memset)
c:/dev/tools/gcc-arm-none-eabi-10.3-2021.10/bin/../lib/gcc/arm-none-eabi/10.3.1/../../../../arm-none-eabi/lib/thumb/v6-m/nofp\libc_nano.a(lib_a-printf.o)
                              build/main.o (printf)
c:/dev/tools/gcc-arm-none-eabi-10.3-2021.10/bin/../lib/gcc/arm-none-eabi/10.3.1/../../../../arm-none-eabi/lib/thumb/v6-m/nofp\libc_nano.a(lib_a-putchar.o)
                              build/main.o (putchar)
c:/dev/tools/gcc-arm-none-eabi-10.3-2021.10/bin/../lib/gcc/arm-none-eabi/10.3.1/../../../../arm-none-eabi/lib/thumb/v6-m/nofp\libc_nano.a(lib_a-puts.o)
                              build/main.o (puts)
c:/dev/tools/gcc-arm-none-eabi-10.3-2021.10/bin/../lib/gcc/arm-none-eabi/10.3.1/../../../../arm-none-eabi/lib/thumb/v6-m/nofp\libc_nano.a(lib_a-wbuf.o)
                              c:/dev/tools/gcc-arm-none-eabi-10.3-2021.10/bin/../lib/gcc/arm-none-eabi/10.3.1/../../../../arm-none-eabi/lib/thumb/v6-m/nofp\libc_nano.a(lib_a-puts.o) (__swbuf_r)
c:/dev/tools/gcc-arm-none-eabi-10.3-2021.10/bin/../lib/gcc/arm-none-eabi/10.3.1/../../../../arm-none-eabi/lib/thumb/v6-m/nofp\libc_nano.a(lib_a-wsetup.o)
                              c:/dev/tools/gcc-arm-none-eabi-10.3-2021.10/bin/../lib/gcc/arm-none-eabi/10.3.1/../../../../arm-none-eabi/lib/thumb/v6-m/nofp\libc_nano.a(lib_a-puts.o) (__swsetup_r)
c:/dev/tools/gcc-arm-none-eabi-10.3-2021.10/bin/../lib/gcc/arm-none-eabi/10.3.1/../../../../arm-none-eabi/lib/thumb/v6-m/nofp\libc_nano.a(lib_a-fflush.o)
                              c:/dev/tools/gcc-arm-none-eabi-10.3-2021.10/bin/../lib/gcc/arm-none-eabi/10.3.1/../../../../arm-none-eabi/lib/thumb/v6-m/nofp\libc_nano.a(lib_a-wbuf.o) (_fflush_r)
c:/dev/tools/gcc-arm-none-eabi-10.3-2021.10/bin/../lib/gcc/arm-none-eabi/10.3.1/../../../../arm-none-eabi/lib/thumb/v6-m/nofp\libc_nano.a(lib_a-findfp.o)
                              c:/dev/tools/gcc-arm-none-eabi-10.3-2021.10/bin/../lib/gcc/arm-none-eabi/10.3.1/../../../../arm-none-eabi/lib/thumb/v6-m/nofp\libc_nano.a(lib_a-printf.o) (__sinit)
c:/dev/tools/gcc-arm-none-eabi-10.3-2021.10/bin/../lib/gcc/arm-none-eabi/10.3.1/../../../../arm-none-eabi/lib/thumb/v6-m/nofp\libc_nano.a(lib_a-fwalk.o)
                              c:/dev/tools/gcc-arm-none-eabi-10.3-2021.10/bin/../lib/gcc/arm-none-eabi/10.3.1/../../../../arm-none-eabi/lib/thumb/v6-m/nofp\libc_nano.a(lib_a-findfp.o) (_fwalk)
c:/dev/tools/gcc-arm-none-eabi-10.3-2021.10/bin/../lib/gcc/arm-none-eabi/10.3.1/../../../../arm-none-eabi/lib/thumb/v6-m/nofp\libc_nano.a(lib_a-lock.o)
                              c:/dev/tools/gcc-arm-none-eabi-10.3-2021.10/bin/../lib/gcc/arm-none-eabi/10.3.1/../../../../arm-none-eabi/lib/thumb/v6-m/nofp\libc_nano.a(lib_a-findfp.o) (__retarget_lock_init_recursive)
c:/dev/tools/gcc-arm-none-eabi-10.3-2021.10/bin/../lib/gcc/arm-none-eabi/10.3.1/../../../../arm-none-eabi/lib/thumb/v6-m/nofp\libc_nano.a(lib_a-makebuf.o)
                              c:/dev/tools/gcc-arm-none-eabi-10.3-2021.10/bin/../lib/gcc/arm-none-eabi/10.3.1/../../../../arm-none-eabi/lib/thumb/v6-m/nofp\libc_nano.a(lib_a-wsetup.o) (__smakebuf_r)
c:/dev/tools/gcc-arm-none-eabi-10.3-2021.10/bin/../lib/gcc/arm-none-eabi/10.3.1/../../../../arm-none-eabi/lib/thumb/v6-m/nofp\libc_nano.a(lib_a-nano-freer.o)
[...]
Memory Configuration

Name             Origin             Length             Attributes
RAM              0x20000000         0x00009000         xrw
FLASH            0x08000000         0x00020000         xr
*default*        0x00000000         0xffffffff

Linker script and memory map

LOAD c:/dev/tools/gcc-arm-none-eabi-10.3-2021.10/bin/../lib/gcc/arm-none-eabi/10.3.1/thumb/v6-m/nofp/crti.o
LOAD c:/dev/tools/gcc-arm-none-eabi-10.3-2021.10/bin/../lib/gcc/arm-none-eabi/10.3.1/thumb/v6-m/nofp/crtbegin.o
LOAD c:/dev/tools/gcc-arm-none-eabi-10.3-2021.10/bin/../lib/gcc/arm-none-eabi/10.3.1/../../../../arm-none-eabi/lib/thumb/v6-m/nofp/crt0.o
LOAD build/main.o
LOAD build/stm32g0xx_it.o
LOAD build/stm32g0xx_hal_msp.o
LOAD build/system_stm32g0xx.o
LOAD build/sysmem.o
LOAD build/syscalls.o
LOAD build/stm32g0xx_hal_adc.o
LOAD build/stm32g0xx_hal_adc_ex.o
LOAD build/stm32g0xx_ll_adc.o
LOAD build/stm32g0xx_hal_rcc.o
LOAD build/stm32g0xx_hal_rcc_ex.o
LOAD build/stm32g0xx_ll_rcc.o
LOAD build/stm32g0xx_hal_flash.o
LOAD build/stm32g0xx_hal_flash_ex.o
LOAD build/stm32g0xx_hal_gpio.o
LOAD build/stm32g0xx_hal_dma.o
LOAD build/stm32g0xx_hal_dma_ex.o
LOAD build/stm32g0xx_hal_pwr.o
LOAD build/stm32g0xx_hal_pwr_ex.o
LOAD build/stm32g0xx_hal_cortex.o
LOAD build/stm32g0xx_hal.o
LOAD build/stm32g0xx_hal_exti.o
LOAD build/stm32g0xx_hal_spi.o
LOAD build/stm32g0xx_hal_spi_ex.o
LOAD build/stm32g0xx_hal_tim.o
LOAD build/stm32g0xx_hal_tim_ex.o
LOAD build/stm32g0xx_hal_uart.o
LOAD build/stm32g0xx_hal_uart_ex.o
LOAD build/startup_stm32g070xx.o
LOAD c:/dev/tools/gcc-arm-none-eabi-10.3-2021.10/bin/../lib/gcc/arm-none-eabi/10.3.1/../../../../arm-none-eabi/lib/thumb/v6-m/nofp\libc_nano.a
LOAD c:/dev/tools/gcc-arm-none-eabi-10.3-2021.10/bin/../lib/gcc/arm-none-eabi/10.3.1/../../../../arm-none-eabi/lib/thumb/v6-m/nofp\libm.a
LOAD c:/dev/tools/gcc-arm-none-eabi-10.3-2021.10/bin/../lib/gcc/arm-none-eabi/10.3.1/../../../../arm-none-eabi/lib/thumb/v6-m/nofp\libnosys.a
START GROUP
LOAD c:/dev/tools/gcc-arm-none-eabi-10.3-2021.10/bin/../lib/gcc/arm-none-eabi/10.3.1/thumb/v6-m/nofp\libgcc.a
LOAD c:/dev/tools/gcc-arm-none-eabi-10.3-2021.10/bin/../lib/gcc/arm-none-eabi/10.3.1/../../../../arm-none-eabi/lib/thumb/v6-m/nofp\libc_nano.a
END GROUP
START GROUP
LOAD c:/dev/tools/gcc-arm-none-eabi-10.3-2021.10/bin/../lib/gcc/arm-none-eabi/10.3.1/thumb/v6-m/nofp\libgcc.a
LOAD c:/dev/tools/gcc-arm-none-eabi-10.3-2021.10/bin/../lib/gcc/arm-none-eabi/10.3.1/../../../../arm-none-eabi/lib/thumb/v6-m/nofp\libc_nano.a
END GROUP
LOAD c:/dev/tools/gcc-arm-none-eabi-10.3-2021.10/bin/../lib/gcc/arm-none-eabi/10.3.1/thumb/v6-m/nofp/crtend.o
LOAD c:/dev/tools/gcc-arm-none-eabi-10.3-2021.10/bin/../lib/gcc/arm-none-eabi/10.3.1/thumb/v6-m/nofp/crtn.o
                0x20009000                _estack = (ORIGIN (RAM) + LENGTH (RAM))
                0x00000200                _Min_Heap_Size = 0x200
                0x00000400                _Min_Stack_Size = 0x400

.isr_vector     0x08000000       0xb8
                0x08000000                . = ALIGN (0x4)
 *(.isr_vector)
 .isr_vector    0x08000000       0xb8 build/startup_stm32g070xx.o
                0x08000000                g_pfnVectors
                0x080000b8                . = ALIGN (0x4)

.text           0x080000b8     0x3094
                0x080000b8                . = ALIGN (0x4)
 *(.text)
 .text          0x080000b8       0x48 c:/dev/tools/gcc-arm-none-eabi-10.3-2021.10/bin/../lib/gcc/arm-none-eabi/10.3.1/thumb/v6-m/nofp/crtbegin.o
 .text          0x08000100      0x114 c:/dev/tools/gcc-arm-none-eabi-10.3-2021.10/bin/../lib/gcc/arm-none-eabi/10.3.1/thumb/v6-m/nofp\libgcc.a(_udivsi3.o)
                0x08000100                __aeabi_uidiv
                0x08000100                __udivsi3
                0x0800020c                __aeabi_uidivmod
 .text          0x08000214      0x1d4 c:/dev/tools/gcc-arm-none-eabi-10.3-2021.10/bin/../lib/gcc/arm-none-eabi/10.3.1/thumb/v6-m/nofp\libgcc.a(_divsi3.o)
                0x08000214                __divsi3
                0x08000214                __aeabi_idiv
                0x080003e0                __aeabi_idivmod
 .text          0x080003e8        0x4 c:/dev/tools/gcc-arm-none-eabi-10.3-2021.10/bin/../lib/gcc/arm-none-eabi/10.3.1/thumb/v6-m/nofp\libgcc.a(_dvmd_tls.o)
                0x080003e8                __aeabi_idiv0
                0x080003e8                __aeabi_ldiv0
 *(.text*)
 .text.MX_GPIO_Init
                0x080003ec       0x78 build/main.o
 .text._write   0x08000464       0x18 build/main.o
                0x08000464                _write
 .text.Error_Handler
                0x0800047c        0x4 build/main.o
                0x0800047c                Error_Handler
 .text.MX_ADC1_Init
                0x08000480       0x8c build/main.o
 .text.MX_SPI2_Init
                0x0800050c       0x40 build/main.o
 .text.MX_USART2_UART_Init
                0x0800054c       0x68 build/main.o
 .text.SystemClock_Config
                0x080005b4       0x60 build/main.o
                0x080005b4                SystemClock_Config
 .text.main     0x08000614       0x40 build/main.o
                0x08000614                main
 .text.NMI_Handler
                0x08000654        0x2 build/stm32g0xx_it.o
                0x08000654                NMI_Handler
 .text.HardFault_Handler
                0x08000656        0x2 build/stm32g0xx_it.o
                0x08000656                HardFault_Handler
 .text.SVC_Handler
                0x08000658        0x2 build/stm32g0xx_it.o
                0x08000658                SVC_Handler
 .text.PendSV_Handler
                0x0800065a        0x2 build/stm32g0xx_it.o
                0x0800065a                PendSV_Handler
 .text.SysTick_Handler
                0x0800065c        0x8 build/stm32g0xx_it.o
                0x0800065c                SysTick_Handler
 .text.HAL_MspInit
                0x08000664       0x30 build/stm32g0xx_hal_msp.o
                0x08000664                HAL_MspInit
 .text.HAL_ADC_MspInit
                0x08000694       0x80 build/stm32g0xx_hal_msp.o
                0x08000694                HAL_ADC_MspInit
 .text.HAL_SPI_MspInit
                0x08000714       0xa8 build/stm32g0xx_hal_msp.o
                0x08000714                HAL_SPI_MspInit
 .text.HAL_UART_MspInit
                0x080007bc       0x84 build/stm32g0xx_hal_msp.o
                0x080007bc                HAL_UART_MspInit
 .text.SystemInit
                0x08000840        0x2 build/system_stm32g0xx.o
                0x08000840                SystemInit
 *fill*         0x08000842        0x2 
 .text._sbrk    0x08000844       0x48 build/sysmem.o
                0x08000844                _sbrk
 .text._read    0x0800088c       0x1c build/syscalls.o
                0x0800088c                _read
 .text._close   0x080008a8        0x6 build/syscalls.o
                0x080008a8                _close
 .text._fstat   0x080008ae        0xa build/syscalls.o
                0x080008ae                _fstat
 .text._isatty  0x080008b8        0x4 build/syscalls.o
                0x080008b8                _isatty
 .text._lseek   0x080008bc        0x4 build/syscalls.o
                0x080008bc                _lseek
 .text.HAL_ADC_Init
                0x080008c0      0x244 build/stm32g0xx_hal_adc.o
                0x080008c0                HAL_ADC_Init
 .text.HAL_ADC_ConfigChannel
                0x08000b04      0x2a0 build/stm32g0xx_hal_adc.o
                0x08000b04                HAL_ADC_ConfigChannel
 .text.HAL_RCC_OscConfig
                0x08000da4      0x4a4 build/stm32g0xx_hal_rcc.o
                0x08000da4                HAL_RCC_OscConfig
 .text.HAL_RCC_GetSysClockFreq
                0x08001248       0xb8 build/stm32g0xx_hal_rcc.o
                0x08001248                HAL_RCC_GetSysClockFreq
 .text.HAL_RCC_ClockConfig
                0x08001300      0x18c build/stm32g0xx_hal_rcc.o
                0x08001300                HAL_RCC_ClockConfig
 .text.HAL_RCC_GetHCLKFreq
                0x0800148c        0xc build/stm32g0xx_hal_rcc.o
                0x0800148c                HAL_RCC_GetHCLKFreq
 .text.HAL_RCC_GetPCLK1Freq
                0x08001498       0x28 build/stm32g0xx_hal_rcc.o
                0x08001498                HAL_RCC_GetPCLK1Freq
 .text.HAL_RCCEx_PeriphCLKConfig
                0x080014c0      0x190 build/stm32g0xx_hal_rcc_ex.o
                0x080014c0                HAL_RCCEx_PeriphCLKConfig
 .text.HAL_GPIO_Init
                0x08001650      0x178 build/stm32g0xx_hal_gpio.o
                0x08001650                HAL_GPIO_Init
 .text.HAL_GPIO_WritePin
                0x080017c8        0xc build/stm32g0xx_hal_gpio.o
                0x080017c8                HAL_GPIO_WritePin
 .text.HAL_PWREx_ControlVoltageScaling
                0x080017d4       0x54 build/stm32g0xx_hal_pwr_ex.o
                0x080017d4                HAL_PWREx_ControlVoltageScaling
 .text.HAL_NVIC_SetPriority
                0x08001828       0x60 build/stm32g0xx_hal_cortex.o
                0x08001828                HAL_NVIC_SetPriority
 .text.HAL_SYSTICK_Config
                0x08001888       0x38 build/stm32g0xx_hal_cortex.o
                0x08001888                HAL_SYSTICK_Config
 .text.HAL_InitTick
                0x080018c0       0x58 build/stm32g0xx_hal.o
                0x080018c0                HAL_InitTick
 .text.HAL_Init
                0x08001918       0x28 build/stm32g0xx_hal.o
                0x08001918                HAL_Init
 .text.HAL_IncTick
                0x08001940       0x18 build/stm32g0xx_hal.o
                0x08001940                HAL_IncTick
 .text.HAL_GetTick
                0x08001958        0xc build/stm32g0xx_hal.o
                0x08001958                HAL_GetTick
 .text.HAL_Delay
                0x08001964       0x24 build/stm32g0xx_hal.o
                0x08001964                HAL_Delay
 .text.SPI_WaitFlagStateUntilTimeout
                0x08001988       0xe8 build/stm32g0xx_hal_spi.o
 .text.SPI_WaitFifoStateUntilTimeout
                0x08001a70      0x114 build/stm32g0xx_hal_spi.o
 .text.SPI_EndRxTxTransaction
                0x08001b84       0x68 build/stm32g0xx_hal_spi.o
 .text.HAL_SPI_Init
                0x08001bec      0x104 build/stm32g0xx_hal_spi.o
                0x08001bec                HAL_SPI_Init
 .text.HAL_SPI_Transmit
                0x08001cf0      0x1b6 build/stm32g0xx_hal_spi.o
                0x08001cf0                HAL_SPI_Transmit
 *fill*         0x08001ea6        0x2 
 .text.UART_EndRxTransfer
                0x08001ea8       0x64 build/stm32g0xx_hal_uart.o
 .text.UART_SetConfig
                0x08001f0c      0x1f0 build/stm32g0xx_hal_uart.o
                0x08001f0c                UART_SetConfig
 .text.UART_AdvFeatureConfig
                0x080020fc       0xe0 build/stm32g0xx_hal_uart.o
                0x080020fc                UART_AdvFeatureConfig
 .text.UART_WaitOnFlagUntilTimeout
                0x080021dc       0x9e build/stm32g0xx_hal_uart.o
                0x080021dc                UART_WaitOnFlagUntilTimeout
 .text.HAL_UART_Transmit
                0x0800227a       0xfc build/stm32g0xx_hal_uart.o
                0x0800227a                HAL_UART_Transmit
 *fill*         0x08002376        0x2 
 .text.UART_CheckIdleState
                0x08002378       0xd4 build/stm32g0xx_hal_uart.o
                0x08002378                UART_CheckIdleState
 .text.HAL_UART_Init
                0x0800244c       0x70 build/stm32g0xx_hal_uart.o
                0x0800244c                HAL_UART_Init
 .text.UARTEx_SetNbDataToProcess
                0x080024bc       0x50 build/stm32g0xx_hal_uart_ex.o
 .text.HAL_UARTEx_DisableFifoMode
                0x0800250c       0x40 build/stm32g0xx_hal_uart_ex.o
                0x0800250c                HAL_UARTEx_DisableFifoMode
 .text.HAL_UARTEx_SetTxFifoThreshold
                0x0800254c       0x4a build/stm32g0xx_hal_uart_ex.o
                0x0800254c                HAL_UARTEx_SetTxFifoThreshold
 *fill*         0x08002596        0x2 
 .text.HAL_UARTEx_SetRxFifoThreshold
                0x08002598       0x50 build/stm32g0xx_hal_uart_ex.o
                0x08002598                HAL_UARTEx_SetRxFifoThreshold
 .text.Reset_Handler
                0x080025e8       0x50 build/startup_stm32g070xx.o
                0x080025e8                Reset_Handler
 .text.Default_Handler
                0x08002638        0x2 build/startup_stm32g070xx.o
                0x08002638                TIM1_CC_IRQHandler
                0x08002638                TIM6_IRQHandler
                0x08002638                I2C1_IRQHandler
                0x08002638                RTC_TAMP_IRQHandler
                0x08002638                SPI1_IRQHandler
                0x08002638                USART3_4_IRQHandler
                0x08002638                EXTI2_3_IRQHandler
                0x08002638                ADC1_IRQHandler
                0x08002638                I2C2_IRQHandler
                0x08002638                TIM17_IRQHandler
                0x08002638                TIM16_IRQHandler
                0x08002638                TIM3_IRQHandler
                0x08002638                EXTI4_15_IRQHandler
                0x08002638                RCC_IRQHandler
                0x08002638                DMA1_Channel1_IRQHandler
                0x08002638                Default_Handler
                0x08002638                TIM14_IRQHandler
                0x08002638                TIM7_IRQHandler
                0x08002638                TIM15_IRQHandler
                0x08002638                EXTI0_1_IRQHandler
                0x08002638                SPI2_IRQHandler
                0x08002638                WWDG_IRQHandler
                0x08002638                DMA1_Ch4_7_DMAMUX1_OVR_IRQHandler
                0x08002638                DMA1_Channel2_3_IRQHandler
                0x08002638                USART2_IRQHandler
                0x08002638                FLASH_IRQHandler
                0x08002638                USART1_IRQHandler
                0x08002638                TIM1_BRK_UP_TRG_COM_IRQHandler
 *fill*         0x0800263a        0x2 
 .text.__errno  0x0800263c        0xc c:/dev/tools/gcc-arm-none-eabi-10.3-2021.10/bin/../lib/gcc/arm-none-eabi/10.3.1/../../../../arm-none-eabi/lib/thumb/v6-m/nofp\libc_nano.a(lib_a-errno.o)
                0x0800263c                __errno
 .text.__libc_init_array
                0x08002648       0x48 c:/dev/tools/gcc-arm-none-eabi-10.3-2021.10/bin/../lib/gcc/arm-none-eabi/10.3.1/../../../../arm-none-eabi/lib/thumb/v6-m/nofp\libc_nano.a(lib_a-init.o)
                0x08002648                __libc_init_array
 .text.memset   0x08002690       0x10 c:/dev/tools/gcc-arm-none-eabi-10.3-2021.10/bin/../lib/gcc/arm-none-eabi/10.3.1/../../../../arm-none-eabi/lib/thumb/v6-m/nofp\libc_nano.a(lib_a-memset.o)
                0x08002690                memset
 .text._puts_r  0x080026a0       0xe4 c:/dev/tools/gcc-arm-none-eabi-10.3-2021.10/bin/../lib/gcc/arm-none-eabi/10.3.1/../../../../arm-none-eabi/lib/thumb/v6-m/nofp\libc_nano.a(lib_a-puts.o)
                0x080026a0                _puts_r
 .text.puts     0x08002784       0x14 c:/dev/tools/gcc-arm-none-eabi-10.3-2021.10/bin/../lib/gcc/arm-none-eabi/10.3.1/../../../../arm-none-eabi/lib/thumb/v6-m/nofp\libc_nano.a(lib_a-puts.o)
                0x08002784                puts
 .text.__swbuf_r
                0x08002798       0xac c:/dev/tools/gcc-arm-none-eabi-10.3-2021.10/bin/../lib/gcc/arm-none-eabi/10.3.1/../../../../arm-none-eabi/lib/thumb/v6-m/nofp\libc_nano.a(lib_a-wbuf.o)
                0x08002798                __swbuf_r
 .text.__swsetup_r
                0x08002844       0xf0 c:/dev/tools/gcc-arm-none-eabi-10.3-2021.10/bin/../lib/gcc/arm-none-eabi/10.3.1/../../../../arm-none-eabi/lib/thumb/v6-m/nofp\libc_nano.a(lib_a-wsetup.o)
                0x08002844                __swsetup_r
 .text.__sflush_r
                0x08002934      0x118 c:/dev/tools/gcc-arm-none-eabi-10.3-2021.10/bin/../lib/gcc/arm-none-eabi/10.3.1/../../../../arm-none-eabi/lib/thumb/v6-m/nofp\libc_nano.a(lib_a-fflush.o)
                0x08002934                __sflush_r
 .text._fflush_r
                0x08002a4c       0x80 c:/dev/tools/gcc-arm-none-eabi-10.3-2021.10/bin/../lib/gcc/arm-none-eabi/10.3.1/../../../../arm-none-eabi/lib/thumb/v6-m/nofp\libc_nano.a(lib_a-fflush.o)
                0x08002a4c                _fflush_r
 .text.std      0x08002acc       0x48 c:/dev/tools/gcc-arm-none-eabi-10.3-2021.10/bin/../lib/gcc/arm-none-eabi/10.3.1/../../../../arm-none-eabi/lib/thumb/v6-m/nofp\libc_nano.a(lib_a-findfp.o)
 .text._cleanup_r
                0x08002b14       0x10 c:/dev/tools/gcc-arm-none-eabi-10.3-2021.10/bin/../lib/gcc/arm-none-eabi/10.3.1/../../../../arm-none-eabi/lib/thumb/v6-m/nofp\libc_nano.a(lib_a-findfp.o)
                0x08002b14                _cleanup_r
 .text.__sfmoreglue
                0x08002b24       0x2c c:/dev/tools/gcc-arm-none-eabi-10.3-2021.10/bin/../lib/gcc/arm-none-eabi/10.3.1/../../../../arm-none-eabi/lib/thumb/v6-m/nofp\libc_nano.a(lib_a-findfp.o)
                0x08002b24                __sfmoreglue
 .text.__sfp_lock_acquire
                0x08002b50       0x10 c:/dev/tools/gcc-arm-none-eabi-10.3-2021.10/bin/../lib/gcc/arm-none-eabi/10.3.1/../../../../arm-none-eabi/lib/thumb/v6-m/nofp\libc_nano.a(lib_a-findfp.o)
                0x08002b50                __sfp_lock_acquire
 .text.__sfp_lock_release
                0x08002b60       0x10 c:/dev/tools/gcc-arm-none-eabi-10.3-2021.10/bin/../lib/gcc/arm-none-eabi/10.3.1/../../../../arm-none-eabi/lib/thumb/v6-m/nofp\libc_nano.a(lib_a-findfp.o)
                0x08002b60                __sfp_lock_release
 .text.__sinit_lock_acquire
                0x08002b70       0x10 c:/dev/tools/gcc-arm-none-eabi-10.3-2021.10/bin/../lib/gcc/arm-none-eabi/10.3.1/../../../../arm-none-eabi/lib/thumb/v6-m/nofp\libc_nano.a(lib_a-findfp.o)
                0x08002b70                __sinit_lock_acquire
 .text.__sinit_lock_release
                0x08002b80       0x10 c:/dev/tools/gcc-arm-none-eabi-10.3-2021.10/bin/../lib/gcc/arm-none-eabi/10.3.1/../../../../arm-none-eabi/lib/thumb/v6-m/nofp\libc_nano.a(lib_a-findfp.o)
                0x08002b80                __sinit_lock_release
 .text.__sinit  0x08002b90       0x70 c:/dev/tools/gcc-arm-none-eabi-10.3-2021.10/bin/../lib/gcc/arm-none-eabi/10.3.1/../../../../arm-none-eabi/lib/thumb/v6-m/nofp\libc_nano.a(lib_a-findfp.o)
                0x08002b90                __sinit
 .text.__sfp    0x08002c00       0x90 c:/dev/tools/gcc-arm-none-eabi-10.3-2021.10/bin/../lib/gcc/arm-none-eabi/10.3.1/../../../../arm-none-eabi/lib/thumb/v6-m/nofp\libc_nano.a(lib_a-findfp.o)
                0x08002c00                __sfp
 .text._fwalk_reent
                0x08002c90       0x40 c:/dev/tools/gcc-arm-none-eabi-10.3-2021.10/bin/../lib/gcc/arm-none-eabi/10.3.1/../../../../arm-none-eabi/lib/thumb/v6-m/nofp\libc_nano.a(lib_a-fwalk.o)
                0x08002c90                _fwalk_reent
 .text.__retarget_lock_init_recursive
                0x08002cd0        0x2 c:/dev/tools/gcc-arm-none-eabi-10.3-2021.10/bin/../lib/gcc/arm-none-eabi/10.3.1/../../../../arm-none-eabi/lib/thumb/v6-m/nofp\libc_nano.a(lib_a-lock.o)
                0x08002cd0                __retarget_lock_init_recursive
 .text.__retarget_lock_acquire_recursive
                0x08002cd2        0x2 c:/dev/tools/gcc-arm-none-eabi-10.3-2021.10/bin/../lib/gcc/arm-none-eabi/10.3.1/../../../../arm-none-eabi/lib/thumb/v6-m/nofp\libc_nano.a(lib_a-lock.o)
                0x08002cd2                __retarget_lock_acquire_recursive
 .text.__retarget_lock_release_recursive
                0x08002cd4        0x2 c:/dev/tools/gcc-arm-none-eabi-10.3-2021.10/bin/../lib/gcc/arm-none-eabi/10.3.1/../../../../arm-none-eabi/lib/thumb/v6-m/nofp\libc_nano.a(lib_a-lock.o)
                0x08002cd4                __retarget_lock_release_recursive
 *fill*         0x08002cd6        0x2 
 .text.__swhatbuf_r
                0x08002cd8       0x50 c:/dev/tools/gcc-arm-none-eabi-10.3-2021.10/bin/../lib/gcc/arm-none-eabi/10.3.1/../../../../arm-none-eabi/lib/thumb/v6-m/nofp\libc_nano.a(lib_a-makebuf.o)
                0x08002cd8                __swhatbuf_r
 .text.__smakebuf_r
                0x08002d28       0x88 c:/dev/tools/gcc-arm-none-eabi-10.3-2021.10/bin/../lib/gcc/arm-none-eabi/10.3.1/../../../../arm-none-eabi/lib/thumb/v6-m/nofp\libc_nano.a(lib_a-makebuf.o)
                0x08002d28                __smakebuf_r
 .text._free_r  0x08002db0       0x94 c:/dev/tools/gcc-arm-none-eabi-10.3-2021.10/bin/../lib/gcc/arm-none-eabi/10.3.1/../../../../arm-none-eabi/lib/thumb/v6-m/nofp\libc_nano.a(lib_a-nano-freer.o)
                0x08002db0                _free_r
 .text.sbrk_aligned
                0x08002e44       0x44 c:/dev/tools/gcc-arm-none-eabi-10.3-2021.10/bin/../lib/gcc/arm-none-eabi/10.3.1/../../../../arm-none-eabi/lib/thumb/v6-m/nofp\libc_nano.a(lib_a-nano-mallocr.o)
 .text._malloc_r
                0x08002e88       0xec c:/dev/tools/gcc-arm-none-eabi-10.3-2021.10/bin/../lib/gcc/arm-none-eabi/10.3.1/../../../../arm-none-eabi/lib/thumb/v6-m/nofp\libc_nano.a(lib_a-nano-mallocr.o)
                0x08002e88                _malloc_r
 .text._sbrk_r  0x08002f74       0x24 c:/dev/tools/gcc-arm-none-eabi-10.3-2021.10/bin/../lib/gcc/arm-none-eabi/10.3.1/../../../../arm-none-eabi/lib/thumb/v6-m/nofp\libc_nano.a(lib_a-sbrkr.o)
                0x08002f74                _sbrk_r
 .text.__sread  0x08002f98       0x28 c:/dev/tools/gcc-arm-none-eabi-10.3-2021.10/bin/../lib/gcc/arm-none-eabi/10.3.1/../../../../arm-none-eabi/lib/thumb/v6-m/nofp\libc_nano.a(lib_a-stdio.o)
                0x08002f98                __sread
 .text.__swrite
                0x08002fc0       0x38 c:/dev/tools/gcc-arm-none-eabi-10.3-2021.10/bin/../lib/gcc/arm-none-eabi/10.3.1/../../../../arm-none-eabi/lib/thumb/v6-m/nofp\libc_nano.a(lib_a-stdio.o)
                0x08002fc0                __swrite
 .text.__sseek  0x08002ff8       0x2c c:/dev/tools/gcc-arm-none-eabi-10.3-2021.10/bin/../lib/gcc/arm-none-eabi/10.3.1/../../../../arm-none-eabi/lib/thumb/v6-m/nofp\libc_nano.a(lib_a-stdio.o)
                0x08002ff8                __sseek
 .text.__sclose
                0x08003024        0xc c:/dev/tools/gcc-arm-none-eabi-10.3-2021.10/bin/../lib/gcc/arm-none-eabi/10.3.1/../../../../arm-none-eabi/lib/thumb/v6-m/nofp\libc_nano.a(lib_a-stdio.o)
                0x08003024                __sclose
 .text._write_r
                0x08003030       0x28 c:/dev/tools/gcc-arm-none-eabi-10.3-2021.10/bin/../lib/gcc/arm-none-eabi/10.3.1/../../../../arm-none-eabi/lib/thumb/v6-m/nofp\libc_nano.a(lib_a-writer.o)
                0x08003030                _write_r
 .text._close_r
                0x08003058       0x24 c:/dev/tools/gcc-arm-none-eabi-10.3-2021.10/bin/../lib/gcc/arm-none-eabi/10.3.1/../../../../arm-none-eabi/lib/thumb/v6-m/nofp\libc_nano.a(lib_a-closer.o)
                0x08003058                _close_r
 .text._fstat_r
                0x0800307c       0x24 c:/dev/tools/gcc-arm-none-eabi-10.3-2021.10/bin/../lib/gcc/arm-none-eabi/10.3.1/../../../../arm-none-eabi/lib/thumb/v6-m/nofp\libc_nano.a(lib_a-fstatr.o)
                0x0800307c                _fstat_r
 .text._isatty_r
                0x080030a0       0x24 c:/dev/tools/gcc-arm-none-eabi-10.3-2021.10/bin/../lib/gcc/arm-none-eabi/10.3.1/../../../../arm-none-eabi/lib/thumb/v6-m/nofp\libc_nano.a(lib_a-isattyr.o)
                0x080030a0                _isatty_r
 .text._lseek_r
                0x080030c4       0x28 c:/dev/tools/gcc-arm-none-eabi-10.3-2021.10/bin/../lib/gcc/arm-none-eabi/10.3.1/../../../../arm-none-eabi/lib/thumb/v6-m/nofp\libc_nano.a(lib_a-lseekr.o)
                0x080030c4                _lseek_r
 .text.__malloc_lock
                0x080030ec       0x10 c:/dev/tools/gcc-arm-none-eabi-10.3-2021.10/bin/../lib/gcc/arm-none-eabi/10.3.1/../../../../arm-none-eabi/lib/thumb/v6-m/nofp\libc_nano.a(lib_a-mlock.o)
                0x080030ec                __malloc_lock
 .text.__malloc_unlock
                0x080030fc       0x10 c:/dev/tools/gcc-arm-none-eabi-10.3-2021.10/bin/../lib/gcc/arm-none-eabi/10.3.1/../../../../arm-none-eabi/lib/thumb/v6-m/nofp\libc_nano.a(lib_a-mlock.o)
                0x080030fc                __malloc_unlock
 .text._read_r  0x0800310c       0x28 c:/dev/tools/gcc-arm-none-eabi-10.3-2021.10/bin/../lib/gcc/arm-none-eabi/10.3.1/../../../../arm-none-eabi/lib/thumb/v6-m/nofp\libc_nano.a(lib_a-readr.o)
                0x0800310c                _read_r
 *(.glue_7)
 .glue_7        0x08003134        0x0 linker stubs
 *(.glue_7t)
 .glue_7t       0x08003134        0x0 linker stubs
 *(.eh_frame)
 .eh_frame      0x08003134        0x0 c:/dev/tools/gcc-arm-none-eabi-10.3-2021.10/bin/../lib/gcc/arm-none-eabi/10.3.1/thumb/v6-m/nofp/crtbegin.o
 *(.init)
 .init          0x08003134        0x4 c:/dev/tools/gcc-arm-none-eabi-10.3-2021.10/bin/../lib/gcc/arm-none-eabi/10.3.1/thumb/v6-m/nofp/crti.o
                0x08003134                _init
 .init          0x08003138        0x8 c:/dev/tools/gcc-arm-none-eabi-10.3-2021.10/bin/../lib/gcc/arm-none-eabi/10.3.1/thumb/v6-m/nofp/crtn.o
 *(.fini)
 .fini          0x08003140        0x4 c:/dev/tools/gcc-arm-none-eabi-10.3-2021.10/bin/../lib/gcc/arm-none-eabi/10.3.1/thumb/v6-m/nofp/crti.o
                0x08003140                _fini
 .fini          0x08003144        0x8 c:/dev/tools/gcc-arm-none-eabi-10.3-2021.10/bin/../lib/gcc/arm-none-eabi/10.3.1/thumb/v6-m/nofp/crtn.o
                0x0800314c                . = ALIGN (0x4)
                0x0800314c                _etext = .

.vfp11_veneer   0x0800314c        0x0
 .vfp11_veneer  0x0800314c        0x0 linker stubs

.v4_bx          0x0800314c        0x0
 .v4_bx         0x0800314c        0x0 linker stubs

.iplt           0x0800314c        0x0
 .iplt          0x0800314c        0x0 c:/dev/tools/gcc-arm-none-eabi-10.3-2021.10/bin/../lib/gcc/arm-none-eabi/10.3.1/thumb/v6-m/nofp/crtbegin.o

.rodata         0x0800314c       0xf8
                0x0800314c                . = ALIGN (0x4)
 *(.rodata)
 *(.rodata*)
 .rodata.main.str1.4
                0x0800314c        0xc build/main.o
 .rodata.AHBPrescTable
                0x08003158       0x40 build/system_stm32g0xx.o
                0x08003158                AHBPrescTable
 .rodata.APBPrescTable
                0x08003198       0x20 build/system_stm32g0xx.o
                0x08003198                APBPrescTable
 .rodata.UARTPrescTable
                0x080031b8       0x18 build/stm32g0xx_hal_uart.o
                0x080031b8                UARTPrescTable
 .rodata.denominator.0
                0x080031d0        0x8 build/stm32g0xx_hal_uart_ex.o
 .rodata.numerator.1
                0x080031d8        0x8 build/stm32g0xx_hal_uart_ex.o
 .rodata._global_impure_ptr
                0x080031e0        0x4 c:/dev/tools/gcc-arm-none-eabi-10.3-2021.10/bin/../lib/gcc/arm-none-eabi/10.3.1/../../../../arm-none-eabi/lib/thumb/v6-m/nofp\libc_nano.a(lib_a-impure.o)
                0x080031e0                _global_impure_ptr
 .rodata.__sf_fake_stderr
                0x080031e4       0x20 c:/dev/tools/gcc-arm-none-eabi-10.3-2021.10/bin/../lib/gcc/arm-none-eabi/10.3.1/../../../../arm-none-eabi/lib/thumb/v6-m/nofp\libc_nano.a(lib_a-findfp.o)
                0x080031e4                __sf_fake_stderr
 .rodata.__sf_fake_stdin
                0x08003204       0x20 c:/dev/tools/gcc-arm-none-eabi-10.3-2021.10/bin/../lib/gcc/arm-none-eabi/10.3.1/../../../../arm-none-eabi/lib/thumb/v6-m/nofp\libc_nano.a(lib_a-findfp.o)
                0x08003204                __sf_fake_stdin
 .rodata.__sf_fake_stdout
                0x08003224       0x20 c:/dev/tools/gcc-arm-none-eabi-10.3-2021.10/bin/../lib/gcc/arm-none-eabi/10.3.1/../../../../arm-none-eabi/lib/thumb/v6-m/nofp\libc_nano.a(lib_a-findfp.o)
                0x08003224                __sf_fake_stdout
                0x08003244                . = ALIGN (0x4)

.rel.dyn        0x08003244        0x0
 .rel.iplt      0x08003244        0x0 c:/dev/tools/gcc-arm-none-eabi-10.3-2021.10/bin/../lib/gcc/arm-none-eabi/10.3.1/thumb/v6-m/nofp/crtbegin.o

.ARM.extab
 *(.ARM.extab* .gnu.linkonce.armextab.*)

.ARM            0x08003244        0x0
                0x08003244                __exidx_start = .
 *(.ARM.exidx*)
                0x08003244                __exidx_end = .

.preinit_array  0x08003244        0x0
                0x08003244                PROVIDE (__preinit_array_start = .)
 *(.preinit_array*)
                0x08003244                PROVIDE (__preinit_array_end = .)

.init_array     0x08003244        0x4
                0x08003244                PROVIDE (__init_array_start = .)
 *(SORT_BY_NAME(.init_array.*))
 *(.init_array*)
 .init_array    0x08003244        0x4 c:/dev/tools/gcc-arm-none-eabi-10.3-2021.10/bin/../lib/gcc/arm-none-eabi/10.3.1/thumb/v6-m/nofp/crtbegin.o
                0x08003248                PROVIDE (__init_array_end = .)

.fini_array     0x08003248        0x4
                [!provide]                PROVIDE (__fini_array_start = .)
 *(SORT_BY_NAME(.fini_array.*))
 *(.fini_array*)
 .fini_array    0x08003248        0x4 c:/dev/tools/gcc-arm-none-eabi-10.3-2021.10/bin/../lib/gcc/arm-none-eabi/10.3.1/thumb/v6-m/nofp/crtbegin.o
                [!provide]                PROVIDE (__fini_array_end = .)
                0x0800324c                _sidata = LOADADDR (.data)

.data           0x20000000       0x74 load address 0x0800324c
                0x20000000                . = ALIGN (0x4)
                0x20000000                _sdata = .
 *(.data)
 *(.data*)
 .data.spi_tx_buffer
                0x20000000        0x1 build/main.o
                0x20000000                spi_tx_buffer
 *fill*         0x20000001        0x3 
 .data.SystemCoreClock
                0x20000004        0x4 build/system_stm32g0xx.o
                0x20000004                SystemCoreClock
 .data.uwTickFreq
                0x20000008        0x1 build/stm32g0xx_hal.o
                0x20000008                uwTickFreq
 *fill*         0x20000009        0x3 
 .data.uwTickPrio
                0x2000000c        0x4 build/stm32g0xx_hal.o
                0x2000000c                uwTickPrio
 .data._impure_ptr
                0x20000010        0x4 c:/dev/tools/gcc-arm-none-eabi-10.3-2021.10/bin/../lib/gcc/arm-none-eabi/10.3.1/../../../../arm-none-eabi/lib/thumb/v6-m/nofp\libc_nano.a(lib_a-impure.o)
                0x20000010                _impure_ptr
 .data.impure_data
                0x20000014       0x60 c:/dev/tools/gcc-arm-none-eabi-10.3-2021.10/bin/../lib/gcc/arm-none-eabi/10.3.1/../../../../arm-none-eabi/lib/thumb/v6-m/nofp\libc_nano.a(lib_a-impure.o)
                0x20000074                . = ALIGN (0x4)
                0x20000074                _edata = .

.igot.plt       0x20000074        0x0 load address 0x080032c0
 .igot.plt      0x20000074        0x0 c:/dev/tools/gcc-arm-none-eabi-10.3-2021.10/bin/../lib/gcc/arm-none-eabi/10.3.1/thumb/v6-m/nofp/crtbegin.o
                0x20000074                . = ALIGN (0x4)

.bss            0x20000074      0x190 load address 0x080032c0
                0x20000074                _sbss = .
                0x20000074                __bss_start__ = _sbss
 *(.bss)
 .bss           0x20000074       0x1c c:/dev/tools/gcc-arm-none-eabi-10.3-2021.10/bin/../lib/gcc/arm-none-eabi/10.3.1/thumb/v6-m/nofp/crtbegin.o
 *(.bss*)
 .bss.hadc1     0x20000090       0x64 build/main.o
                0x20000090                hadc1
 .bss.hspi2     0x200000f4       0x64 build/main.o
                0x200000f4                hspi2
 .bss.huart2    0x20000158       0x94 build/main.o
                0x20000158                huart2
 .bss.__sbrk_heap_end
                0x200001ec        0x4 build/sysmem.o
 .bss.uwTick    0x200001f0        0x4 build/stm32g0xx_hal.o
                0x200001f0                uwTick
 .bss.__lock___malloc_recursive_mutex
                0x200001f4        0x1 c:/dev/tools/gcc-arm-none-eabi-10.3-2021.10/bin/../lib/gcc/arm-none-eabi/10.3.1/../../../../arm-none-eabi/lib/thumb/v6-m/nofp\libc_nano.a(lib_a-lock.o)
                0x200001f4                __lock___malloc_recursive_mutex
 .bss.__lock___sfp_recursive_mutex
                0x200001f5        0x1 c:/dev/tools/gcc-arm-none-eabi-10.3-2021.10/bin/../lib/gcc/arm-none-eabi/10.3.1/../../../../arm-none-eabi/lib/thumb/v6-m/nofp\libc_nano.a(lib_a-lock.o)
                0x200001f5                __lock___sfp_recursive_mutex
 .bss.__lock___sinit_recursive_mutex
                0x200001f6        0x1 c:/dev/tools/gcc-arm-none-eabi-10.3-2021.10/bin/../lib/gcc/arm-none-eabi/10.3.1/../../../../arm-none-eabi/lib/thumb/v6-m/nofp\libc_nano.a(lib_a-lock.o)
                0x200001f6                __lock___sinit_recursive_mutex
 *fill*         0x200001f7        0x1 
 .bss.__malloc_free_list
                0x200001f8        0x4 c:/dev/tools/gcc-arm-none-eabi-10.3-2021.10/bin/../lib/gcc/arm-none-eabi/10.3.1/../../../../arm-none-eabi/lib/thumb/v6-m/nofp\libc_nano.a(lib_a-nano-mallocr.o)
                0x200001f8                __malloc_free_list
 .bss.__malloc_sbrk_start
                0x200001fc        0x4 c:/dev/tools/gcc-arm-none-eabi-10.3-2021.10/bin/../lib/gcc/arm-none-eabi/10.3.1/../../../../arm-none-eabi/lib/thumb/v6-m/nofp\libc_nano.a(lib_a-nano-mallocr.o)
                0x200001fc                __malloc_sbrk_start
 .bss.errno     0x20000200        0x4 c:/dev/tools/gcc-arm-none-eabi-10.3-2021.10/bin/../lib/gcc/arm-none-eabi/10.3.1/../../../../arm-none-eabi/lib/thumb/v6-m/nofp\libc_nano.a(lib_a-reent.o)
                0x20000200                errno
 *(COMMON)
                0x20000204                . = ALIGN (0x4)
                0x20000204                _ebss = .
                0x20000204                __bss_end__ = _ebss

._user_heap_stack
                0x20000204      0x604 load address 0x080032c0
                0x20000208                . = ALIGN (0x8)
 *fill*         0x20000204        0x4 
                [!provide]                PROVIDE (end = .)
                0x20000208                PROVIDE (_end = .)
                0x20000408                . = (. + _Min_Heap_Size)
 *fill*         0x20000208      0x200 
                0x20000808                . = (. + _Min_Stack_Size)
 *fill*         0x20000408      0x400 
                0x20000808                . = ALIGN (0x8)

/DISCARD/
 libc.a(*)
 libm.a(*)
 libgcc.a(*)

.ARM.attributes
                0x00000000       0x28
 *(.ARM.attributes)
 .ARM.attributes
                0x00000000       0x1e c:/dev/tools/gcc-arm-none-eabi-10.3-2021.10/bin/../lib/gcc/arm-none-eabi/10.3.1/thumb/v6-m/nofp/crti.o
 .ARM.attributes
                0x0000001e       0x2c c:/dev/tools/gcc-arm-none-eabi-10.3-2021.10/bin/../lib/gcc/arm-none-eabi/10.3.1/thumb/v6-m/nofp/crtbegin.o
 .ARM.attributes
                0x0000004a       0x2c build/main.o
 .ARM.attributes
                0x00000076       0x2c build/stm32g0xx_it.o
 .ARM.attributes
                0x000000a2       0x2c build/stm32g0xx_hal_msp.o
 .ARM.attributes
                0x000000ce       0x2c build/system_stm32g0xx.o
 .ARM.attributes
                0x000000fa       0x2c build/sysmem.o
 .ARM.attributes
                0x00000126       0x2c build/syscalls.o
 .ARM.attributes
                0x00000152       0x2c build/stm32g0xx_hal_adc.o
 .ARM.attributes
                0x0000017e       0x2c build/stm32g0xx_hal_rcc.o
 .ARM.attributes
                0x000001aa       0x2c build/stm32g0xx_hal_rcc_ex.o
 .ARM.attributes
                0x000001d6       0x2c build/stm32g0xx_hal_gpio.o
 .ARM.attributes
                0x00000202       0x2c build/stm32g0xx_hal_pwr_ex.o
 .ARM.attributes
                0x0000022e       0x2c build/stm32g0xx_hal_cortex.o
 .ARM.attributes
                0x0000025a       0x2c build/stm32g0xx_hal.o
 .ARM.attributes
                0x00000286       0x2c build/stm32g0xx_hal_spi.o
 .ARM.attributes
                0x000002b2       0x2c build/stm32g0xx_hal_uart.o
 .ARM.attributes
                0x000002de       0x2c build/stm32g0xx_hal_uart_ex.o
 .ARM.attributes
                0x0000030a       0x22 build/startup_stm32g070xx.o
 .ARM.attributes
                0x0000032c       0x2c c:/dev/tools/gcc-arm-none-eabi-10.3-2021.10/bin/../lib/gcc/arm-none-eabi/10.3.1/../../../../arm-none-eabi/lib/thumb/v6-m/nofp\libc_nano.a(lib_a-errno.o)
 .ARM.attributes
                0x00000358       0x2c c:/dev/tools/gcc-arm-none-eabi-10.3-2021.10/bin/../lib/gcc/arm-none-eabi/10.3.1/../../../../arm-none-eabi/lib/thumb/v6-m/nofp\libc_nano.a(lib_a-impure.o)
 .ARM.attributes
                0x00000384       0x2c c:/dev/tools/gcc-arm-none-eabi-10.3-2021.10/bin/../lib/gcc/arm-none-eabi/10.3.1/../../../../arm-none-eabi/lib/thumb/v6-m/nofp\libc_nano.a(lib_a-init.o)
 .ARM.attributes
                0x000003b0       0x2c c:/dev/tools/gcc-arm-none-eabi-10.3-2021.10/bin/../lib/gcc/arm-none-eabi/10.3.1/../../../../arm-none-eabi/lib/thumb/v6-m/nofp\libc_nano.a(lib_a-memset.o)
 .ARM.attributes
                0x000003dc       0x2c c:/dev/tools/gcc-arm-none-eabi-10.3-2021.10/bin/../lib/gcc/arm-none-eabi/10.3.1/../../../../arm-none-eabi/lib/thumb/v6-m/nofp\libc_nano.a(lib_a-puts.o)
 .ARM.attributes
                0x00000408       0x2c c:/dev/tools/gcc-arm-none-eabi-10.3-2021.10/bin/../lib/gcc/arm-none-eabi/10.3.1/../../../../arm-none-eabi/lib/thumb/v6-m/nofp\libc_nano.a(lib_a-wbuf.o)
 .ARM.attributes
                0x00000434       0x2c c:/dev/tools/gcc-arm-none-eabi-10.3-2021.10/bin/../lib/gcc/arm-none-eabi/10.3.1/../../../../arm-none-eabi/lib/thumb/v6-m/nofp\libc_nano.a(lib_a-wsetup.o)
 .ARM.attributes
                0x00000460       0x2c c:/dev/tools/gcc-arm-none-eabi-10.3-2021.10/bin/../lib/gcc/arm-none-eabi/10.3.1/../../../../arm-none-eabi/lib/thumb/v6-m/nofp\libc_nano.a(lib_a-fflush.o)
 .ARM.attributes
                0x0000048c       0x2c c:/dev/tools/gcc-arm-none-eabi-10.3-2021.10/bin/../lib/gcc/arm-none-eabi/10.3.1/../../../../arm-none-eabi/lib/thumb/v6-m/nofp\libc_nano.a(lib_a-findfp.o)
 .ARM.attributes
                0x000004b8       0x2c c:/dev/tools/gcc-arm-none-eabi-10.3-2021.10/bin/../lib/gcc/arm-none-eabi/10.3.1/../../../../arm-none-eabi/lib/thumb/v6-m/nofp\libc_nano.a(lib_a-fwalk.o)
 .ARM.attributes
                0x000004e4       0x2c c:/dev/tools/gcc-arm-none-eabi-10.3-2021.10/bin/../lib/gcc/arm-none-eabi/10.3.1/../../../../arm-none-eabi/lib/thumb/v6-m/nofp\libc_nano.a(lib_a-lock.o)
 .ARM.attributes
                0x00000510       0x2c c:/dev/tools/gcc-arm-none-eabi-10.3-2021.10/bin/../lib/gcc/arm-none-eabi/10.3.1/../../../../arm-none-eabi/lib/thumb/v6-m/nofp\libc_nano.a(lib_a-makebuf.o)
 .ARM.attributes
                0x0000053c       0x2c c:/dev/tools/gcc-arm-none-eabi-10.3-2021.10/bin/../lib/gcc/arm-none-eabi/10.3.1/../../../../arm-none-eabi/lib/thumb/v6-m/nofp\libc_nano.a(lib_a-nano-freer.o)
 .ARM.attributes
                0x00000568       0x2c c:/dev/tools/gcc-arm-none-eabi-10.3-2021.10/bin/../lib/gcc/arm-none-eabi/10.3.1/../../../../arm-none-eabi/lib/thumb/v6-m/nofp\libc_nano.a(lib_a-nano-mallocr.o)
 .ARM.attributes
                0x00000594       0x2c c:/dev/tools/gcc-arm-none-eabi-10.3-2021.10/bin/../lib/gcc/arm-none-eabi/10.3.1/../../../../arm-none-eabi/lib/thumb/v6-m/nofp\libc_nano.a(lib_a-sbrkr.o)
 .ARM.attributes
                0x000005c0       0x2c c:/dev/tools/gcc-arm-none-eabi-10.3-2021.10/bin/../lib/gcc/arm-none-eabi/10.3.1/../../../../arm-none-eabi/lib/thumb/v6-m/nofp\libc_nano.a(lib_a-stdio.o)
 .ARM.attributes
                0x000005ec       0x2c c:/dev/tools/gcc-arm-none-eabi-10.3-2021.10/bin/../lib/gcc/arm-none-eabi/10.3.1/../../../../arm-none-eabi/lib/thumb/v6-m/nofp\libc_nano.a(lib_a-writer.o)
 .ARM.attributes
                0x00000618       0x2c c:/dev/tools/gcc-arm-none-eabi-10.3-2021.10/bin/../lib/gcc/arm-none-eabi/10.3.1/../../../../arm-none-eabi/lib/thumb/v6-m/nofp\libc_nano.a(lib_a-closer.o)
 .ARM.attributes
                0x00000644       0x2c c:/dev/tools/gcc-arm-none-eabi-10.3-2021.10/bin/../lib/gcc/arm-none-eabi/10.3.1/../../../../arm-none-eabi/lib/thumb/v6-m/nofp\libc_nano.a(lib_a-fstatr.o)
 .ARM.attributes
                0x00000670       0x2c c:/dev/tools/gcc-arm-none-eabi-10.3-2021.10/bin/../lib/gcc/arm-none-eabi/10.3.1/../../../../arm-none-eabi/lib/thumb/v6-m/nofp\libc_nano.a(lib_a-isattyr.o)
 .ARM.attributes
                0x0000069c       0x2c c:/dev/tools/gcc-arm-none-eabi-10.3-2021.10/bin/../lib/gcc/arm-none-eabi/10.3.1/../../../../arm-none-eabi/lib/thumb/v6-m/nofp\libc_nano.a(lib_a-lseekr.o)
 .ARM.attributes
                0x000006c8       0x2c c:/dev/tools/gcc-arm-none-eabi-10.3-2021.10/bin/../lib/gcc/arm-none-eabi/10.3.1/../../../../arm-none-eabi/lib/thumb/v6-m/nofp\libc_nano.a(lib_a-mlock.o)
 .ARM.attributes
                0x000006f4       0x2c c:/dev/tools/gcc-arm-none-eabi-10.3-2021.10/bin/../lib/gcc/arm-none-eabi/10.3.1/../../../../arm-none-eabi/lib/thumb/v6-m/nofp\libc_nano.a(lib_a-readr.o)
 .ARM.attributes
                0x00000720       0x2c c:/dev/tools/gcc-arm-none-eabi-10.3-2021.10/bin/../lib/gcc/arm-none-eabi/10.3.1/../../../../arm-none-eabi/lib/thumb/v6-m/nofp\libc_nano.a(lib_a-reent.o)
 .ARM.attributes
                0x0000074c       0x1e c:/dev/tools/gcc-arm-none-eabi-10.3-2021.10/bin/../lib/gcc/arm-none-eabi/10.3.1/thumb/v6-m/nofp\libgcc.a(_udivsi3.o)
 .ARM.attributes
                0x0000076a       0x1e c:/dev/tools/gcc-arm-none-eabi-10.3-2021.10/bin/../lib/gcc/arm-none-eabi/10.3.1/thumb/v6-m/nofp\libgcc.a(_divsi3.o)
 .ARM.attributes
                0x00000788       0x1e c:/dev/tools/gcc-arm-none-eabi-10.3-2021.10/bin/../lib/gcc/arm-none-eabi/10.3.1/thumb/v6-m/nofp\libgcc.a(_dvmd_tls.o)
 .ARM.attributes
                0x000007a6       0x1e c:/dev/tools/gcc-arm-none-eabi-10.3-2021.10/bin/../lib/gcc/arm-none-eabi/10.3.1/thumb/v6-m/nofp/crtn.o
OUTPUT(build/SPI_G070RB.elf elf32-littlearm)
LOAD linker stubs
LOAD c:/dev/tools/gcc-arm-none-eabi-10.3-2021.10/bin/../lib/gcc/arm-none-eabi/10.3.1/../../../../arm-none-eabi/lib/thumb/v6-m/nofp\libc.a
LOAD c:/dev/tools/gcc-arm-none-eabi-10.3-2021.10/bin/../lib/gcc/arm-none-eabi/10.3.1/../../../../arm-none-eabi/lib/thumb/v6-m/nofp\libm.a
LOAD c:/dev/tools/gcc-arm-none-eabi-10.3-2021.10/bin/../lib/gcc/arm-none-eabi/10.3.1/thumb/v6-m/nofp\libgcc.a

.debug_info     0x00000000    0x13da3
 .debug_info    0x00000000     0x1b02 build/main.o
 .debug_info    0x00001b02      0x149 build/stm32g0xx_it.o
 .debug_info    0x00001c4b     0x16dc build/stm32g0xx_hal_msp.o
 .debug_info    0x00003327      0x3d4 build/system_stm32g0xx.o
 .debug_info    0x000036fb      0x18d build/sysmem.o
 .debug_info    0x00003888      0x835 build/syscalls.o
 .debug_info    0x000040bd     0x2522 build/stm32g0xx_hal_adc.o
 .debug_info    0x000065df      0xe60 build/stm32g0xx_hal_rcc.o
 .debug_info    0x0000743f      0x9a6 build/stm32g0xx_hal_rcc_ex.o
 .debug_info    0x00007de5      0x693 build/stm32g0xx_hal_gpio.o
 .debug_info    0x00008478      0x5ca build/stm32g0xx_hal_pwr_ex.o
 .debug_info    0x00008a42      0xb40 build/stm32g0xx_hal_cortex.o
 .debug_info    0x00009582      0xab4 build/stm32g0xx_hal.o
 .debug_info    0x0000a036     0x242f build/stm32g0xx_hal_spi.o
 .debug_info    0x0000c465     0x65b8 build/stm32g0xx_hal_uart.o
 .debug_info    0x00012a1d     0x1364 build/stm32g0xx_hal_uart_ex.o
 .debug_info    0x00013d81       0x22 build/startup_stm32g070xx.o

.debug_abbrev   0x00000000     0x2579
 .debug_abbrev  0x00000000      0x300 build/main.o
 .debug_abbrev  0x00000300       0xba build/stm32g0xx_it.o
 .debug_abbrev  0x000003ba      0x229 build/stm32g0xx_hal_msp.o
 .debug_abbrev  0x000005e3      0x145 build/system_stm32g0xx.o
 .debug_abbrev  0x00000728       0xea build/sysmem.o
 .debug_abbrev  0x00000812      0x1c4 build/syscalls.o
 .debug_abbrev  0x000009d6      0x307 build/stm32g0xx_hal_adc.o
 .debug_abbrev  0x00000cdd      0x2d8 build/stm32g0xx_hal_rcc.o
 .debug_abbrev  0x00000fb5      0x26e build/stm32g0xx_hal_rcc_ex.o
 .debug_abbrev  0x00001223      0x239 build/stm32g0xx_hal_gpio.o
 .debug_abbrev  0x0000145c      0x219 build/stm32g0xx_hal_pwr_ex.o
 .debug_abbrev  0x00001675      0x2c7 build/stm32g0xx_hal_cortex.o
 .debug_abbrev  0x0000193c      0x2bc build/stm32g0xx_hal.o
 .debug_abbrev  0x00001bf8      0x2bd build/stm32g0xx_hal_spi.o
 .debug_abbrev  0x00001eb5      0x35e build/stm32g0xx_hal_uart.o
 .debug_abbrev  0x00002213      0x354 build/stm32g0xx_hal_uart_ex.o
 .debug_abbrev  0x00002567       0x12 build/startup_stm32g070xx.o

.debug_loc      0x00000000     0xc9b6
 .debug_loc     0x00000000      0x204 build/main.o
 .debug_loc     0x00000204       0x20 build/stm32g0xx_it.o
 .debug_loc     0x00000224      0x299 build/stm32g0xx_hal_msp.o
 .debug_loc     0x000004bd       0xc9 build/system_stm32g0xx.o
 .debug_loc     0x00000586       0xb3 build/sysmem.o
 .debug_loc     0x00000639      0x510 build/syscalls.o
 .debug_loc     0x00000b49     0x1cb9 build/stm32g0xx_hal_adc.o
 .debug_loc     0x00002802      0x884 build/stm32g0xx_hal_rcc.o
 .debug_loc     0x00003086      0x863 build/stm32g0xx_hal_rcc_ex.o
 .debug_loc     0x000038e9      0x433 build/stm32g0xx_hal_gpio.o
 .debug_loc     0x00003d1c      0x320 build/stm32g0xx_hal_pwr_ex.o
 .debug_loc     0x0000403c      0x498 build/stm32g0xx_hal_cortex.o
 .debug_loc     0x000044d4      0x25d build/stm32g0xx_hal.o
 .debug_loc     0x00004731     0x276f build/stm32g0xx_hal_spi.o
 .debug_loc     0x00006ea0     0x4cd3 build/stm32g0xx_hal_uart.o
 .debug_loc     0x0000bb73      0xe43 build/stm32g0xx_hal_uart_ex.o

.debug_aranges  0x00000000      0xb38
 .debug_aranges
                0x00000000       0x68 build/main.o
 .debug_aranges
                0x00000068       0x40 build/stm32g0xx_it.o
 .debug_aranges
                0x000000a8       0x50 build/stm32g0xx_hal_msp.o
 .debug_aranges
                0x000000f8       0x28 build/system_stm32g0xx.o
 .debug_aranges
                0x00000120       0x20 build/sysmem.o
 .debug_aranges
                0x00000140       0xa8 build/syscalls.o
 .debug_aranges
                0x000001e8       0xf8 build/stm32g0xx_hal_adc.o
 .debug_aranges
                0x000002e0       0x98 build/stm32g0xx_hal_rcc.o
 .debug_aranges
                0x00000378       0x40 build/stm32g0xx_hal_rcc_ex.o
 .debug_aranges
                0x000003b8       0x60 build/stm32g0xx_hal_gpio.o
 .debug_aranges
                0x00000418       0x98 build/stm32g0xx_hal_pwr_ex.o
 .debug_aranges
                0x000004b0       0xa0 build/stm32g0xx_hal_cortex.o
 .debug_aranges
                0x00000550       0xf8 build/stm32g0xx_hal.o
 .debug_aranges
                0x00000648      0x1d8 build/stm32g0xx_hal_spi.o
 .debug_aranges
                0x00000820      0x248 build/stm32g0xx_hal_uart.o
 .debug_aranges
                0x00000a68       0xa8 build/stm32g0xx_hal_uart_ex.o
 .debug_aranges
                0x00000b10       0x28 build/startup_stm32g070xx.o

.debug_ranges   0x00000000      0xbe8
 .debug_ranges  0x00000000       0x58 build/main.o
 .debug_ranges  0x00000058       0x30 build/stm32g0xx_it.o
 .debug_ranges  0x00000088       0x40 build/stm32g0xx_hal_msp.o
 .debug_ranges  0x000000c8       0x18 build/system_stm32g0xx.o
 .debug_ranges  0x000000e0       0x10 build/sysmem.o
 .debug_ranges  0x000000f0       0x98 build/syscalls.o
 .debug_ranges  0x00000188      0x1d8 build/stm32g0xx_hal_adc.o
 .debug_ranges  0x00000360       0xa8 build/stm32g0xx_hal_rcc.o
 .debug_ranges  0x00000408       0x48 build/stm32g0xx_hal_rcc_ex.o
 .debug_ranges  0x00000450       0x50 build/stm32g0xx_hal_gpio.o
 .debug_ranges  0x000004a0       0x88 build/stm32g0xx_hal_pwr_ex.o
 .debug_ranges  0x00000528       0xf0 build/stm32g0xx_hal_cortex.o
 .debug_ranges  0x00000618       0xe8 build/stm32g0xx_hal.o
 .debug_ranges  0x00000700      0x1c8 build/stm32g0xx_hal_spi.o
 .debug_ranges  0x000008c8      0x238 build/stm32g0xx_hal_uart.o
 .debug_ranges  0x00000b00       0xc8 build/stm32g0xx_hal_uart_ex.o
 .debug_ranges  0x00000bc8       0x20 build/startup_stm32g070xx.o

.debug_line     0x00000000     0xda97
 .debug_line    0x00000000      0x6ec build/main.o
 .debug_line    0x000006ec      0x1be build/stm32g0xx_it.o
 .debug_line    0x000008aa      0x4af build/stm32g0xx_hal_msp.o
 .debug_line    0x00000d59      0x271 build/system_stm32g0xx.o
 .debug_line    0x00000fca      0x1ae build/sysmem.o
 .debug_line    0x00001178      0x41b build/syscalls.o
 .debug_line    0x00001593     0x1926 build/stm32g0xx_hal_adc.o
 .debug_line    0x00002eb9      0xd6c build/stm32g0xx_hal_rcc.o
 .debug_line    0x00003c25      0x7cb build/stm32g0xx_hal_rcc_ex.o
 .debug_line    0x000043f0      0x692 build/stm32g0xx_hal_gpio.o
 .debug_line    0x00004a82      0x54f build/stm32g0xx_hal_pwr_ex.o
 .debug_line    0x00004fd1      0x68d build/stm32g0xx_hal_cortex.o
 .debug_line    0x0000565e      0x5ae build/stm32g0xx_hal.o
 .debug_line    0x00005c0c     0x282c build/stm32g0xx_hal_spi.o
 .debug_line    0x00008438     0x4961 build/stm32g0xx_hal_uart.o
 .debug_line    0x0000cd99      0xc87 build/stm32g0xx_hal_uart_ex.o
 .debug_line    0x0000da20       0x77 build/startup_stm32g070xx.o

.debug_str      0x00000000     0x3b30
 .debug_str     0x00000000      0xed3 build/main.o
                                0xfd7 (size before relaxing)
 .debug_str     0x00000ed3       0x6d build/stm32g0xx_it.o
                                0x1d1 (size before relaxing)
 .debug_str     0x00000f40      0x171 build/stm32g0xx_hal_msp.o
                                0xd89 (size before relaxing)
 .debug_str     0x000010b1       0x99 build/system_stm32g0xx.o
                                0x2ce (size before relaxing)
 .debug_str     0x0000114a       0x7a build/sysmem.o
                                0x1e9 (size before relaxing)
 .debug_str     0x000011c4      0x201 build/syscalls.o
                                0x3bd (size before relaxing)
 .debug_str     0x000013c5      0x7da build/stm32g0xx_hal_adc.o
                                0xf84 (size before relaxing)
 .debug_str     0x00001b9f      0x2b1 build/stm32g0xx_hal_rcc.o
                                0x756 (size before relaxing)
 .debug_str     0x00001e50      0x113 build/stm32g0xx_hal_rcc_ex.o
                                0x5b0 (size before relaxing)
 .debug_str     0x00001f63      0x136 build/stm32g0xx_hal_gpio.o
                                0x3e3 (size before relaxing)
 .debug_str     0x00002099      0x243 build/stm32g0xx_hal_pwr_ex.o
                                0x4ce (size before relaxing)
 .debug_str     0x000022dc      0x56b build/stm32g0xx_hal_cortex.o
                                0x73f (size before relaxing)
 .debug_str     0x00002847      0x2ed build/stm32g0xx_hal.o
                                0x828 (size before relaxing)
 .debug_str     0x00002b34      0x531 build/stm32g0xx_hal_spi.o
                                0xc9b (size before relaxing)
 .debug_str     0x00003065      0x854 build/stm32g0xx_hal_uart.o
                               0x1130 (size before relaxing)
 .debug_str     0x000038b9      0x253 build/stm32g0xx_hal_uart_ex.o
                                0xb2a (size before relaxing)
 .debug_str     0x00003b0c       0x24 build/startup_stm32g070xx.o
                                 0x3f (size before relaxing)

.comment        0x00000000       0x49
 .comment       0x00000000       0x49 build/main.o
                                 0x4a (size before relaxing)
 .comment       0x00000049       0x4a build/stm32g0xx_it.o
 .comment       0x00000049       0x4a build/stm32g0xx_hal_msp.o
 .comment       0x00000049       0x4a build/system_stm32g0xx.o
 .comment       0x00000049       0x4a build/sysmem.o
 .comment       0x00000049       0x4a build/syscalls.o
 .comment       0x00000049       0x4a build/stm32g0xx_hal_adc.o
 .comment       0x00000049       0x4a build/stm32g0xx_hal_rcc.o
 .comment       0x00000049       0x4a build/stm32g0xx_hal_rcc_ex.o
 .comment       0x00000049       0x4a build/stm32g0xx_hal_gpio.o
 .comment       0x00000049       0x4a build/stm32g0xx_hal_pwr_ex.o
 .comment       0x00000049       0x4a build/stm32g0xx_hal_cortex.o
 .comment       0x00000049       0x4a build/stm32g0xx_hal.o
 .comment       0x00000049       0x4a build/stm32g0xx_hal_spi.o
 .comment       0x00000049       0x4a build/stm32g0xx_hal_uart.o
 .comment       0x00000049       0x4a build/stm32g0xx_hal_uart_ex.o

.debug_frame    0x00000000     0x2390
 .debug_frame   0x00000000       0xf8 build/main.o
 .debug_frame   0x000000f8       0x68 build/stm32g0xx_it.o
 .debug_frame   0x00000160       0xc4 build/stm32g0xx_hal_msp.o
 .debug_frame   0x00000224       0x38 build/system_stm32g0xx.o
 .debug_frame   0x0000025c       0x28 build/sysmem.o
 .debug_frame   0x00000284      0x184 build/syscalls.o
 .debug_frame   0x00000408      0x2a8 build/stm32g0xx_hal_adc.o
 .debug_frame   0x000006b0      0x16c build/stm32g0xx_hal_rcc.o
 .debug_frame   0x0000081c       0x90 build/stm32g0xx_hal_rcc_ex.o
 .debug_frame   0x000008ac       0xd0 build/stm32g0xx_hal_gpio.o
 .debug_frame   0x0000097c      0x120 build/stm32g0xx_hal_pwr_ex.o
 .debug_frame   0x00000a9c      0x134 build/stm32g0xx_hal_cortex.o
 .debug_frame   0x00000bd0      0x1fc build/stm32g0xx_hal.o
 .debug_frame   0x00000dcc      0x5a4 build/stm32g0xx_hal_spi.o
 .debug_frame   0x00001370      0x6e0 build/stm32g0xx_hal_uart.o
 .debug_frame   0x00001a50      0x1e0 build/stm32g0xx_hal_uart_ex.o
 .debug_frame   0x00001c30       0x20 c:/dev/tools/gcc-arm-none-eabi-10.3-2021.10/bin/../lib/gcc/arm-none-eabi/10.3.1/../../../../arm-none-eabi/lib/thumb/v6-m/nofp\libc_nano.a(lib_a-errno.o)
 .debug_frame   0x00001c50       0x2c c:/dev/tools/gcc-arm-none-eabi-10.3-2021.10/bin/../lib/gcc/arm-none-eabi/10.3.1/../../../../arm-none-eabi/lib/thumb/v6-m/nofp\libc_nano.a(lib_a-init.o)
 .debug_frame   0x00001c7c       0x20 c:/dev/tools/gcc-arm-none-eabi-10.3-2021.10/bin/../lib/gcc/arm-none-eabi/10.3.1/../../../../arm-none-eabi/lib/thumb/v6-m/nofp\libc_nano.a(lib_a-memset.o)
 .debug_frame   0x00001c9c       0x44 c:/dev/tools/gcc-arm-none-eabi-10.3-2021.10/bin/../lib/gcc/arm-none-eabi/10.3.1/../../../../arm-none-eabi/lib/thumb/v6-m/nofp\libc_nano.a(lib_a-puts.o)
 .debug_frame   0x00001ce0       0x48 c:/dev/tools/gcc-arm-none-eabi-10.3-2021.10/bin/../lib/gcc/arm-none-eabi/10.3.1/../../../../arm-none-eabi/lib/thumb/v6-m/nofp\libc_nano.a(lib_a-wbuf.o)
 .debug_frame   0x00001d28       0x2c c:/dev/tools/gcc-arm-none-eabi-10.3-2021.10/bin/../lib/gcc/arm-none-eabi/10.3.1/../../../../arm-none-eabi/lib/thumb/v6-m/nofp\libc_nano.a(lib_a-wsetup.o)
 .debug_frame   0x00001d54       0x68 c:/dev/tools/gcc-arm-none-eabi-10.3-2021.10/bin/../lib/gcc/arm-none-eabi/10.3.1/../../../../arm-none-eabi/lib/thumb/v6-m/nofp\libc_nano.a(lib_a-fflush.o)
 .debug_frame   0x00001dbc      0x170 c:/dev/tools/gcc-arm-none-eabi-10.3-2021.10/bin/../lib/gcc/arm-none-eabi/10.3.1/../../../../arm-none-eabi/lib/thumb/v6-m/nofp\libc_nano.a(lib_a-findfp.o)
 .debug_frame   0x00001f2c       0x58 c:/dev/tools/gcc-arm-none-eabi-10.3-2021.10/bin/../lib/gcc/arm-none-eabi/10.3.1/../../../../arm-none-eabi/lib/thumb/v6-m/nofp\libc_nano.a(lib_a-fwalk.o)
 .debug_frame   0x00001f84       0xb0 c:/dev/tools/gcc-arm-none-eabi-10.3-2021.10/bin/../lib/gcc/arm-none-eabi/10.3.1/../../../../arm-none-eabi/lib/thumb/v6-m/nofp\libc_nano.a(lib_a-lock.o)
 .debug_frame   0x00002034       0x54 c:/dev/tools/gcc-arm-none-eabi-10.3-2021.10/bin/../lib/gcc/arm-none-eabi/10.3.1/../../../../arm-none-eabi/lib/thumb/v6-m/nofp\libc_nano.a(lib_a-makebuf.o)
 .debug_frame   0x00002088       0x2c c:/dev/tools/gcc-arm-none-eabi-10.3-2021.10/bin/../lib/gcc/arm-none-eabi/10.3.1/../../../../arm-none-eabi/lib/thumb/v6-m/nofp\libc_nano.a(lib_a-nano-freer.o)
 .debug_frame   0x000020b4       0x50 c:/dev/tools/gcc-arm-none-eabi-10.3-2021.10/bin/../lib/gcc/arm-none-eabi/10.3.1/../../../../arm-none-eabi/lib/thumb/v6-m/nofp\libc_nano.a(lib_a-nano-mallocr.o)
 .debug_frame   0x00002104       0x2c c:/dev/tools/gcc-arm-none-eabi-10.3-2021.10/bin/../lib/gcc/arm-none-eabi/10.3.1/../../../../arm-none-eabi/lib/thumb/v6-m/nofp\libc_nano.a(lib_a-sbrkr.o)
 .debug_frame   0x00002130       0x90 c:/dev/tools/gcc-arm-none-eabi-10.3-2021.10/bin/../lib/gcc/arm-none-eabi/10.3.1/../../../../arm-none-eabi/lib/thumb/v6-m/nofp\libc_nano.a(lib_a-stdio.o)
 .debug_frame   0x000021c0       0x2c c:/dev/tools/gcc-arm-none-eabi-10.3-2021.10/bin/../lib/gcc/arm-none-eabi/10.3.1/../../../../arm-none-eabi/lib/thumb/v6-m/nofp\libc_nano.a(lib_a-writer.o)
 .debug_frame   0x000021ec       0x2c c:/dev/tools/gcc-arm-none-eabi-10.3-2021.10/bin/../lib/gcc/arm-none-eabi/10.3.1/../../../../arm-none-eabi/lib/thumb/v6-m/nofp\libc_nano.a(lib_a-closer.o)
 .debug_frame   0x00002218       0x2c c:/dev/tools/gcc-arm-none-eabi-10.3-2021.10/bin/../lib/gcc/arm-none-eabi/10.3.1/../../../../arm-none-eabi/lib/thumb/v6-m/nofp\libc_nano.a(lib_a-fstatr.o)
 .debug_frame   0x00002244       0x2c c:/dev/tools/gcc-arm-none-eabi-10.3-2021.10/bin/../lib/gcc/arm-none-eabi/10.3.1/../../../../arm-none-eabi/lib/thumb/v6-m/nofp\libc_nano.a(lib_a-isattyr.o)
 .debug_frame   0x00002270       0x2c c:/dev/tools/gcc-arm-none-eabi-10.3-2021.10/bin/../lib/gcc/arm-none-eabi/10.3.1/../../../../arm-none-eabi/lib/thumb/v6-m/nofp\libc_nano.a(lib_a-lseekr.o)
 .debug_frame   0x0000229c       0x40 c:/dev/tools/gcc-arm-none-eabi-10.3-2021.10/bin/../lib/gcc/arm-none-eabi/10.3.1/../../../../arm-none-eabi/lib/thumb/v6-m/nofp\libc_nano.a(lib_a-mlock.o)
 .debug_frame   0x000022dc       0x2c c:/dev/tools/gcc-arm-none-eabi-10.3-2021.10/bin/../lib/gcc/arm-none-eabi/10.3.1/../../../../arm-none-eabi/lib/thumb/v6-m/nofp\libc_nano.a(lib_a-readr.o)
 .debug_frame   0x00002308       0x48 c:/dev/tools/gcc-arm-none-eabi-10.3-2021.10/bin/../lib/gcc/arm-none-eabi/10.3.1/../../../../arm-none-eabi/lib/thumb/v6-m/nofp\libc_nano.a(lib_a-reent.o)
 .debug_frame   0x00002350       0x20 c:/dev/tools/gcc-arm-none-eabi-10.3-2021.10/bin/../lib/gcc/arm-none-eabi/10.3.1/thumb/v6-m/nofp\libgcc.a(_udivsi3.o)
 .debug_frame   0x00002370       0x20 c:/dev/tools/gcc-arm-none-eabi-10.3-2021.10/bin/../lib/gcc/arm-none-eabi/10.3.1/thumb/v6-m/nofp\libgcc.a(_divsi3.o)

Cross Reference Table

Symbol                                            File
ADC1_IRQHandler                                   build/startup_stm32g070xx.o
ADC_ConversionStop                                build/stm32g0xx_hal_adc.o
ADC_Disable                                       build/stm32g0xx_hal_adc.o
                                                  build/stm32g0xx_hal_adc_ex.o
ADC_Enable                                        build/stm32g0xx_hal_adc.o
AHBPrescTable                                     build/system_stm32g0xx.o
                                                  build/stm32g0xx_hal_rcc.o
APBPrescTable                                     build/system_stm32g0xx.o
                                                  build/stm32g0xx_hal_rcc.o
DMA1_Ch4_7_DMAMUX1_OVR_IRQHandler                 build/startup_stm32g070xx.o
DMA1_Channel1_IRQHandler                          build/startup_stm32g070xx.o
DMA1_Channel2_3_IRQHandler                        build/startup_stm32g070xx.o
Default_Handler                                   build/startup_stm32g070xx.o
EXTI0_1_IRQHandler                                build/startup_stm32g070xx.o
EXTI2_3_IRQHandler                                build/startup_stm32g070xx.o
EXTI4_15_IRQHandler                               build/startup_stm32g070xx.o
Error_Handler                                     build/main.o
                                                  build/stm32g0xx_hal_msp.o
FLASH_FlushCaches                                 build/stm32g0xx_hal_flash_ex.o
FLASH_IRQHandler                                  build/startup_stm32g070xx.o
FLASH_PageErase                                   build/stm32g0xx_hal_flash_ex.o
                                                  build/stm32g0xx_hal_flash.o
FLASH_WaitForLastOperation                        build/stm32g0xx_hal_flash.o
                                                  build/stm32g0xx_hal_flash_ex.o
HAL_ADCEx_Calibration_GetValue                    build/stm32g0xx_hal_adc_ex.o
HAL_ADCEx_Calibration_SetValue                    build/stm32g0xx_hal_adc_ex.o
HAL_ADCEx_Calibration_Start                       build/stm32g0xx_hal_adc_ex.o
HAL_ADCEx_ChannelConfigReadyCallback              build/stm32g0xx_hal_adc_ex.o
                                                  build/stm32g0xx_hal_adc.o
HAL_ADCEx_DisableVoltageRegulator                 build/stm32g0xx_hal_adc_ex.o
HAL_ADCEx_EndOfSamplingCallback                   build/stm32g0xx_hal_adc_ex.o
                                                  build/stm32g0xx_hal_adc.o
HAL_ADCEx_LevelOutOfWindow2Callback               build/stm32g0xx_hal_adc_ex.o
                                                  build/stm32g0xx_hal_adc.o
HAL_ADCEx_LevelOutOfWindow3Callback               build/stm32g0xx_hal_adc_ex.o
                                                  build/stm32g0xx_hal_adc.o
HAL_ADC_AnalogWDGConfig                           build/stm32g0xx_hal_adc.o
HAL_ADC_ConfigChannel                             build/stm32g0xx_hal_adc.o
                                                  build/main.o
HAL_ADC_ConvCpltCallback                          build/main.o
HAL_ADC_ConvHalfCpltCallback                      build/stm32g0xx_hal_adc.o
HAL_ADC_DeInit                                    build/stm32g0xx_hal_adc.o
HAL_ADC_ErrorCallback                             build/stm32g0xx_hal_adc.o
HAL_ADC_GetError                                  build/stm32g0xx_hal_adc.o
HAL_ADC_GetState                                  build/stm32g0xx_hal_adc.o
HAL_ADC_GetValue                                  build/stm32g0xx_hal_adc.o
HAL_ADC_IRQHandler                                build/stm32g0xx_hal_adc.o
HAL_ADC_Init                                      build/stm32g0xx_hal_adc.o
                                                  build/main.o
HAL_ADC_LevelOutOfWindowCallback                  build/stm32g0xx_hal_adc.o
HAL_ADC_MspDeInit                                 build/stm32g0xx_hal_msp.o
HAL_ADC_MspInit                                   build/stm32g0xx_hal_msp.o
HAL_ADC_PollForConversion                         build/stm32g0xx_hal_adc.o
HAL_ADC_PollForEvent                              build/stm32g0xx_hal_adc.o
HAL_ADC_Start                                     build/stm32g0xx_hal_adc.o
HAL_ADC_Start_DMA                                 build/stm32g0xx_hal_adc.o
HAL_ADC_Start_IT                                  build/stm32g0xx_hal_adc.o
HAL_ADC_Stop                                      build/stm32g0xx_hal_adc.o
HAL_ADC_Stop_DMA                                  build/stm32g0xx_hal_adc.o
HAL_ADC_Stop_IT                                   build/stm32g0xx_hal_adc.o
HAL_DBGMCU_DisableDBGStandbyMode                  build/stm32g0xx_hal.o
HAL_DBGMCU_DisableDBGStopMode                     build/stm32g0xx_hal.o
HAL_DBGMCU_EnableDBGStandbyMode                   build/stm32g0xx_hal.o
HAL_DBGMCU_EnableDBGStopMode                      build/stm32g0xx_hal.o
HAL_DMAEx_ConfigMuxRequestGenerator               build/stm32g0xx_hal_dma_ex.o
HAL_DMAEx_ConfigMuxSync                           build/stm32g0xx_hal_dma_ex.o
HAL_DMAEx_DisableMuxRequestGenerator              build/stm32g0xx_hal_dma_ex.o
HAL_DMAEx_EnableMuxRequestGenerator               build/stm32g0xx_hal_dma_ex.o
HAL_DMAEx_MUX_IRQHandler                          build/stm32g0xx_hal_dma_ex.o
HAL_DMA_Abort                                     build/stm32g0xx_hal_dma.o
                                                  build/stm32g0xx_hal_uart.o
                                                  build/stm32g0xx_hal_spi.o
                                                  build/stm32g0xx_hal_adc.o
HAL_DMA_Abort_IT                                  build/stm32g0xx_hal_dma.o
                                                  build/stm32g0xx_hal_uart.o
                                                  build/stm32g0xx_hal_spi.o
HAL_DMA_DeInit                                    build/stm32g0xx_hal_dma.o
HAL_DMA_GetError                                  build/stm32g0xx_hal_dma.o
                                                  build/stm32g0xx_hal_uart.o
HAL_DMA_GetState                                  build/stm32g0xx_hal_dma.o
HAL_DMA_IRQHandler                                build/stm32g0xx_hal_dma.o
HAL_DMA_Init                                      build/stm32g0xx_hal_dma.o
HAL_DMA_PollForTransfer                           build/stm32g0xx_hal_dma.o
HAL_DMA_RegisterCallback                          build/stm32g0xx_hal_dma.o
HAL_DMA_Start                                     build/stm32g0xx_hal_dma.o
HAL_DMA_Start_IT                                  build/stm32g0xx_hal_dma.o
                                                  build/stm32g0xx_hal_uart.o
                                                  build/stm32g0xx_hal_spi.o
                                                  build/stm32g0xx_hal_adc.o
HAL_DMA_UnRegisterCallback                        build/stm32g0xx_hal_dma.o
HAL_DeInit                                        build/stm32g0xx_hal.o
HAL_Delay                                         build/stm32g0xx_hal.o
                                                  build/main.o
HAL_EXTI_ClearConfigLine                          build/stm32g0xx_hal_exti.o
HAL_EXTI_ClearPending                             build/stm32g0xx_hal_exti.o
HAL_EXTI_GenerateSWI                              build/stm32g0xx_hal_exti.o
HAL_EXTI_GetConfigLine                            build/stm32g0xx_hal_exti.o
HAL_EXTI_GetHandle                                build/stm32g0xx_hal_exti.o
HAL_EXTI_GetPending                               build/stm32g0xx_hal_exti.o
HAL_EXTI_IRQHandler                               build/stm32g0xx_hal_exti.o
HAL_EXTI_RegisterCallback                         build/stm32g0xx_hal_exti.o
HAL_EXTI_SetConfigLine                            build/stm32g0xx_hal_exti.o
HAL_FLASHEx_Erase                                 build/stm32g0xx_hal_flash_ex.o
HAL_FLASHEx_Erase_IT                              build/stm32g0xx_hal_flash_ex.o
HAL_FLASHEx_FlashEmptyCheck                       build/stm32g0xx_hal_flash_ex.o
HAL_FLASHEx_ForceFlashEmpty                       build/stm32g0xx_hal_flash_ex.o
HAL_FLASHEx_OBGetConfig                           build/stm32g0xx_hal_flash_ex.o
HAL_FLASHEx_OBProgram                             build/stm32g0xx_hal_flash_ex.o
HAL_FLASH_EndOfOperationCallback                  build/stm32g0xx_hal_flash.o
HAL_FLASH_GetError                                build/stm32g0xx_hal_flash.o
HAL_FLASH_IRQHandler                              build/stm32g0xx_hal_flash.o
HAL_FLASH_Lock                                    build/stm32g0xx_hal_flash.o
HAL_FLASH_OB_Launch                               build/stm32g0xx_hal_flash.o
HAL_FLASH_OB_Lock                                 build/stm32g0xx_hal_flash.o
HAL_FLASH_OB_Unlock                               build/stm32g0xx_hal_flash.o
HAL_FLASH_OperationErrorCallback                  build/stm32g0xx_hal_flash.o
HAL_FLASH_Program                                 build/stm32g0xx_hal_flash.o
HAL_FLASH_Program_IT                              build/stm32g0xx_hal_flash.o
HAL_FLASH_Unlock                                  build/stm32g0xx_hal_flash.o
HAL_GPIO_DeInit                                   build/stm32g0xx_hal_gpio.o
                                                  build/stm32g0xx_hal_msp.o
HAL_GPIO_EXTI_Falling_Callback                    build/stm32g0xx_hal_gpio.o
HAL_GPIO_EXTI_IRQHandler                          build/stm32g0xx_hal_gpio.o
HAL_GPIO_EXTI_Rising_Callback                     build/stm32g0xx_hal_gpio.o
HAL_GPIO_Init                                     build/stm32g0xx_hal_gpio.o
                                                  build/stm32g0xx_hal_rcc_ex.o
                                                  build/stm32g0xx_hal_rcc.o
                                                  build/stm32g0xx_hal_msp.o
                                                  build/main.o
HAL_GPIO_LockPin                                  build/stm32g0xx_hal_gpio.o
HAL_GPIO_ReadPin                                  build/stm32g0xx_hal_gpio.o
HAL_GPIO_TogglePin                                build/stm32g0xx_hal_gpio.o
HAL_GPIO_WritePin                                 build/stm32g0xx_hal_gpio.o
                                                  build/main.o
HAL_GetDEVID                                      build/stm32g0xx_hal.o
HAL_GetHalVersion                                 build/stm32g0xx_hal.o
HAL_GetREVID                                      build/stm32g0xx_hal.o
HAL_GetTick                                       build/stm32g0xx_hal.o
                                                  build/stm32g0xx_hal_uart_ex.o
                                                  build/stm32g0xx_hal_uart.o
                                                  build/stm32g0xx_hal_spi.o
                                                  build/stm32g0xx_hal_dma.o
                                                  build/stm32g0xx_hal_flash.o
                                                  build/stm32g0xx_hal_rcc_ex.o
                                                  build/stm32g0xx_hal_rcc.o
                                                  build/stm32g0xx_hal_adc_ex.o
                                                  build/stm32g0xx_hal_adc.o
HAL_GetTickFreq                                   build/stm32g0xx_hal.o
HAL_GetTickPrio                                   build/stm32g0xx_hal.o
HAL_GetUIDw0                                      build/stm32g0xx_hal.o
HAL_GetUIDw1                                      build/stm32g0xx_hal.o
HAL_GetUIDw2                                      build/stm32g0xx_hal.o
HAL_HalfDuplex_EnableReceiver                     build/stm32g0xx_hal_uart.o
HAL_HalfDuplex_EnableTransmitter                  build/stm32g0xx_hal_uart.o
HAL_HalfDuplex_Init                               build/stm32g0xx_hal_uart.o
HAL_IncTick                                       build/stm32g0xx_hal.o
                                                  build/stm32g0xx_it.o
HAL_Init                                          build/stm32g0xx_hal.o
                                                  build/main.o
HAL_InitTick                                      build/stm32g0xx_hal.o
                                                  build/stm32g0xx_hal_rcc.o
HAL_LIN_Init                                      build/stm32g0xx_hal_uart.o
HAL_LIN_SendBreak                                 build/stm32g0xx_hal_uart.o
HAL_MPU_ConfigRegion                              build/stm32g0xx_hal_cortex.o
HAL_MPU_Disable                                   build/stm32g0xx_hal_cortex.o
HAL_MPU_DisableRegion                             build/stm32g0xx_hal_cortex.o
HAL_MPU_Enable                                    build/stm32g0xx_hal_cortex.o
HAL_MPU_EnableRegion                              build/stm32g0xx_hal_cortex.o
HAL_MspDeInit                                     build/stm32g0xx_hal.o
HAL_MspInit                                       build/stm32g0xx_hal_msp.o
HAL_MultiProcessorEx_AddressLength_Set            build/stm32g0xx_hal_uart_ex.o
HAL_MultiProcessor_DisableMuteMode                build/stm32g0xx_hal_uart.o
HAL_MultiProcessor_EnableMuteMode                 build/stm32g0xx_hal_uart.o
HAL_MultiProcessor_EnterMuteMode                  build/stm32g0xx_hal_uart.o
HAL_MultiProcessor_Init                           build/stm32g0xx_hal_uart.o
HAL_NVIC_ClearPendingIRQ                          build/stm32g0xx_hal_cortex.o
HAL_NVIC_DisableIRQ                               build/stm32g0xx_hal_cortex.o
HAL_NVIC_EnableIRQ                                build/stm32g0xx_hal_cortex.o
HAL_NVIC_GetPendingIRQ                            build/stm32g0xx_hal_cortex.o
HAL_NVIC_GetPriority                              build/stm32g0xx_hal_cortex.o
HAL_NVIC_SetPendingIRQ                            build/stm32g0xx_hal_cortex.o
HAL_NVIC_SetPriority                              build/stm32g0xx_hal_cortex.o
                                                  build/stm32g0xx_hal.o
HAL_NVIC_SystemReset                              build/stm32g0xx_hal_cortex.o
HAL_PWREx_ControlVoltageScaling                   build/stm32g0xx_hal_pwr_ex.o
                                                  build/main.o
HAL_PWREx_DisableBatteryCharging                  build/stm32g0xx_hal_pwr_ex.o
HAL_PWREx_DisableFlashPowerDown                   build/stm32g0xx_hal_pwr_ex.o
HAL_PWREx_DisableGPIOPullDown                     build/stm32g0xx_hal_pwr_ex.o
HAL_PWREx_DisableGPIOPullUp                       build/stm32g0xx_hal_pwr_ex.o
HAL_PWREx_DisableInternalWakeUpLine               build/stm32g0xx_hal_pwr_ex.o
HAL_PWREx_DisableLowPowerRunMode                  build/stm32g0xx_hal_pwr_ex.o
                                                  build/stm32g0xx_hal_pwr.o
HAL_PWREx_DisablePullUpPullDownConfig             build/stm32g0xx_hal_pwr_ex.o
HAL_PWREx_EnableBatteryCharging                   build/stm32g0xx_hal_pwr_ex.o
HAL_PWREx_EnableFlashPowerDown                    build/stm32g0xx_hal_pwr_ex.o
HAL_PWREx_EnableGPIOPullDown                      build/stm32g0xx_hal_pwr_ex.o
HAL_PWREx_EnableGPIOPullUp                        build/stm32g0xx_hal_pwr_ex.o
HAL_PWREx_EnableInternalWakeUpLine                build/stm32g0xx_hal_pwr_ex.o
HAL_PWREx_EnableLowPowerRunMode                   build/stm32g0xx_hal_pwr_ex.o
                                                  build/stm32g0xx_hal_pwr.o
HAL_PWREx_EnablePullUpPullDownConfig              build/stm32g0xx_hal_pwr_ex.o
HAL_PWREx_GetVoltageRange                         build/stm32g0xx_hal_pwr_ex.o
HAL_PWR_DeInit                                    build/stm32g0xx_hal_pwr.o
HAL_PWR_DisableBkUpAccess                         build/stm32g0xx_hal_pwr.o
                                                  build/stm32g0xx_hal_rcc_ex.o
HAL_PWR_DisableSEVOnPend                          build/stm32g0xx_hal_pwr.o
HAL_PWR_DisableSleepOnExit                        build/stm32g0xx_hal_pwr.o
HAL_PWR_DisableWakeUpPin                          build/stm32g0xx_hal_pwr.o
HAL_PWR_EnableBkUpAccess                          build/stm32g0xx_hal_pwr.o
                                                  build/stm32g0xx_hal_rcc_ex.o
HAL_PWR_EnableSEVOnPend                           build/stm32g0xx_hal_pwr.o
HAL_PWR_EnableSleepOnExit                         build/stm32g0xx_hal_pwr.o
HAL_PWR_EnableWakeUpPin                           build/stm32g0xx_hal_pwr.o
HAL_PWR_EnterSLEEPMode                            build/stm32g0xx_hal_pwr.o
HAL_PWR_EnterSTANDBYMode                          build/stm32g0xx_hal_pwr.o
HAL_PWR_EnterSTOPMode                             build/stm32g0xx_hal_pwr.o
HAL_RCCEx_DisableLSCO                             build/stm32g0xx_hal_rcc_ex.o
HAL_RCCEx_EnableLSCO                              build/stm32g0xx_hal_rcc_ex.o
HAL_RCCEx_GetPeriphCLKConfig                      build/stm32g0xx_hal_rcc_ex.o
HAL_RCCEx_GetPeriphCLKFreq                        build/stm32g0xx_hal_rcc_ex.o
HAL_RCCEx_PeriphCLKConfig                         build/stm32g0xx_hal_rcc_ex.o
                                                  build/stm32g0xx_hal_msp.o
HAL_RCC_CSSCallback                               build/stm32g0xx_hal_rcc.o
HAL_RCC_ClockConfig                               build/stm32g0xx_hal_rcc.o
                                                  build/main.o
HAL_RCC_DeInit                                    build/stm32g0xx_hal_rcc.o
HAL_RCC_DisableLSECSS                             build/stm32g0xx_hal_rcc.o
HAL_RCC_EnableCSS                                 build/stm32g0xx_hal_rcc.o
HAL_RCC_EnableLSECSS                              build/stm32g0xx_hal_rcc.o
HAL_RCC_GetClockConfig                            build/stm32g0xx_hal_rcc.o
HAL_RCC_GetHCLKFreq                               build/stm32g0xx_hal_rcc.o
HAL_RCC_GetOscConfig                              build/stm32g0xx_hal_rcc.o
HAL_RCC_GetPCLK1Freq                              build/stm32g0xx_hal_rcc.o
                                                  build/stm32g0xx_hal_uart.o
                                                  build/stm32g0xx_hal_rcc_ex.o
HAL_RCC_GetResetSource                            build/stm32g0xx_hal_rcc.o
HAL_RCC_GetSysClockFreq                           build/stm32g0xx_hal_rcc.o
                                                  build/stm32g0xx_hal_uart.o
                                                  build/stm32g0xx_hal_rcc_ex.o
HAL_RCC_LSECSSCallback                            build/stm32g0xx_hal_rcc.o
HAL_RCC_MCOConfig                                 build/stm32g0xx_hal_rcc.o
HAL_RCC_NMI_IRQHandler                            build/stm32g0xx_hal_rcc.o
HAL_RCC_OscConfig                                 build/stm32g0xx_hal_rcc.o
                                                  build/main.o
HAL_RS485Ex_Init                                  build/stm32g0xx_hal_uart_ex.o
HAL_ResumeTick                                    build/stm32g0xx_hal.o
HAL_SPIEx_FlushRxFifo                             build/stm32g0xx_hal_spi_ex.o
HAL_SPI_Abort                                     build/stm32g0xx_hal_spi.o
HAL_SPI_AbortCpltCallback                         build/stm32g0xx_hal_spi.o
HAL_SPI_Abort_IT                                  build/stm32g0xx_hal_spi.o
HAL_SPI_DMAPause                                  build/stm32g0xx_hal_spi.o
HAL_SPI_DMAResume                                 build/stm32g0xx_hal_spi.o
HAL_SPI_DMAStop                                   build/stm32g0xx_hal_spi.o
HAL_SPI_DeInit                                    build/stm32g0xx_hal_spi.o
HAL_SPI_ErrorCallback                             build/stm32g0xx_hal_spi.o
HAL_SPI_GetError                                  build/stm32g0xx_hal_spi.o
HAL_SPI_GetState                                  build/stm32g0xx_hal_spi.o
HAL_SPI_IRQHandler                                build/stm32g0xx_hal_spi.o
HAL_SPI_Init                                      build/stm32g0xx_hal_spi.o
                                                  build/main.o
HAL_SPI_MspDeInit                                 build/stm32g0xx_hal_msp.o
HAL_SPI_MspInit                                   build/stm32g0xx_hal_msp.o
HAL_SPI_Receive                                   build/stm32g0xx_hal_spi.o
HAL_SPI_Receive_DMA                               build/stm32g0xx_hal_spi.o
HAL_SPI_Receive_IT                                build/stm32g0xx_hal_spi.o
HAL_SPI_RxCpltCallback                            build/stm32g0xx_hal_spi.o
HAL_SPI_RxHalfCpltCallback                        build/stm32g0xx_hal_spi.o
HAL_SPI_Transmit                                  build/stm32g0xx_hal_spi.o
                                                  build/main.o
HAL_SPI_TransmitReceive                           build/stm32g0xx_hal_spi.o
HAL_SPI_TransmitReceive_DMA                       build/stm32g0xx_hal_spi.o
HAL_SPI_TransmitReceive_IT                        build/stm32g0xx_hal_spi.o
HAL_SPI_Transmit_DMA                              build/stm32g0xx_hal_spi.o
HAL_SPI_Transmit_IT                               build/stm32g0xx_hal_spi.o
HAL_SPI_TxCpltCallback                            build/stm32g0xx_hal_spi.o
HAL_SPI_TxHalfCpltCallback                        build/stm32g0xx_hal_spi.o
HAL_SPI_TxRxCpltCallback                          build/main.o
HAL_SPI_TxRxHalfCpltCallback                      build/stm32g0xx_hal_spi.o
HAL_SYSCFG_DisableIOAnalogSwitchBooster           build/stm32g0xx_hal.o
HAL_SYSCFG_DisableRemap                           build/stm32g0xx_hal.o
HAL_SYSCFG_EnableIOAnalogSwitchBooster            build/stm32g0xx_hal.o
HAL_SYSCFG_EnableRemap                            build/stm32g0xx_hal.o
HAL_SYSCFG_StrobeDBattpinsConfig                  build/stm32g0xx_hal.o
HAL_SYSTICK_CLKSourceConfig                       build/stm32g0xx_hal_cortex.o
HAL_SYSTICK_Callback                              build/stm32g0xx_hal_cortex.o
HAL_SYSTICK_Config                                build/stm32g0xx_hal_cortex.o
                                                  build/stm32g0xx_hal.o
HAL_SYSTICK_IRQHandler                            build/stm32g0xx_hal_cortex.o
HAL_SetTickFreq                                   build/stm32g0xx_hal.o
HAL_SuspendTick                                   build/stm32g0xx_hal.o
HAL_UARTEx_DisableFifoMode                        build/stm32g0xx_hal_uart_ex.o
                                                  build/main.o
HAL_UARTEx_DisableStopMode                        build/stm32g0xx_hal_uart_ex.o
HAL_UARTEx_EnableFifoMode                         build/stm32g0xx_hal_uart_ex.o
HAL_UARTEx_EnableStopMode                         build/stm32g0xx_hal_uart_ex.o
HAL_UARTEx_GetRxEventType                         build/stm32g0xx_hal_uart_ex.o
HAL_UARTEx_ReceiveToIdle                          build/stm32g0xx_hal_uart_ex.o
HAL_UARTEx_ReceiveToIdle_DMA                      build/stm32g0xx_hal_uart_ex.o
HAL_UARTEx_ReceiveToIdle_IT                       build/stm32g0xx_hal_uart_ex.o
HAL_UARTEx_RxEventCallback                        build/stm32g0xx_hal_uart.o
HAL_UARTEx_RxFifoFullCallback                     build/stm32g0xx_hal_uart_ex.o
                                                  build/stm32g0xx_hal_uart.o
HAL_UARTEx_SetRxFifoThreshold                     build/stm32g0xx_hal_uart_ex.o
                                                  build/main.o
HAL_UARTEx_SetTxFifoThreshold                     build/stm32g0xx_hal_uart_ex.o
                                                  build/main.o
HAL_UARTEx_StopModeWakeUpSourceConfig             build/stm32g0xx_hal_uart_ex.o
HAL_UARTEx_TxFifoEmptyCallback                    build/stm32g0xx_hal_uart_ex.o
                                                  build/stm32g0xx_hal_uart.o
HAL_UARTEx_WakeupCallback                         build/stm32g0xx_hal_uart_ex.o
                                                  build/stm32g0xx_hal_uart.o
HAL_UART_Abort                                    build/stm32g0xx_hal_uart.o
HAL_UART_AbortCpltCallback                        build/stm32g0xx_hal_uart.o
HAL_UART_AbortReceive                             build/stm32g0xx_hal_uart.o
HAL_UART_AbortReceiveCpltCallback                 build/stm32g0xx_hal_uart.o
HAL_UART_AbortReceive_IT                          build/stm32g0xx_hal_uart.o
HAL_UART_AbortTransmit                            build/stm32g0xx_hal_uart.o
HAL_UART_AbortTransmitCpltCallback                build/stm32g0xx_hal_uart.o
HAL_UART_AbortTransmit_IT                         build/stm32g0xx_hal_uart.o
HAL_UART_Abort_IT                                 build/stm32g0xx_hal_uart.o
HAL_UART_DMAPause                                 build/stm32g0xx_hal_uart.o
HAL_UART_DMAResume                                build/stm32g0xx_hal_uart.o
HAL_UART_DMAStop                                  build/stm32g0xx_hal_uart.o
HAL_UART_DeInit                                   build/stm32g0xx_hal_uart.o
HAL_UART_DisableReceiverTimeout                   build/stm32g0xx_hal_uart.o
HAL_UART_EnableReceiverTimeout                    build/stm32g0xx_hal_uart.o
HAL_UART_ErrorCallback                            build/stm32g0xx_hal_uart.o
HAL_UART_GetError                                 build/stm32g0xx_hal_uart.o
HAL_UART_GetState                                 build/stm32g0xx_hal_uart.o
HAL_UART_IRQHandler                               build/stm32g0xx_hal_uart.o
HAL_UART_Init                                     build/stm32g0xx_hal_uart.o
                                                  build/main.o
HAL_UART_MspDeInit                                build/stm32g0xx_hal_msp.o
HAL_UART_MspInit                                  build/stm32g0xx_hal_msp.o
                                                  build/stm32g0xx_hal_uart_ex.o
HAL_UART_Receive                                  build/stm32g0xx_hal_uart.o
HAL_UART_Receive_DMA                              build/stm32g0xx_hal_uart.o
HAL_UART_Receive_IT                               build/stm32g0xx_hal_uart.o
HAL_UART_ReceiverTimeout_Config                   build/stm32g0xx_hal_uart.o
HAL_UART_RxCpltCallback                           build/stm32g0xx_hal_uart.o
HAL_UART_RxHalfCpltCallback                       build/stm32g0xx_hal_uart.o
HAL_UART_Transmit                                 build/stm32g0xx_hal_uart.o
                                                  build/main.o
HAL_UART_Transmit_DMA                             build/stm32g0xx_hal_uart.o
HAL_UART_Transmit_IT                              build/stm32g0xx_hal_uart.o
HAL_UART_TxCpltCallback                           build/stm32g0xx_hal_uart.o
HAL_UART_TxHalfCpltCallback                       build/stm32g0xx_hal_uart.o
HardFault_Handler                                 build/stm32g0xx_it.o
I2C1_IRQHandler                                   build/startup_stm32g070xx.o
I2C2_IRQHandler                                   build/startup_stm32g070xx.o
NMI_Handler                                       build/stm32g0xx_it.o
PendSV_Handler                                    build/stm32g0xx_it.o
RCC_IRQHandler                                    build/startup_stm32g070xx.o
RTC_TAMP_IRQHandler                               build/startup_stm32g070xx.o
Reset_Handler                                     build/startup_stm32g070xx.o
SPI1_IRQHandler                                   build/startup_stm32g070xx.o
SPI2_IRQHandler                                   build/startup_stm32g070xx.o
SVC_Handler                                       build/stm32g0xx_it.o
SysTick_Handler                                   build/stm32g0xx_it.o
SystemClock_Config                                build/main.o
SystemCoreClock                                   build/system_stm32g0xx.o
                                                  build/stm32g0xx_hal_spi.o
                                                  build/stm32g0xx_hal.o
                                                  build/stm32g0xx_hal_pwr_ex.o
                                                  build/stm32g0xx_hal_rcc.o
                                                  build/stm32g0xx_hal_adc.o
SystemCoreClockUpdate                             build/system_stm32g0xx.o
SystemInit                                        build/system_stm32g0xx.o
                                                  build/startup_stm32g070xx.o
TIM14_IRQHandler                                  build/startup_stm32g070xx.o
TIM15_IRQHandler                                  build/startup_stm32g070xx.o
TIM16_IRQHandler                                  build/startup_stm32g070xx.o
TIM17_IRQHandler                                  build/startup_stm32g070xx.o
TIM1_BRK_UP_TRG_COM_IRQHandler                    build/startup_stm32g070xx.o
TIM1_CC_IRQHandler                                build/startup_stm32g070xx.o
TIM3_IRQHandler                                   build/startup_stm32g070xx.o
TIM6_IRQHandler                                   build/startup_stm32g070xx.o
TIM7_IRQHandler                                   build/startup_stm32g070xx.o
UARTPrescTable                                    build/stm32g0xx_hal_uart.o
UART_AdvFeatureConfig                             build/stm32g0xx_hal_uart.o
                                                  build/stm32g0xx_hal_uart_ex.o
UART_CheckIdleState                               build/stm32g0xx_hal_uart.o
                                                  build/stm32g0xx_hal_uart_ex.o
UART_SetConfig                                    build/stm32g0xx_hal_uart.o
                                                  build/stm32g0xx_hal_uart_ex.o
UART_Start_Receive_DMA                            build/stm32g0xx_hal_uart.o
                                                  build/stm32g0xx_hal_uart_ex.o
UART_Start_Receive_IT                             build/stm32g0xx_hal_uart.o
                                                  build/stm32g0xx_hal_uart_ex.o
UART_WaitOnFlagUntilTimeout                       build/stm32g0xx_hal_uart.o
                                                  build/stm32g0xx_hal_uart_ex.o
USART1_IRQHandler                                 build/startup_stm32g070xx.o
USART2_IRQHandler                                 build/startup_stm32g070xx.o
USART3_4_IRQHandler                               build/startup_stm32g070xx.o
WWDG_IRQHandler                                   build/startup_stm32g070xx.o
_Min_Stack_Size                                   build/sysmem.o
__aeabi_idiv                                      c:/dev/tools/gcc-arm-none-eabi-10.3-2021.10/bin/../lib/gcc/arm-none-eabi/10.3.1/thumb/v6-m/nofp\libgcc.a(_divsi3.o)
                                                  c:/dev/tools/gcc-arm-none-eabi-10.3-2021.10/bin/../lib/gcc/arm-none-eabi/10.3.1/../../../../arm-none-eabi/lib/thumb/v6-m/nofp\libc_nano.a(lib_a-fvwrite.o)
                                                  build/stm32g0xx_hal_uart_ex.o
__aeabi_idiv0                                     c:/dev/tools/gcc-arm-none-eabi-10.3-2021.10/bin/../lib/gcc/arm-none-eabi/10.3.1/thumb/v6-m/nofp\libgcc.a(_dvmd_tls.o)
                                                  c:/dev/tools/gcc-arm-none-eabi-10.3-2021.10/bin/../lib/gcc/arm-none-eabi/10.3.1/thumb/v6-m/nofp\libgcc.a(_divsi3.o)
                                                  c:/dev/tools/gcc-arm-none-eabi-10.3-2021.10/bin/../lib/gcc/arm-none-eabi/10.3.1/thumb/v6-m/nofp\libgcc.a(_udivsi3.o)
__aeabi_idivmod                                   c:/dev/tools/gcc-arm-none-eabi-10.3-2021.10/bin/../lib/gcc/arm-none-eabi/10.3.1/thumb/v6-m/nofp\libgcc.a(_divsi3.o)
__aeabi_ldiv0                                     c:/dev/tools/gcc-arm-none-eabi-10.3-2021.10/bin/../lib/gcc/arm-none-eabi/10.3.1/thumb/v6-m/nofp\libgcc.a(_dvmd_tls.o)
__aeabi_uidiv                                     c:/dev/tools/gcc-arm-none-eabi-10.3-2021.10/bin/../lib/gcc/arm-none-eabi/10.3.1/thumb/v6-m/nofp\libgcc.a(_udivsi3.o)
                                                  build/stm32g0xx_hal_uart.o
                                                  build/stm32g0xx_hal_spi.o
                                                  build/stm32g0xx_hal.o
                                                  build/stm32g0xx_hal_pwr_ex.o
                                                  build/stm32g0xx_hal_dma.o
                                                  build/stm32g0xx_hal_rcc_ex.o
                                                  build/stm32g0xx_hal_rcc.o
                                                  build/stm32g0xx_hal_adc_ex.o
                                                  build/stm32g0xx_hal_adc.o
                                                  build/system_stm32g0xx.o
__aeabi_uidivmod                                  c:/dev/tools/gcc-arm-none-eabi-10.3-2021.10/bin/../lib/gcc/arm-none-eabi/10.3.1/thumb/v6-m/nofp\libgcc.a(_udivsi3.o)
                                                  c:/dev/tools/gcc-arm-none-eabi-10.3-2021.10/bin/../lib/gcc/arm-none-eabi/10.3.1/../../../../arm-none-eabi/lib/thumb/v6-m/nofp\libc_nano.a(lib_a-nano-vfprintf_i.o)
__bss_end__                                       c:/dev/tools/gcc-arm-none-eabi-10.3-2021.10/bin/../lib/gcc/arm-none-eabi/10.3.1/../../../../arm-none-eabi/lib/thumb/v6-m/nofp/crt0.o
__bss_start__                                     c:/dev/tools/gcc-arm-none-eabi-10.3-2021.10/bin/../lib/gcc/arm-none-eabi/10.3.1/../../../../arm-none-eabi/lib/thumb/v6-m/nofp/crt0.o
__call_exitprocs                                  c:/dev/tools/gcc-arm-none-eabi-10.3-2021.10/bin/../lib/gcc/arm-none-eabi/10.3.1/../../../../arm-none-eabi/lib/thumb/v6-m/nofp\libc_nano.a(lib_a-exit.o)
__deregister_frame_info                           c:/dev/tools/gcc-arm-none-eabi-10.3-2021.10/bin/../lib/gcc/arm-none-eabi/10.3.1/thumb/v6-m/nofp/crtbegin.o
__divsi3                                          c:/dev/tools/gcc-arm-none-eabi-10.3-2021.10/bin/../lib/gcc/arm-none-eabi/10.3.1/thumb/v6-m/nofp\libgcc.a(_divsi3.o)
__dso_handle                                      c:/dev/tools/gcc-arm-none-eabi-10.3-2021.10/bin/../lib/gcc/arm-none-eabi/10.3.1/thumb/v6-m/nofp/crtbegin.o
__env                                             build/syscalls.o
__errno                                           c:/dev/tools/gcc-arm-none-eabi-10.3-2021.10/bin/../lib/gcc/arm-none-eabi/10.3.1/../../../../arm-none-eabi/lib/thumb/v6-m/nofp\libc_nano.a(lib_a-errno.o)
                                                  build/syscalls.o
                                                  build/sysmem.o
__fp_lock_all                                     c:/dev/tools/gcc-arm-none-eabi-10.3-2021.10/bin/../lib/gcc/arm-none-eabi/10.3.1/../../../../arm-none-eabi/lib/thumb/v6-m/nofp\libc_nano.a(lib_a-findfp.o)
__fp_unlock_all                                   c:/dev/tools/gcc-arm-none-eabi-10.3-2021.10/bin/../lib/gcc/arm-none-eabi/10.3.1/../../../../arm-none-eabi/lib/thumb/v6-m/nofp\libc_nano.a(lib_a-findfp.o)
__gnu_thumb1_case_shi                             c:/dev/tools/gcc-arm-none-eabi-10.3-2021.10/bin/../lib/gcc/arm-none-eabi/10.3.1/thumb/v6-m/nofp\libgcc.a(_thumb1_case_shi.o)
                                                  c:/dev/tools/gcc-arm-none-eabi-10.3-2021.10/bin/../lib/gcc/arm-none-eabi/10.3.1/../../../../arm-none-eabi/lib/thumb/v6-m/nofp\libc_nano.a(lib_a-nano-vfprintf_i.o)
__init_array_end                                  c:/dev/tools/gcc-arm-none-eabi-10.3-2021.10/bin/../lib/gcc/arm-none-eabi/10.3.1/../../../../arm-none-eabi/lib/thumb/v6-m/nofp\libc_nano.a(lib_a-init.o)
__init_array_start                                c:/dev/tools/gcc-arm-none-eabi-10.3-2021.10/bin/../lib/gcc/arm-none-eabi/10.3.1/../../../../arm-none-eabi/lib/thumb/v6-m/nofp\libc_nano.a(lib_a-init.o)
__io_getchar                                      build/syscalls.o
__io_putchar                                      build/syscalls.o
__libc_fini_array                                 c:/dev/tools/gcc-arm-none-eabi-10.3-2021.10/bin/../lib/gcc/arm-none-eabi/10.3.1/../../../../arm-none-eabi/lib/thumb/v6-m/nofp/crt0.o
__libc_init_array                                 c:/dev/tools/gcc-arm-none-eabi-10.3-2021.10/bin/../lib/gcc/arm-none-eabi/10.3.1/../../../../arm-none-eabi/lib/thumb/v6-m/nofp\libc_nano.a(lib_a-init.o)
                                                  build/startup_stm32g070xx.o
                                                  c:/dev/tools/gcc-arm-none-eabi-10.3-2021.10/bin/../lib/gcc/arm-none-eabi/10.3.1/../../../../arm-none-eabi/lib/thumb/v6-m/nofp/crt0.o
__lock___arc4random_mutex                         c:/dev/tools/gcc-arm-none-eabi-10.3-2021.10/bin/../lib/gcc/arm-none-eabi/10.3.1/../../../../arm-none-eabi/lib/thumb/v6-m/nofp\libc_nano.a(lib_a-lock.o)
__lock___at_quick_exit_mutex                      c:/dev/tools/gcc-arm-none-eabi-10.3-2021.10/bin/../lib/gcc/arm-none-eabi/10.3.1/../../../../arm-none-eabi/lib/thumb/v6-m/nofp\libc_nano.a(lib_a-lock.o)