Archive member included to satisfy reference by file (symbol)

c:/dev/tools/gcc-arm-none-eabi-10.3-2021.10/bin/../lib/gcc/arm-none-eabi/10.3.1/../../../../arm-none-eabi/lib/thumb/v6-m/nofp\libc_nano.a(lib_a-errno.o)
                              build/sysmem.o (__errno)
c:/dev/tools/gcc-arm-none-eabi-10.3-2021.10/bin/../lib/gcc/arm-none-eabi/10.3.1/../../../../arm-none-eabi/lib/thumb/v6-m/nofp\libc_nano.a(lib_a-exit.o)
                              c:/dev/tools/gcc-arm-none-eabi-10.3-2021.10/bin/../lib/gcc/arm-none-eabi/10.3.1/../../../../arm-none-eabi/lib/thumb/v6-m/nofp/crt0.o (exit)
c:/dev/tools/gcc-arm-none-eabi-10.3-2021.10/bin/../lib/gcc/arm-none-eabi/10.3.1/../../../../arm-none-eabi/lib/thumb/v6-m/nofp\libc_nano.a(lib_a-impure.o)
                              c:/dev/tools/gcc-arm-none-eabi-10.3-2021.10/bin/../lib/gcc/arm-none-eabi/10.3.1/../../../../arm-none-eabi/lib/thumb/v6-m/nofp\libc_nano.a(lib_a-exit.o) (_global_impure_ptr)
c:/dev/tools/gcc-arm-none-eabi-10.3-2021.10/bin/../lib/gcc/arm-none-eabi/10.3.1/../../../../arm-none-eabi/lib/thumb/v6-m/nofp\libc_nano.a(lib_a-init.o)
                              c:/dev/tools/gcc-arm-none-eabi-10.3-2021.10/bin/../lib/gcc/arm-none-eabi/10.3.1/../../../../arm-none-eabi/lib/thumb/v6-m/nofp/crt0.o (__libc_init_array)
c:/dev/tools/gcc-arm-none-eabi-10.3-2021.10/bin/../lib/gcc/arm-none-eabi/10.3.1/../../../../arm-none-eabi/lib/thumb/v6-m/nofp\libc_nano.a(lib_a-memset.o)
                              c:/dev/tools/gcc-arm-none-eabi-10.3-2021.10/bin/../lib/gcc/arm-none-eabi/10.3.1/../../../../arm-none-eabi/lib/thumb/v6-m/nofp/crt0.o (memset)
c:/dev/tools/gcc-arm-none-eabi-10.3-2021.10/bin/../lib/gcc/arm-none-eabi/10.3.1/thumb/v6-m/nofp\libgcc.a(_udivsi3.o)
                              build/stm32g0xx_hal_adc.o (__aeabi_uidiv)
c:/dev/tools/gcc-arm-none-eabi-10.3-2021.10/bin/../lib/gcc/arm-none-eabi/10.3.1/thumb/v6-m/nofp\libgcc.a(_divsi3.o)
                              build/stm32g0xx_hal_uart_ex.o (__aeabi_idiv)
c:/dev/tools/gcc-arm-none-eabi-10.3-2021.10/bin/../lib/gcc/arm-none-eabi/10.3.1/thumb/v6-m/nofp\libgcc.a(_dvmd_tls.o)
                              c:/dev/tools/gcc-arm-none-eabi-10.3-2021.10/bin/../lib/gcc/arm-none-eabi/10.3.1/thumb/v6-m/nofp\libgcc.a(_udivsi3.o) (__aeabi_idiv0)

Discarded input sections

 .text          0x00000000        0x0 c:/dev/tools/gcc-arm-none-eabi-10.3-2021.10/bin/../lib/gcc/arm-none-eabi/10.3.1/thumb/v6-m/nofp/crti.o
 .data          0x00000000        0x0 c:/dev/tools/gcc-arm-none-eabi-10.3-2021.10/bin/../lib/gcc/arm-none-eabi/10.3.1/thumb/v6-m/nofp/crti.o
 .bss           0x00000000        0x0 c:/dev/tools/gcc-arm-none-eabi-10.3-2021.10/bin/../lib/gcc/arm-none-eabi/10.3.1/thumb/v6-m/nofp/crti.o
 .data          0x00000000        0x4 c:/dev/tools/gcc-arm-none-eabi-10.3-2021.10/bin/../lib/gcc/arm-none-eabi/10.3.1/thumb/v6-m/nofp/crtbegin.o
 .rodata        0x00000000       0x24 c:/dev/tools/gcc-arm-none-eabi-10.3-2021.10/bin/../lib/gcc/arm-none-eabi/10.3.1/thumb/v6-m/nofp/crtbegin.o
 .text          0x00000000       0x80 c:/dev/tools/gcc-arm-none-eabi-10.3-2021.10/bin/../lib/gcc/arm-none-eabi/10.3.1/../../../../arm-none-eabi/lib/thumb/v6-m/nofp/crt0.o
 .data          0x00000000        0x0 c:/dev/tools/gcc-arm-none-eabi-10.3-2021.10/bin/../lib/gcc/arm-none-eabi/10.3.1/../../../../arm-none-eabi/lib/thumb/v6-m/nofp/crt0.o
 .bss           0x00000000        0x0 c:/dev/tools/gcc-arm-none-eabi-10.3-2021.10/bin/../lib/gcc/arm-none-eabi/10.3.1/../../../../arm-none-eabi/lib/thumb/v6-m/nofp/crt0.o
 .ARM.extab     0x00000000        0x0 c:/dev/tools/gcc-arm-none-eabi-10.3-2021.10/bin/../lib/gcc/arm-none-eabi/10.3.1/../../../../arm-none-eabi/lib/thumb/v6-m/nofp/crt0.o
 .ARM.exidx     0x00000000       0x10 c:/dev/tools/gcc-arm-none-eabi-10.3-2021.10/bin/../lib/gcc/arm-none-eabi/10.3.1/../../../../arm-none-eabi/lib/thumb/v6-m/nofp/crt0.o
 .ARM.attributes
                0x00000000       0x1b c:/dev/tools/gcc-arm-none-eabi-10.3-2021.10/bin/../lib/gcc/arm-none-eabi/10.3.1/../../../../arm-none-eabi/lib/thumb/v6-m/nofp/crt0.o
 .text          0x00000000        0x0 build/main.o
 .data          0x00000000        0x0 build/main.o
 .bss           0x00000000        0x0 build/main.o
 .text          0x00000000        0x0 build/stm32g0xx_it.o
 .data          0x00000000        0x0 build/stm32g0xx_it.o
 .bss           0x00000000        0x0 build/stm32g0xx_it.o
 .text          0x00000000        0x0 build/stm32g0xx_hal_msp.o
 .data          0x00000000        0x0 build/stm32g0xx_hal_msp.o
 .bss           0x00000000        0x0 build/stm32g0xx_hal_msp.o
 .text          0x00000000        0x0 build/stm32g0xx_hal_adc.o
 .data          0x00000000        0x0 build/stm32g0xx_hal_adc.o
 .bss           0x00000000        0x0 build/stm32g0xx_hal_adc.o
 .text.HAL_ADC_MspInit
                0x00000000        0x2 build/stm32g0xx_hal_adc.o
 .text.HAL_ADC_MspDeInit
                0x00000000        0x2 build/stm32g0xx_hal_adc.o
 .text.HAL_ADC_PollForConversion
[...]
Memory Configuration

Name             Origin             Length             Attributes
RAM              0x20000000         0x00009000         xrw
FLASH            0x08000000         0x00020000         xr
*default*        0x00000000         0xffffffff

Linker script and memory map

LOAD c:/dev/tools/gcc-arm-none-eabi-10.3-2021.10/bin/../lib/gcc/arm-none-eabi/10.3.1/thumb/v6-m/nofp/crti.o
LOAD c:/dev/tools/gcc-arm-none-eabi-10.3-2021.10/bin/../lib/gcc/arm-none-eabi/10.3.1/thumb/v6-m/nofp/crtbegin.o
LOAD c:/dev/tools/gcc-arm-none-eabi-10.3-2021.10/bin/../lib/gcc/arm-none-eabi/10.3.1/../../../../arm-none-eabi/lib/thumb/v6-m/nofp/crt0.o
LOAD build/main.o
LOAD build/stm32g0xx_it.o
LOAD build/stm32g0xx_hal_msp.o
LOAD build/stm32g0xx_hal_adc.o
LOAD build/stm32g0xx_hal_adc_ex.o
LOAD build/stm32g0xx_ll_adc.o
LOAD build/stm32g0xx_hal_rcc.o
LOAD build/stm32g0xx_hal_rcc_ex.o
LOAD build/stm32g0xx_ll_rcc.o
LOAD build/stm32g0xx_hal_flash.o
LOAD build/stm32g0xx_hal_flash_ex.o
LOAD build/stm32g0xx_hal_gpio.o
LOAD build/stm32g0xx_hal_dma.o
LOAD build/stm32g0xx_hal_dma_ex.o
LOAD build/stm32g0xx_hal_pwr.o
LOAD build/stm32g0xx_hal_pwr_ex.o
LOAD build/stm32g0xx_hal_cortex.o
LOAD build/stm32g0xx_hal.o
LOAD build/stm32g0xx_hal_exti.o
LOAD build/stm32g0xx_hal_spi.o
LOAD build/stm32g0xx_hal_spi_ex.o
LOAD build/stm32g0xx_hal_tim.o
LOAD build/stm32g0xx_hal_tim_ex.o
LOAD build/stm32g0xx_hal_uart.o
LOAD build/stm32g0xx_hal_uart_ex.o
LOAD build/system_stm32g0xx.o
LOAD build/sysmem.o
LOAD build/syscalls.o
LOAD build/gpio.o
LOAD build/adc.o
LOAD build/spi.o
LOAD build/usart.o
LOAD build/startup_stm32g070xx.o
LOAD c:/dev/tools/gcc-arm-none-eabi-10.3-2021.10/bin/../lib/gcc/arm-none-eabi/10.3.1/../../../../arm-none-eabi/lib/thumb/v6-m/nofp\libc_nano.a
LOAD c:/dev/tools/gcc-arm-none-eabi-10.3-2021.10/bin/../lib/gcc/arm-none-eabi/10.3.1/../../../../arm-none-eabi/lib/thumb/v6-m/nofp\libm.a
LOAD c:/dev/tools/gcc-arm-none-eabi-10.3-2021.10/bin/../lib/gcc/arm-none-eabi/10.3.1/../../../../arm-none-eabi/lib/thumb/v6-m/nofp\libnosys.a
START GROUP
LOAD c:/dev/tools/gcc-arm-none-eabi-10.3-2021.10/bin/../lib/gcc/arm-none-eabi/10.3.1/thumb/v6-m/nofp\libgcc.a
LOAD c:/dev/tools/gcc-arm-none-eabi-10.3-2021.10/bin/../lib/gcc/arm-none-eabi/10.3.1/../../../../arm-none-eabi/lib/thumb/v6-m/nofp\libc_nano.a
END GROUP
START GROUP
LOAD c:/dev/tools/gcc-arm-none-eabi-10.3-2021.10/bin/../lib/gcc/arm-none-eabi/10.3.1/thumb/v6-m/nofp\libgcc.a
LOAD c:/dev/tools/gcc-arm-none-eabi-10.3-2021.10/bin/../lib/gcc/arm-none-eabi/10.3.1/../../../../arm-none-eabi/lib/thumb/v6-m/nofp\libc_nano.a
END GROUP
LOAD c:/dev/tools/gcc-arm-none-eabi-10.3-2021.10/bin/../lib/gcc/arm-none-eabi/10.3.1/thumb/v6-m/nofp/crtend.o
LOAD c:/dev/tools/gcc-arm-none-eabi-10.3-2021.10/bin/../lib/gcc/arm-none-eabi/10.3.1/thumb/v6-m/nofp/crtn.o
                0x20009000                _estack = (ORIGIN (RAM) + LENGTH (RAM))
                0x00000200                _Min_Heap_Size = 0x200
                0x00000400                _Min_Stack_Size = 0x400

.isr_vector     0x08000000       0xb8
                0x08000000                . = ALIGN (0x4)
 *(.isr_vector)
 .isr_vector    0x08000000       0xb8 build/startup_stm32g070xx.o
                0x08000000                g_pfnVectors
                0x080000b8                . = ALIGN (0x4)

.text           0x080000b8     0x1fdc
                0x080000b8                . = ALIGN (0x4)
 *(.text)
 .text          0x080000b8       0x48 c:/dev/tools/gcc-arm-none-eabi-10.3-2021.10/bin/../lib/gcc/arm-none-eabi/10.3.1/thumb/v6-m/nofp/crtbegin.o
 .text          0x08000100      0x114 c:/dev/tools/gcc-arm-none-eabi-10.3-2021.10/bin/../lib/gcc/arm-none-eabi/10.3.1/thumb/v6-m/nofp\libgcc.a(_udivsi3.o)
                0x08000100                __aeabi_uidiv
                0x08000100                __udivsi3
                0x0800020c                __aeabi_uidivmod
 .text          0x08000214      0x1d4 c:/dev/tools/gcc-arm-none-eabi-10.3-2021.10/bin/../lib/gcc/arm-none-eabi/10.3.1/thumb/v6-m/nofp\libgcc.a(_divsi3.o)
                0x08000214                __divsi3
                0x08000214                __aeabi_idiv
                0x080003e0                __aeabi_idivmod
 .text          0x080003e8        0x4 c:/dev/tools/gcc-arm-none-eabi-10.3-2021.10/bin/../lib/gcc/arm-none-eabi/10.3.1/thumb/v6-m/nofp\libgcc.a(_dvmd_tls.o)
                0x080003e8                __aeabi_idiv0
                0x080003e8                __aeabi_ldiv0
 *(.text*)
 .text.Error_Handler
                0x080003ec        0x4 build/main.o
                0x080003ec                Error_Handler
 .text.SystemClock_Config
                0x080003f0       0x60 build/main.o
                0x080003f0                SystemClock_Config
 .text.main     0x08000450       0x1c build/main.o
                0x08000450                main
 .text.NMI_Handler
                0x0800046c        0x2 build/stm32g0xx_it.o
                0x0800046c                NMI_Handler
 .text.HardFault_Handler
                0x0800046e        0x2 build/stm32g0xx_it.o
                0x0800046e                HardFault_Handler
 .text.SVC_Handler
                0x08000470        0x2 build/stm32g0xx_it.o
                0x08000470                SVC_Handler
 .text.PendSV_Handler
                0x08000472        0x2 build/stm32g0xx_it.o
                0x08000472                PendSV_Handler
 .text.SysTick_Handler
                0x08000474        0x8 build/stm32g0xx_it.o
                0x08000474                SysTick_Handler
 .text.HAL_MspInit
                0x0800047c       0x30 build/stm32g0xx_hal_msp.o
                0x0800047c                HAL_MspInit
 .text.HAL_ADC_Init
                0x080004ac      0x244 build/stm32g0xx_hal_adc.o
                0x080004ac                HAL_ADC_Init
 .text.HAL_ADC_ConfigChannel
                0x080006f0      0x2a0 build/stm32g0xx_hal_adc.o
                0x080006f0                HAL_ADC_ConfigChannel
 .text.HAL_RCC_OscConfig
                0x08000990      0x4a4 build/stm32g0xx_hal_rcc.o
                0x08000990                HAL_RCC_OscConfig
 .text.HAL_RCC_GetSysClockFreq
                0x08000e34       0xb8 build/stm32g0xx_hal_rcc.o
                0x08000e34                HAL_RCC_GetSysClockFreq
 .text.HAL_RCC_ClockConfig
                0x08000eec      0x18c build/stm32g0xx_hal_rcc.o
                0x08000eec                HAL_RCC_ClockConfig
 .text.HAL_RCC_GetHCLKFreq
                0x08001078        0xc build/stm32g0xx_hal_rcc.o
                0x08001078                HAL_RCC_GetHCLKFreq
 .text.HAL_RCC_GetPCLK1Freq
                0x08001084       0x28 build/stm32g0xx_hal_rcc.o
                0x08001084                HAL_RCC_GetPCLK1Freq
 .text.HAL_RCCEx_PeriphCLKConfig
                0x080010ac      0x190 build/stm32g0xx_hal_rcc_ex.o
                0x080010ac                HAL_RCCEx_PeriphCLKConfig
 .text.HAL_GPIO_Init
                0x0800123c      0x178 build/stm32g0xx_hal_gpio.o
                0x0800123c                HAL_GPIO_Init
 .text.HAL_GPIO_WritePin
                0x080013b4        0xc build/stm32g0xx_hal_gpio.o
                0x080013b4                HAL_GPIO_WritePin
 .text.HAL_PWREx_ControlVoltageScaling
                0x080013c0       0x54 build/stm32g0xx_hal_pwr_ex.o
                0x080013c0                HAL_PWREx_ControlVoltageScaling
 .text.HAL_NVIC_SetPriority
                0x08001414       0x60 build/stm32g0xx_hal_cortex.o
                0x08001414                HAL_NVIC_SetPriority
 .text.HAL_SYSTICK_Config
                0x08001474       0x38 build/stm32g0xx_hal_cortex.o
                0x08001474                HAL_SYSTICK_Config
 .text.HAL_InitTick
                0x080014ac       0x58 build/stm32g0xx_hal.o
                0x080014ac                HAL_InitTick
 .text.HAL_Init
                0x08001504       0x28 build/stm32g0xx_hal.o
                0x08001504                HAL_Init
 .text.HAL_IncTick
                0x0800152c       0x18 build/stm32g0xx_hal.o
                0x0800152c                HAL_IncTick
 .text.HAL_GetTick
                0x08001544        0xc build/stm32g0xx_hal.o
                0x08001544                HAL_GetTick
 .text.HAL_SPI_Init
                0x08001550      0x104 build/stm32g0xx_hal_spi.o
                0x08001550                HAL_SPI_Init
 .text.UART_EndRxTransfer
                0x08001654       0x64 build/stm32g0xx_hal_uart.o
 .text.UART_SetConfig
                0x080016b8      0x1f0 build/stm32g0xx_hal_uart.o
                0x080016b8                UART_SetConfig
 .text.UART_AdvFeatureConfig
                0x080018a8       0xe0 build/stm32g0xx_hal_uart.o
                0x080018a8                UART_AdvFeatureConfig
 .text.UART_WaitOnFlagUntilTimeout
                0x08001988       0x9e build/stm32g0xx_hal_uart.o
                0x08001988                UART_WaitOnFlagUntilTimeout
 *fill*         0x08001a26        0x2 
 .text.UART_CheckIdleState
                0x08001a28       0xd4 build/stm32g0xx_hal_uart.o
                0x08001a28                UART_CheckIdleState
 .text.HAL_UART_Init
                0x08001afc       0x70 build/stm32g0xx_hal_uart.o
                0x08001afc                HAL_UART_Init
 .text.UARTEx_SetNbDataToProcess
                0x08001b6c       0x50 build/stm32g0xx_hal_uart_ex.o
 .text.HAL_UARTEx_DisableFifoMode
                0x08001bbc       0x40 build/stm32g0xx_hal_uart_ex.o
                0x08001bbc                HAL_UARTEx_DisableFifoMode
 .text.HAL_UARTEx_SetTxFifoThreshold
                0x08001bfc       0x4a build/stm32g0xx_hal_uart_ex.o
                0x08001bfc                HAL_UARTEx_SetTxFifoThreshold
 *fill*         0x08001c46        0x2 
 .text.HAL_UARTEx_SetRxFifoThreshold
                0x08001c48       0x50 build/stm32g0xx_hal_uart_ex.o
                0x08001c48                HAL_UARTEx_SetRxFifoThreshold
 .text.SystemInit
                0x08001c98        0x2 build/system_stm32g0xx.o
                0x08001c98                SystemInit
 *fill*         0x08001c9a        0x2 
 .text.MX_GPIO_Init
                0x08001c9c       0x78 build/gpio.o
                0x08001c9c                MX_GPIO_Init
 .text.MX_ADC1_Init
                0x08001d14       0x80 build/adc.o
                0x08001d14                MX_ADC1_Init
 .text.HAL_ADC_MspInit
                0x08001d94       0x5c build/adc.o
                0x08001d94                HAL_ADC_MspInit
 .text.MX_SPI2_Init
                0x08001df0       0x40 build/spi.o
                0x08001df0                MX_SPI2_Init
 .text.HAL_SPI_MspInit
                0x08001e30       0xa8 build/spi.o
                0x08001e30                HAL_SPI_MspInit
 .text.MX_USART2_UART_Init
                0x08001ed8       0x74 build/usart.o
                0x08001ed8                MX_USART2_UART_Init
 .text.HAL_UART_MspInit
                0x08001f4c       0x84 build/usart.o
                0x08001f4c                HAL_UART_MspInit
 .text.Reset_Handler
                0x08001fd0       0x50 build/startup_stm32g070xx.o
                0x08001fd0                Reset_Handler
 .text.Default_Handler
                0x08002020        0x2 build/startup_stm32g070xx.o
                0x08002020                TIM1_CC_IRQHandler
                0x08002020                TIM6_IRQHandler
                0x08002020                I2C1_IRQHandler
                0x08002020                RTC_TAMP_IRQHandler
                0x08002020                SPI1_IRQHandler
                0x08002020                USART3_4_IRQHandler
                0x08002020                EXTI2_3_IRQHandler
                0x08002020                ADC1_IRQHandler
                0x08002020                I2C2_IRQHandler
                0x08002020                TIM17_IRQHandler
                0x08002020                TIM16_IRQHandler
                0x08002020                TIM3_IRQHandler
                0x08002020                EXTI4_15_IRQHandler
                0x08002020                RCC_IRQHandler
                0x08002020                DMA1_Channel1_IRQHandler
                0x08002020                Default_Handler
                0x08002020                TIM14_IRQHandler
                0x08002020                TIM7_IRQHandler
                0x08002020                TIM15_IRQHandler
                0x08002020                EXTI0_1_IRQHandler
                0x08002020                SPI2_IRQHandler
                0x08002020                WWDG_IRQHandler
                0x08002020                DMA1_Ch4_7_DMAMUX1_OVR_IRQHandler
                0x08002020                DMA1_Channel2_3_IRQHandler
                0x08002020                USART2_IRQHandler
                0x08002020                FLASH_IRQHandler
                0x08002020                USART1_IRQHandler
                0x08002020                TIM1_BRK_UP_TRG_COM_IRQHandler
 *fill*         0x08002022        0x2 
 .text.__libc_init_array
                0x08002024       0x48 c:/dev/tools/gcc-arm-none-eabi-10.3-2021.10/bin/../lib/gcc/arm-none-eabi/10.3.1/../../../../arm-none-eabi/lib/thumb/v6-m/nofp\libc_nano.a(lib_a-init.o)
                0x08002024                __libc_init_array
 .text.memset   0x0800206c       0x10 c:/dev/tools/gcc-arm-none-eabi-10.3-2021.10/bin/../lib/gcc/arm-none-eabi/10.3.1/../../../../arm-none-eabi/lib/thumb/v6-m/nofp\libc_nano.a(lib_a-memset.o)
                0x0800206c                memset
 *(.glue_7)
 .glue_7        0x0800207c        0x0 linker stubs
 *(.glue_7t)
 .glue_7t       0x0800207c        0x0 linker stubs
 *(.eh_frame)
 .eh_frame      0x0800207c        0x0 c:/dev/tools/gcc-arm-none-eabi-10.3-2021.10/bin/../lib/gcc/arm-none-eabi/10.3.1/thumb/v6-m/nofp/crtbegin.o
 *(.init)
 .init          0x0800207c        0x4 c:/dev/tools/gcc-arm-none-eabi-10.3-2021.10/bin/../lib/gcc/arm-none-eabi/10.3.1/thumb/v6-m/nofp/crti.o
                0x0800207c                _init
 .init          0x08002080        0x8 c:/dev/tools/gcc-arm-none-eabi-10.3-2021.10/bin/../lib/gcc/arm-none-eabi/10.3.1/thumb/v6-m/nofp/crtn.o
 *(.fini)
 .fini          0x08002088        0x4 c:/dev/tools/gcc-arm-none-eabi-10.3-2021.10/bin/../lib/gcc/arm-none-eabi/10.3.1/thumb/v6-m/nofp/crti.o
                0x08002088                _fini
 .fini          0x0800208c        0x8 c:/dev/tools/gcc-arm-none-eabi-10.3-2021.10/bin/../lib/gcc/arm-none-eabi/10.3.1/thumb/v6-m/nofp/crtn.o
                0x08002094                . = ALIGN (0x4)
                0x08002094                _etext = .

.vfp11_veneer   0x08002094        0x0
 .vfp11_veneer  0x08002094        0x0 linker stubs

.v4_bx          0x08002094        0x0
 .v4_bx         0x08002094        0x0 linker stubs

.iplt           0x08002094        0x0
 .iplt          0x08002094        0x0 c:/dev/tools/gcc-arm-none-eabi-10.3-2021.10/bin/../lib/gcc/arm-none-eabi/10.3.1/thumb/v6-m/nofp/crtbegin.o

.rodata         0x08002094       0x88
                0x08002094                . = ALIGN (0x4)
 *(.rodata)
 *(.rodata*)
 .rodata.UARTPrescTable
                0x08002094       0x18 build/stm32g0xx_hal_uart.o
                0x08002094                UARTPrescTable
 .rodata.denominator.0
                0x080020ac        0x8 build/stm32g0xx_hal_uart_ex.o
 .rodata.numerator.1
                0x080020b4        0x8 build/stm32g0xx_hal_uart_ex.o
 .rodata.AHBPrescTable
                0x080020bc       0x40 build/system_stm32g0xx.o
                0x080020bc                AHBPrescTable
 .rodata.APBPrescTable
                0x080020fc       0x20 build/system_stm32g0xx.o
                0x080020fc                APBPrescTable
                0x0800211c                . = ALIGN (0x4)

.rel.dyn        0x0800211c        0x0
 .rel.iplt      0x0800211c        0x0 c:/dev/tools/gcc-arm-none-eabi-10.3-2021.10/bin/../lib/gcc/arm-none-eabi/10.3.1/thumb/v6-m/nofp/crtbegin.o

.ARM.extab
 *(.ARM.extab* .gnu.linkonce.armextab.*)

.ARM            0x0800211c        0x0
                0x0800211c                __exidx_start = .
 *(.ARM.exidx*)
                0x0800211c                __exidx_end = .

.preinit_array  0x0800211c        0x0
                0x0800211c                PROVIDE (__preinit_array_start = .)
 *(.preinit_array*)
                0x0800211c                PROVIDE (__preinit_array_end = .)

.init_array     0x0800211c        0x4
                0x0800211c                PROVIDE (__init_array_start = .)
 *(SORT_BY_NAME(.init_array.*))
 *(.init_array*)
 .init_array    0x0800211c        0x4 c:/dev/tools/gcc-arm-none-eabi-10.3-2021.10/bin/../lib/gcc/arm-none-eabi/10.3.1/thumb/v6-m/nofp/crtbegin.o
                0x08002120                PROVIDE (__init_array_end = .)

.fini_array     0x08002120        0x4
                [!provide]                PROVIDE (__fini_array_start = .)
 *(SORT_BY_NAME(.fini_array.*))
 *(.fini_array*)
 .fini_array    0x08002120        0x4 c:/dev/tools/gcc-arm-none-eabi-10.3-2021.10/bin/../lib/gcc/arm-none-eabi/10.3.1/thumb/v6-m/nofp/crtbegin.o
                [!provide]                PROVIDE (__fini_array_end = .)
                0x08002124                _sidata = LOADADDR (.data)

.data           0x20000000        0xc load address 0x08002124
                0x20000000                . = ALIGN (0x4)
                0x20000000                _sdata = .
 *(.data)
 *(.data*)
 .data.uwTickFreq
                0x20000000        0x1 build/stm32g0xx_hal.o
                0x20000000                uwTickFreq
 *fill*         0x20000001        0x3 
 .data.uwTickPrio
                0x20000004        0x4 build/stm32g0xx_hal.o
                0x20000004                uwTickPrio
 .data.SystemCoreClock
                0x20000008        0x4 build/system_stm32g0xx.o
                0x20000008                SystemCoreClock
                0x2000000c                . = ALIGN (0x4)
                0x2000000c                _edata = .

.igot.plt       0x2000000c        0x0 load address 0x08002130
 .igot.plt      0x2000000c        0x0 c:/dev/tools/gcc-arm-none-eabi-10.3-2021.10/bin/../lib/gcc/arm-none-eabi/10.3.1/thumb/v6-m/nofp/crtbegin.o
                0x2000000c                . = ALIGN (0x4)

.bss            0x2000000c      0x17c load address 0x08002130
                0x2000000c                _sbss = .
                0x2000000c                __bss_start__ = _sbss
 *(.bss)
 .bss           0x2000000c       0x1c c:/dev/tools/gcc-arm-none-eabi-10.3-2021.10/bin/../lib/gcc/arm-none-eabi/10.3.1/thumb/v6-m/nofp/crtbegin.o
 *(.bss*)
 .bss.uwTick    0x20000028        0x4 build/stm32g0xx_hal.o
                0x20000028                uwTick
 .bss.hadc1     0x2000002c       0x64 build/adc.o
                0x2000002c                hadc1
 .bss.hspi2     0x20000090       0x64 build/spi.o
                0x20000090                hspi2
 .bss.huart2    0x200000f4       0x94 build/usart.o
                0x200000f4                huart2
 *(COMMON)
                0x20000188                . = ALIGN (0x4)
                0x20000188                _ebss = .
                0x20000188                __bss_end__ = _ebss

._user_heap_stack
                0x20000188      0x600 load address 0x08002130
                0x20000188                . = ALIGN (0x8)
                [!provide]                PROVIDE (end = .)
                0x20000188                PROVIDE (_end = .)
                0x20000388                . = (. + _Min_Heap_Size)
 *fill*         0x20000188      0x200 
                0x20000788                . = (. + _Min_Stack_Size)
 *fill*         0x20000388      0x400 
                0x20000788                . = ALIGN (0x8)

/DISCARD/
 libc.a(*)
 libm.a(*)
 libgcc.a(*)

.ARM.attributes
                0x00000000       0x28
 *(.ARM.attributes)
 .ARM.attributes
                0x00000000       0x1e c:/dev/tools/gcc-arm-none-eabi-10.3-2021.10/bin/../lib/gcc/arm-none-eabi/10.3.1/thumb/v6-m/nofp/crti.o
 .ARM.attributes
                0x0000001e       0x2c c:/dev/tools/gcc-arm-none-eabi-10.3-2021.10/bin/../lib/gcc/arm-none-eabi/10.3.1/thumb/v6-m/nofp/crtbegin.o
 .ARM.attributes
                0x0000004a       0x2c build/main.o
 .ARM.attributes
                0x00000076       0x2c build/stm32g0xx_it.o
 .ARM.attributes
                0x000000a2       0x2c build/stm32g0xx_hal_msp.o
 .ARM.attributes
                0x000000ce       0x2c build/stm32g0xx_hal_adc.o
 .ARM.attributes
                0x000000fa       0x2c build/stm32g0xx_hal_rcc.o
 .ARM.attributes
                0x00000126       0x2c build/stm32g0xx_hal_rcc_ex.o
 .ARM.attributes
                0x00000152       0x2c build/stm32g0xx_hal_gpio.o
 .ARM.attributes
                0x0000017e       0x2c build/stm32g0xx_hal_pwr_ex.o
 .ARM.attributes
                0x000001aa       0x2c build/stm32g0xx_hal_cortex.o
 .ARM.attributes
                0x000001d6       0x2c build/stm32g0xx_hal.o
 .ARM.attributes
                0x00000202       0x2c build/stm32g0xx_hal_spi.o
 .ARM.attributes
                0x0000022e       0x2c build/stm32g0xx_hal_uart.o
 .ARM.attributes
                0x0000025a       0x2c build/stm32g0xx_hal_uart_ex.o
 .ARM.attributes
                0x00000286       0x2c build/system_stm32g0xx.o
 .ARM.attributes
                0x000002b2       0x2c build/gpio.o
 .ARM.attributes
                0x000002de       0x2c build/adc.o
 .ARM.attributes
                0x0000030a       0x2c build/spi.o
 .ARM.attributes
                0x00000336       0x2c build/usart.o
 .ARM.attributes
                0x00000362       0x22 build/startup_stm32g070xx.o
 .ARM.attributes
                0x00000384       0x2c c:/dev/tools/gcc-arm-none-eabi-10.3-2021.10/bin/../lib/gcc/arm-none-eabi/10.3.1/../../../../arm-none-eabi/lib/thumb/v6-m/nofp\libc_nano.a(lib_a-init.o)
 .ARM.attributes
                0x000003b0       0x2c c:/dev/tools/gcc-arm-none-eabi-10.3-2021.10/bin/../lib/gcc/arm-none-eabi/10.3.1/../../../../arm-none-eabi/lib/thumb/v6-m/nofp\libc_nano.a(lib_a-memset.o)
 .ARM.attributes
                0x000003dc       0x1e c:/dev/tools/gcc-arm-none-eabi-10.3-2021.10/bin/../lib/gcc/arm-none-eabi/10.3.1/thumb/v6-m/nofp\libgcc.a(_udivsi3.o)
 .ARM.attributes
                0x000003fa       0x1e c:/dev/tools/gcc-arm-none-eabi-10.3-2021.10/bin/../lib/gcc/arm-none-eabi/10.3.1/thumb/v6-m/nofp\libgcc.a(_divsi3.o)
 .ARM.attributes
                0x00000418       0x1e c:/dev/tools/gcc-arm-none-eabi-10.3-2021.10/bin/../lib/gcc/arm-none-eabi/10.3.1/thumb/v6-m/nofp\libgcc.a(_dvmd_tls.o)
 .ARM.attributes
                0x00000436       0x1e c:/dev/tools/gcc-arm-none-eabi-10.3-2021.10/bin/../lib/gcc/arm-none-eabi/10.3.1/thumb/v6-m/nofp/crtn.o
OUTPUT(build/SPI_G070RB.elf elf32-littlearm)
LOAD linker stubs
LOAD c:/dev/tools/gcc-arm-none-eabi-10.3-2021.10/bin/../lib/gcc/arm-none-eabi/10.3.1/../../../../arm-none-eabi/lib/thumb/v6-m/nofp\libc.a
LOAD c:/dev/tools/gcc-arm-none-eabi-10.3-2021.10/bin/../lib/gcc/arm-none-eabi/10.3.1/../../../../arm-none-eabi/lib/thumb/v6-m/nofp\libm.a
LOAD c:/dev/tools/gcc-arm-none-eabi-10.3-2021.10/bin/../lib/gcc/arm-none-eabi/10.3.1/thumb/v6-m/nofp\libgcc.a

.debug_info     0x00000000    0x135a8
 .debug_info    0x00000000      0x443 build/main.o
 .debug_info    0x00000443      0x149 build/stm32g0xx_it.o
 .debug_info    0x0000058c      0x2cf build/stm32g0xx_hal_msp.o
 .debug_info    0x0000085b     0x2522 build/stm32g0xx_hal_adc.o
 .debug_info    0x00002d7d      0xe60 build/stm32g0xx_hal_rcc.o
 .debug_info    0x00003bdd      0x9a6 build/stm32g0xx_hal_rcc_ex.o
 .debug_info    0x00004583      0x693 build/stm32g0xx_hal_gpio.o
 .debug_info    0x00004c16      0x5ca build/stm32g0xx_hal_pwr_ex.o
 .debug_info    0x000051e0      0xb40 build/stm32g0xx_hal_cortex.o
 .debug_info    0x00005d20      0xab4 build/stm32g0xx_hal.o
 .debug_info    0x000067d4     0x242f build/stm32g0xx_hal_spi.o
 .debug_info    0x00008c03     0x65b8 build/stm32g0xx_hal_uart.o
 .debug_info    0x0000f1bb     0x1364 build/stm32g0xx_hal_uart_ex.o
 .debug_info    0x0001051f      0x3d4 build/system_stm32g0xx.o
 .debug_info    0x000108f3      0x4ff build/gpio.o
 .debug_info    0x00010df2      0xd0e build/adc.o
 .debug_info    0x00011b00      0xc45 build/spi.o
 .debug_info    0x00012745      0xe41 build/usart.o
 .debug_info    0x00013586       0x22 build/startup_stm32g070xx.o

.debug_abbrev   0x00000000     0x27b8
 .debug_abbrev  0x00000000      0x1ad build/main.o
 .debug_abbrev  0x000001ad       0xba build/stm32g0xx_it.o
 .debug_abbrev  0x00000267       0xeb build/stm32g0xx_hal_msp.o
 .debug_abbrev  0x00000352      0x307 build/stm32g0xx_hal_adc.o
 .debug_abbrev  0x00000659      0x2d8 build/stm32g0xx_hal_rcc.o
 .debug_abbrev  0x00000931      0x26e build/stm32g0xx_hal_rcc_ex.o
 .debug_abbrev  0x00000b9f      0x239 build/stm32g0xx_hal_gpio.o
 .debug_abbrev  0x00000dd8      0x219 build/stm32g0xx_hal_pwr_ex.o
 .debug_abbrev  0x00000ff1      0x2c7 build/stm32g0xx_hal_cortex.o
 .debug_abbrev  0x000012b8      0x2bc build/stm32g0xx_hal.o
 .debug_abbrev  0x00001574      0x2bd build/stm32g0xx_hal_spi.o
 .debug_abbrev  0x00001831      0x35e build/stm32g0xx_hal_uart.o
 .debug_abbrev  0x00001b8f      0x354 build/stm32g0xx_hal_uart_ex.o
 .debug_abbrev  0x00001ee3      0x145 build/system_stm32g0xx.o
 .debug_abbrev  0x00002028      0x17b build/gpio.o
 .debug_abbrev  0x000021a3      0x201 build/adc.o
 .debug_abbrev  0x000023a4      0x201 build/spi.o
 .debug_abbrev  0x000025a5      0x201 build/usart.o
 .debug_abbrev  0x000027a6       0x12 build/startup_stm32g070xx.o

.debug_loc      0x00000000     0xc2d4
 .debug_loc     0x00000000       0x4d build/main.o
 .debug_loc     0x0000004d       0x20 build/stm32g0xx_it.o
 .debug_loc     0x0000006d       0x20 build/stm32g0xx_hal_msp.o
 .debug_loc     0x0000008d     0x1cb9 build/stm32g0xx_hal_adc.o
 .debug_loc     0x00001d46      0x884 build/stm32g0xx_hal_rcc.o
 .debug_loc     0x000025ca      0x863 build/stm32g0xx_hal_rcc_ex.o
 .debug_loc     0x00002e2d      0x433 build/stm32g0xx_hal_gpio.o
 .debug_loc     0x00003260      0x320 build/stm32g0xx_hal_pwr_ex.o
 .debug_loc     0x00003580      0x498 build/stm32g0xx_hal_cortex.o
 .debug_loc     0x00003a18      0x25d build/stm32g0xx_hal.o
 .debug_loc     0x00003c75     0x276f build/stm32g0xx_hal_spi.o
 .debug_loc     0x000063e4     0x4cd3 build/stm32g0xx_hal_uart.o
 .debug_loc     0x0000b0b7      0xe43 build/stm32g0xx_hal_uart_ex.o
 .debug_loc     0x0000befa       0xc9 build/system_stm32g0xx.o
 .debug_loc     0x0000bfc3       0x2d build/gpio.o
 .debug_loc     0x0000bff0       0xf9 build/adc.o
 .debug_loc     0x0000c0e9       0xfd build/spi.o
 .debug_loc     0x0000c1e6       0xee build/usart.o

.debug_aranges  0x00000000      0xab8
 .debug_aranges
                0x00000000       0x30 build/main.o
 .debug_aranges
                0x00000030       0x40 build/stm32g0xx_it.o
 .debug_aranges
                0x00000070       0x20 build/stm32g0xx_hal_msp.o
 .debug_aranges
                0x00000090       0xf8 build/stm32g0xx_hal_adc.o
 .debug_aranges
                0x00000188       0x98 build/stm32g0xx_hal_rcc.o
 .debug_aranges
                0x00000220       0x40 build/stm32g0xx_hal_rcc_ex.o
 .debug_aranges
                0x00000260       0x60 build/stm32g0xx_hal_gpio.o
 .debug_aranges
                0x000002c0       0x98 build/stm32g0xx_hal_pwr_ex.o
 .debug_aranges
                0x00000358       0xa0 build/stm32g0xx_hal_cortex.o
 .debug_aranges
                0x000003f8       0xf8 build/stm32g0xx_hal.o
 .debug_aranges
                0x000004f0      0x1d8 build/stm32g0xx_hal_spi.o
 .debug_aranges
                0x000006c8      0x248 build/stm32g0xx_hal_uart.o
 .debug_aranges
                0x00000910       0xa8 build/stm32g0xx_hal_uart_ex.o
 .debug_aranges
                0x000009b8       0x28 build/system_stm32g0xx.o
 .debug_aranges
                0x000009e0       0x20 build/gpio.o
 .debug_aranges
                0x00000a00       0x30 build/adc.o
 .debug_aranges
                0x00000a30       0x30 build/spi.o
 .debug_aranges
                0x00000a60       0x30 build/usart.o
 .debug_aranges
                0x00000a90       0x28 build/startup_stm32g070xx.o

.debug_ranges   0x00000000      0xb48
 .debug_ranges  0x00000000       0x20 build/main.o
 .debug_ranges  0x00000020       0x30 build/stm32g0xx_it.o
 .debug_ranges  0x00000050       0x10 build/stm32g0xx_hal_msp.o
 .debug_ranges  0x00000060      0x1d8 build/stm32g0xx_hal_adc.o
 .debug_ranges  0x00000238       0xa8 build/stm32g0xx_hal_rcc.o
 .debug_ranges  0x000002e0       0x48 build/stm32g0xx_hal_rcc_ex.o
 .debug_ranges  0x00000328       0x50 build/stm32g0xx_hal_gpio.o
 .debug_ranges  0x00000378       0x88 build/stm32g0xx_hal_pwr_ex.o
 .debug_ranges  0x00000400       0xf0 build/stm32g0xx_hal_cortex.o
 .debug_ranges  0x000004f0       0xe8 build/stm32g0xx_hal.o
 .debug_ranges  0x000005d8      0x1c8 build/stm32g0xx_hal_spi.o
 .debug_ranges  0x000007a0      0x238 build/stm32g0xx_hal_uart.o
 .debug_ranges  0x000009d8       0xc8 build/stm32g0xx_hal_uart_ex.o
 .debug_ranges  0x00000aa0       0x18 build/system_stm32g0xx.o
 .debug_ranges  0x00000ab8       0x10 build/gpio.o
 .debug_ranges  0x00000ac8       0x20 build/adc.o
 .debug_ranges  0x00000ae8       0x20 build/spi.o
 .debug_ranges  0x00000b08       0x20 build/usart.o
 .debug_ranges  0x00000b28       0x20 build/startup_stm32g070xx.o

.debug_line     0x00000000     0xd971
 .debug_line    0x00000000      0x2c3 build/main.o
 .debug_line    0x000002c3      0x1be build/stm32g0xx_it.o
 .debug_line    0x00000481      0x184 build/stm32g0xx_hal_msp.o
 .debug_line    0x00000605     0x1926 build/stm32g0xx_hal_adc.o
 .debug_line    0x00001f2b      0xd6c build/stm32g0xx_hal_rcc.o
 .debug_line    0x00002c97      0x7cb build/stm32g0xx_hal_rcc_ex.o
 .debug_line    0x00003462      0x692 build/stm32g0xx_hal_gpio.o
 .debug_line    0x00003af4      0x54f build/stm32g0xx_hal_pwr_ex.o
 .debug_line    0x00004043      0x68d build/stm32g0xx_hal_cortex.o
 .debug_line    0x000046d0      0x5ae build/stm32g0xx_hal.o
 .debug_line    0x00004c7e     0x282c build/stm32g0xx_hal_spi.o
 .debug_line    0x000074aa     0x4961 build/stm32g0xx_hal_uart.o
 .debug_line    0x0000be0b      0xc87 build/stm32g0xx_hal_uart_ex.o
 .debug_line    0x0000ca92      0x271 build/system_stm32g0xx.o
 .debug_line    0x0000cd03      0x1d2 build/gpio.o
 .debug_line    0x0000ced5      0x35b build/adc.o
 .debug_line    0x0000d230      0x353 build/spi.o
 .debug_line    0x0000d583      0x377 build/usart.o
 .debug_line    0x0000d8fa       0x77 build/startup_stm32g070xx.o

.debug_str      0x00000000     0x38a4
 .debug_str     0x00000000      0x33e build/main.o
                                0x38a (size before relaxing)
 .debug_str     0x0000033e       0x6d build/stm32g0xx_it.o
                                0x1d1 (size before relaxing)
 .debug_str     0x000003ab       0xe8 build/stm32g0xx_hal_msp.o
                                0x265 (size before relaxing)
 .debug_str     0x00000493      0xd53 build/stm32g0xx_hal_adc.o
                                0xf84 (size before relaxing)
 .debug_str     0x000011e6      0x355 build/stm32g0xx_hal_rcc.o
                                0x756 (size before relaxing)
 .debug_str     0x0000153b      0x1f8 build/stm32g0xx_hal_rcc_ex.o
                                0x5b0 (size before relaxing)
 .debug_str     0x00001733      0x174 build/stm32g0xx_hal_gpio.o
                                0x3e3 (size before relaxing)
 .debug_str     0x000018a7      0x243 build/stm32g0xx_hal_pwr_ex.o
                                0x4ce (size before relaxing)
 .debug_str     0x00001aea      0x56b build/stm32g0xx_hal_cortex.o
                                0x73f (size before relaxing)
 .debug_str     0x00002055      0x2fc build/stm32g0xx_hal.o
                                0x828 (size before relaxing)
 .debug_str     0x00002351      0x768 build/stm32g0xx_hal_spi.o
                                0xc9b (size before relaxing)
 .debug_str     0x00002ab9      0xa6f build/stm32g0xx_hal_uart.o
                               0x1130 (size before relaxing)
 .debug_str     0x00003528      0x2aa build/stm32g0xx_hal_uart_ex.o
                                0xb2a (size before relaxing)
 .debug_str     0x000037d2       0x3d build/system_stm32g0xx.o
                                0x2ce (size before relaxing)
 .debug_str     0x0000380f       0x10 build/gpio.o
                                0x32e (size before relaxing)
 .debug_str     0x0000381f       0x1f build/adc.o
                                0x8d3 (size before relaxing)
 .debug_str     0x0000383e       0x1f build/spi.o
                                0x82e (size before relaxing)
 .debug_str     0x0000385d       0x23 build/usart.o
                                0x9d1 (size before relaxing)
 .debug_str     0x00003880       0x24 build/startup_stm32g070xx.o
                                 0x3f (size before relaxing)

.comment        0x00000000       0x49
 .comment       0x00000000       0x49 build/main.o
                                 0x4a (size before relaxing)
 .comment       0x00000049       0x4a build/stm32g0xx_it.o
 .comment       0x00000049       0x4a build/stm32g0xx_hal_msp.o
 .comment       0x00000049       0x4a build/stm32g0xx_hal_adc.o
 .comment       0x00000049       0x4a build/stm32g0xx_hal_rcc.o
 .comment       0x00000049       0x4a build/stm32g0xx_hal_rcc_ex.o
 .comment       0x00000049       0x4a build/stm32g0xx_hal_gpio.o
 .comment       0x00000049       0x4a build/stm32g0xx_hal_pwr_ex.o
 .comment       0x00000049       0x4a build/stm32g0xx_hal_cortex.o
 .comment       0x00000049       0x4a build/stm32g0xx_hal.o
 .comment       0x00000049       0x4a build/stm32g0xx_hal_spi.o
 .comment       0x00000049       0x4a build/stm32g0xx_hal_uart.o
 .comment       0x00000049       0x4a build/stm32g0xx_hal_uart_ex.o
 .comment       0x00000049       0x4a build/system_stm32g0xx.o
 .comment       0x00000049       0x4a build/gpio.o
 .comment       0x00000049       0x4a build/adc.o
 .comment       0x00000049       0x4a build/spi.o
 .comment       0x00000049       0x4a build/usart.o

.debug_frame    0x00000000     0x1b10
 .debug_frame   0x00000000       0x50 build/main.o
 .debug_frame   0x00000050       0x68 build/stm32g0xx_it.o
 .debug_frame   0x000000b8       0x24 build/stm32g0xx_hal_msp.o
 .debug_frame   0x000000dc      0x2a8 build/stm32g0xx_hal_adc.o
 .debug_frame   0x00000384      0x16c build/stm32g0xx_hal_rcc.o
 .debug_frame   0x000004f0       0x90 build/stm32g0xx_hal_rcc_ex.o
 .debug_frame   0x00000580       0xd0 build/stm32g0xx_hal_gpio.o
 .debug_frame   0x00000650      0x120 build/stm32g0xx_hal_pwr_ex.o
 .debug_frame   0x00000770      0x134 build/stm32g0xx_hal_cortex.o
 .debug_frame   0x000008a4      0x1fc build/stm32g0xx_hal.o
 .debug_frame   0x00000aa0      0x5a4 build/stm32g0xx_hal_spi.o
 .debug_frame   0x00001044      0x6e0 build/stm32g0xx_hal_uart.o
 .debug_frame   0x00001724      0x1e0 build/stm32g0xx_hal_uart_ex.o
 .debug_frame   0x00001904       0x38 build/system_stm32g0xx.o
 .debug_frame   0x0000193c       0x30 build/gpio.o
 .debug_frame   0x0000196c       0x5c build/adc.o
 .debug_frame   0x000019c8       0x60 build/spi.o
 .debug_frame   0x00001a28       0x5c build/usart.o
 .debug_frame   0x00001a84       0x2c c:/dev/tools/gcc-arm-none-eabi-10.3-2021.10/bin/../lib/gcc/arm-none-eabi/10.3.1/../../../../arm-none-eabi/lib/thumb/v6-m/nofp\libc_nano.a(lib_a-init.o)
 .debug_frame   0x00001ab0       0x20 c:/dev/tools/gcc-arm-none-eabi-10.3-2021.10/bin/../lib/gcc/arm-none-eabi/10.3.1/../../../../arm-none-eabi/lib/thumb/v6-m/nofp\libc_nano.a(lib_a-memset.o)
 .debug_frame   0x00001ad0       0x20 c:/dev/tools/gcc-arm-none-eabi-10.3-2021.10/bin/../lib/gcc/arm-none-eabi/10.3.1/thumb/v6-m/nofp\libgcc.a(_udivsi3.o)
 .debug_frame   0x00001af0       0x20 c:/dev/tools/gcc-arm-none-eabi-10.3-2021.10/bin/../lib/gcc/arm-none-eabi/10.3.1/thumb/v6-m/nofp\libgcc.a(_divsi3.o)

Cross Reference Table

Symbol                                            File
ADC1_IRQHandler                                   build/startup_stm32g070xx.o
ADC_ConversionStop                                build/stm32g0xx_hal_adc.o
ADC_Disable                                       build/stm32g0xx_hal_adc.o
                                                  build/stm32g0xx_hal_adc_ex.o
ADC_Enable                                        build/stm32g0xx_hal_adc.o
AHBPrescTable                                     build/system_stm32g0xx.o
                                                  build/stm32g0xx_hal_rcc.o
APBPrescTable                                     build/system_stm32g0xx.o
                                                  build/stm32g0xx_hal_rcc.o
DMA1_Ch4_7_DMAMUX1_OVR_IRQHandler                 build/startup_stm32g070xx.o
DMA1_Channel1_IRQHandler                          build/startup_stm32g070xx.o
DMA1_Channel2_3_IRQHandler                        build/startup_stm32g070xx.o
Default_Handler                                   build/startup_stm32g070xx.o
EXTI0_1_IRQHandler                                build/startup_stm32g070xx.o
EXTI2_3_IRQHandler                                build/startup_stm32g070xx.o
EXTI4_15_IRQHandler                               build/startup_stm32g070xx.o
Error_Handler                                     build/main.o
                                                  build/usart.o
                                                  build/spi.o
                                                  build/adc.o
FLASH_FlushCaches                                 build/stm32g0xx_hal_flash_ex.o
FLASH_IRQHandler                                  build/startup_stm32g070xx.o
FLASH_PageErase                                   build/stm32g0xx_hal_flash_ex.o
                                                  build/stm32g0xx_hal_flash.o
FLASH_WaitForLastOperation                        build/stm32g0xx_hal_flash.o
                                                  build/stm32g0xx_hal_flash_ex.o
HAL_ADCEx_Calibration_GetValue                    build/stm32g0xx_hal_adc_ex.o
HAL_ADCEx_Calibration_SetValue                    build/stm32g0xx_hal_adc_ex.o
HAL_ADCEx_Calibration_Start                       build/stm32g0xx_hal_adc_ex.o
HAL_ADCEx_ChannelConfigReadyCallback              build/stm32g0xx_hal_adc_ex.o
                                                  build/stm32g0xx_hal_adc.o
HAL_ADCEx_DisableVoltageRegulator                 build/stm32g0xx_hal_adc_ex.o
HAL_ADCEx_EndOfSamplingCallback                   build/stm32g0xx_hal_adc_ex.o
                                                  build/stm32g0xx_hal_adc.o
HAL_ADCEx_LevelOutOfWindow2Callback               build/stm32g0xx_hal_adc_ex.o
                                                  build/stm32g0xx_hal_adc.o
HAL_ADCEx_LevelOutOfWindow3Callback               build/stm32g0xx_hal_adc_ex.o
                                                  build/stm32g0xx_hal_adc.o
HAL_ADC_AnalogWDGConfig                           build/stm32g0xx_hal_adc.o
HAL_ADC_ConfigChannel                             build/stm32g0xx_hal_adc.o
                                                  build/adc.o
HAL_ADC_ConvCpltCallback                          build/stm32g0xx_hal_adc.o
HAL_ADC_ConvHalfCpltCallback                      build/stm32g0xx_hal_adc.o
HAL_ADC_DeInit                                    build/stm32g0xx_hal_adc.o
HAL_ADC_ErrorCallback                             build/stm32g0xx_hal_adc.o
HAL_ADC_GetError                                  build/stm32g0xx_hal_adc.o
HAL_ADC_GetState                                  build/stm32g0xx_hal_adc.o
HAL_ADC_GetValue                                  build/stm32g0xx_hal_adc.o
HAL_ADC_IRQHandler                                build/stm32g0xx_hal_adc.o
HAL_ADC_Init                                      build/stm32g0xx_hal_adc.o
                                                  build/adc.o
HAL_ADC_LevelOutOfWindowCallback                  build/stm32g0xx_hal_adc.o
HAL_ADC_MspDeInit                                 build/adc.o
                                                  build/stm32g0xx_hal_adc.o
HAL_ADC_MspInit                                   build/adc.o
                                                  build/stm32g0xx_hal_adc.o
HAL_ADC_PollForConversion                         build/stm32g0xx_hal_adc.o
HAL_ADC_PollForEvent                              build/stm32g0xx_hal_adc.o
HAL_ADC_Start                                     build/stm32g0xx_hal_adc.o
HAL_ADC_Start_DMA                                 build/stm32g0xx_hal_adc.o
HAL_ADC_Start_IT                                  build/stm32g0xx_hal_adc.o
HAL_ADC_Stop                                      build/stm32g0xx_hal_adc.o
HAL_ADC_Stop_DMA                                  build/stm32g0xx_hal_adc.o
HAL_ADC_Stop_IT                                   build/stm32g0xx_hal_adc.o
HAL_DBGMCU_DisableDBGStandbyMode                  build/stm32g0xx_hal.o
HAL_DBGMCU_DisableDBGStopMode                     build/stm32g0xx_hal.o
HAL_DBGMCU_EnableDBGStandbyMode                   build/stm32g0xx_hal.o
HAL_DBGMCU_EnableDBGStopMode                      build/stm32g0xx_hal.o
HAL_DMAEx_ConfigMuxRequestGenerator               build/stm32g0xx_hal_dma_ex.o
HAL_DMAEx_ConfigMuxSync                           build/stm32g0xx_hal_dma_ex.o
HAL_DMAEx_DisableMuxRequestGenerator              build/stm32g0xx_hal_dma_ex.o
HAL_DMAEx_EnableMuxRequestGenerator               build/stm32g0xx_hal_dma_ex.o
HAL_DMAEx_MUX_IRQHandler                          build/stm32g0xx_hal_dma_ex.o
HAL_DMA_Abort                                     build/stm32g0xx_hal_dma.o
                                                  build/stm32g0xx_hal_uart.o
                                                  build/stm32g0xx_hal_spi.o
                                                  build/stm32g0xx_hal_adc.o
HAL_DMA_Abort_IT                                  build/stm32g0xx_hal_dma.o
                                                  build/stm32g0xx_hal_uart.o
                                                  build/stm32g0xx_hal_spi.o
HAL_DMA_DeInit                                    build/stm32g0xx_hal_dma.o
HAL_DMA_GetError                                  build/stm32g0xx_hal_dma.o
                                                  build/stm32g0xx_hal_uart.o
HAL_DMA_GetState                                  build/stm32g0xx_hal_dma.o
HAL_DMA_IRQHandler                                build/stm32g0xx_hal_dma.o
HAL_DMA_Init                                      build/stm32g0xx_hal_dma.o
HAL_DMA_PollForTransfer                           build/stm32g0xx_hal_dma.o
HAL_DMA_RegisterCallback                          build/stm32g0xx_hal_dma.o
HAL_DMA_Start                                     build/stm32g0xx_hal_dma.o
HAL_DMA_Start_IT                                  build/stm32g0xx_hal_dma.o
                                                  build/stm32g0xx_hal_uart.o
                                                  build/stm32g0xx_hal_spi.o
                                                  build/stm32g0xx_hal_adc.o
HAL_DMA_UnRegisterCallback                        build/stm32g0xx_hal_dma.o
HAL_DeInit                                        build/stm32g0xx_hal.o
HAL_Delay                                         build/stm32g0xx_hal.o
HAL_EXTI_ClearConfigLine                          build/stm32g0xx_hal_exti.o
HAL_EXTI_ClearPending                             build/stm32g0xx_hal_exti.o
HAL_EXTI_GenerateSWI                              build/stm32g0xx_hal_exti.o
HAL_EXTI_GetConfigLine                            build/stm32g0xx_hal_exti.o
HAL_EXTI_GetHandle                                build/stm32g0xx_hal_exti.o
HAL_EXTI_GetPending                               build/stm32g0xx_hal_exti.o
HAL_EXTI_IRQHandler                               build/stm32g0xx_hal_exti.o
HAL_EXTI_RegisterCallback                         build/stm32g0xx_hal_exti.o
HAL_EXTI_SetConfigLine                            build/stm32g0xx_hal_exti.o
HAL_FLASHEx_Erase                                 build/stm32g0xx_hal_flash_ex.o
HAL_FLASHEx_Erase_IT                              build/stm32g0xx_hal_flash_ex.o
HAL_FLASHEx_FlashEmptyCheck                       build/stm32g0xx_hal_flash_ex.o
HAL_FLASHEx_ForceFlashEmpty                       build/stm32g0xx_hal_flash_ex.o
HAL_FLASHEx_OBGetConfig                           build/stm32g0xx_hal_flash_ex.o
HAL_FLASHEx_OBProgram                             build/stm32g0xx_hal_flash_ex.o
HAL_FLASH_EndOfOperationCallback                  build/stm32g0xx_hal_flash.o
HAL_FLASH_GetError                                build/stm32g0xx_hal_flash.o
HAL_FLASH_IRQHandler                              build/stm32g0xx_hal_flash.o
HAL_FLASH_Lock                                    build/stm32g0xx_hal_flash.o
HAL_FLASH_OB_Launch                               build/stm32g0xx_hal_flash.o
HAL_FLASH_OB_Lock                                 build/stm32g0xx_hal_flash.o
HAL_FLASH_OB_Unlock                               build/stm32g0xx_hal_flash.o
HAL_FLASH_OperationErrorCallback                  build/stm32g0xx_hal_flash.o
HAL_FLASH_Program                                 build/stm32g0xx_hal_flash.o
HAL_FLASH_Program_IT                              build/stm32g0xx_hal_flash.o
HAL_FLASH_Unlock                                  build/stm32g0xx_hal_flash.o
HAL_GPIO_DeInit                                   build/stm32g0xx_hal_gpio.o
                                                  build/usart.o
                                                  build/spi.o
                                                  build/adc.o
HAL_GPIO_EXTI_Falling_Callback                    build/stm32g0xx_hal_gpio.o
HAL_GPIO_EXTI_IRQHandler                          build/stm32g0xx_hal_gpio.o
HAL_GPIO_EXTI_Rising_Callback                     build/stm32g0xx_hal_gpio.o
HAL_GPIO_Init                                     build/stm32g0xx_hal_gpio.o
                                                  build/usart.o
                                                  build/spi.o
                                                  build/adc.o
                                                  build/gpio.o
                                                  build/stm32g0xx_hal_rcc_ex.o
                                                  build/stm32g0xx_hal_rcc.o
HAL_GPIO_LockPin                                  build/stm32g0xx_hal_gpio.o
HAL_GPIO_ReadPin                                  build/stm32g0xx_hal_gpio.o
HAL_GPIO_TogglePin                                build/stm32g0xx_hal_gpio.o
HAL_GPIO_WritePin                                 build/stm32g0xx_hal_gpio.o
                                                  build/gpio.o
HAL_GetDEVID                                      build/stm32g0xx_hal.o
HAL_GetHalVersion                                 build/stm32g0xx_hal.o
HAL_GetREVID                                      build/stm32g0xx_hal.o
HAL_GetTick                                       build/stm32g0xx_hal.o
                                                  build/stm32g0xx_hal_uart_ex.o
                                                  build/stm32g0xx_hal_uart.o
                                                  build/stm32g0xx_hal_spi.o
                                                  build/stm32g0xx_hal_dma.o
                                                  build/stm32g0xx_hal_flash.o
                                                  build/stm32g0xx_hal_rcc_ex.o
                                                  build/stm32g0xx_hal_rcc.o
                                                  build/stm32g0xx_hal_adc_ex.o
                                                  build/stm32g0xx_hal_adc.o
HAL_GetTickFreq                                   build/stm32g0xx_hal.o
HAL_GetTickPrio                                   build/stm32g0xx_hal.o
HAL_GetUIDw0                                      build/stm32g0xx_hal.o
HAL_GetUIDw1                                      build/stm32g0xx_hal.o
HAL_GetUIDw2                                      build/stm32g0xx_hal.o
HAL_HalfDuplex_EnableReceiver                     build/stm32g0xx_hal_uart.o
HAL_HalfDuplex_EnableTransmitter                  build/stm32g0xx_hal_uart.o
HAL_HalfDuplex_Init                               build/stm32g0xx_hal_uart.o
HAL_IncTick                                       build/stm32g0xx_hal.o
                                                  build/stm32g0xx_it.o
HAL_Init                                          build/stm32g0xx_hal.o
                                                  build/main.o
HAL_InitTick                                      build/stm32g0xx_hal.o
                                                  build/stm32g0xx_hal_rcc.o
HAL_LIN_Init                                      build/stm32g0xx_hal_uart.o
HAL_LIN_SendBreak                                 build/stm32g0xx_hal_uart.o
HAL_MPU_ConfigRegion                              build/stm32g0xx_hal_cortex.o
HAL_MPU_Disable                                   build/stm32g0xx_hal_cortex.o
HAL_MPU_DisableRegion                             build/stm32g0xx_hal_cortex.o
HAL_MPU_Enable                                    build/stm32g0xx_hal_cortex.o
HAL_MPU_EnableRegion                              build/stm32g0xx_hal_cortex.o
HAL_MspDeInit                                     build/stm32g0xx_hal.o
HAL_MspInit                                       build/stm32g0xx_hal_msp.o
HAL_MultiProcessorEx_AddressLength_Set            build/stm32g0xx_hal_uart_ex.o
HAL_MultiProcessor_DisableMuteMode                build/stm32g0xx_hal_uart.o
HAL_MultiProcessor_EnableMuteMode                 build/stm32g0xx_hal_uart.o
HAL_MultiProcessor_EnterMuteMode                  build/stm32g0xx_hal_uart.o
HAL_MultiProcessor_Init                           build/stm32g0xx_hal_uart.o
HAL_NVIC_ClearPendingIRQ                          build/stm32g0xx_hal_cortex.o
HAL_NVIC_DisableIRQ                               build/stm32g0xx_hal_cortex.o
HAL_NVIC_EnableIRQ                                build/stm32g0xx_hal_cortex.o
HAL_NVIC_GetPendingIRQ                            build/stm32g0xx_hal_cortex.o
HAL_NVIC_GetPriority                              build/stm32g0xx_hal_cortex.o
HAL_NVIC_SetPendingIRQ                            build/stm32g0xx_hal_cortex.o
HAL_NVIC_SetPriority                              build/stm32g0xx_hal_cortex.o
                                                  build/stm32g0xx_hal.o
HAL_NVIC_SystemReset                              build/stm32g0xx_hal_cortex.o
HAL_PWREx_ControlVoltageScaling                   build/stm32g0xx_hal_pwr_ex.o
                                                  build/main.o
HAL_PWREx_DisableBatteryCharging                  build/stm32g0xx_hal_pwr_ex.o
HAL_PWREx_DisableFlashPowerDown                   build/stm32g0xx_hal_pwr_ex.o
HAL_PWREx_DisableGPIOPullDown                     build/stm32g0xx_hal_pwr_ex.o
HAL_PWREx_DisableGPIOPullUp                       build/stm32g0xx_hal_pwr_ex.o
HAL_PWREx_DisableInternalWakeUpLine               build/stm32g0xx_hal_pwr_ex.o
HAL_PWREx_DisableLowPowerRunMode                  build/stm32g0xx_hal_pwr_ex.o
                                                  build/stm32g0xx_hal_pwr.o
HAL_PWREx_DisablePullUpPullDownConfig             build/stm32g0xx_hal_pwr_ex.o
HAL_PWREx_EnableBatteryCharging                   build/stm32g0xx_hal_pwr_ex.o
HAL_PWREx_EnableFlashPowerDown                    build/stm32g0xx_hal_pwr_ex.o
HAL_PWREx_EnableGPIOPullDown                      build/stm32g0xx_hal_pwr_ex.o
HAL_PWREx_EnableGPIOPullUp                        build/stm32g0xx_hal_pwr_ex.o
HAL_PWREx_EnableInternalWakeUpLine                build/stm32g0xx_hal_pwr_ex.o
HAL_PWREx_EnableLowPowerRunMode                   build/stm32g0xx_hal_pwr_ex.o
                                                  build/stm32g0xx_hal_pwr.o
HAL_PWREx_EnablePullUpPullDownConfig              build/stm32g0xx_hal_pwr_ex.o
HAL_PWREx_GetVoltageRange                         build/stm32g0xx_hal_pwr_ex.o
HAL_PWR_DeInit                                    build/stm32g0xx_hal_pwr.o
HAL_PWR_DisableBkUpAccess                         build/stm32g0xx_hal_pwr.o
                                                  build/stm32g0xx_hal_rcc_ex.o
HAL_PWR_DisableSEVOnPend                          build/stm32g0xx_hal_pwr.o
HAL_PWR_DisableSleepOnExit                        build/stm32g0xx_hal_pwr.o
HAL_PWR_DisableWakeUpPin                          build/stm32g0xx_hal_pwr.o
HAL_PWR_EnableBkUpAccess                          build/stm32g0xx_hal_pwr.o
                                                  build/stm32g0xx_hal_rcc_ex.o
HAL_PWR_EnableSEVOnPend                           build/stm32g0xx_hal_pwr.o
HAL_PWR_EnableSleepOnExit                         build/stm32g0xx_hal_pwr.o
HAL_PWR_EnableWakeUpPin                           build/stm32g0xx_hal_pwr.o
HAL_PWR_EnterSLEEPMode                            build/stm32g0xx_hal_pwr.o
HAL_PWR_EnterSTANDBYMode                          build/stm32g0xx_hal_pwr.o
HAL_PWR_EnterSTOPMode                             build/stm32g0xx_hal_pwr.o
HAL_RCCEx_DisableLSCO                             build/stm32g0xx_hal_rcc_ex.o
HAL_RCCEx_EnableLSCO                              build/stm32g0xx_hal_rcc_ex.o
HAL_RCCEx_GetPeriphCLKConfig                      build/stm32g0xx_hal_rcc_ex.o
HAL_RCCEx_GetPeriphCLKFreq                        build/stm32g0xx_hal_rcc_ex.o
HAL_RCCEx_PeriphCLKConfig                         build/stm32g0xx_hal_rcc_ex.o
                                                  build/usart.o
HAL_RCC_CSSCallback                               build/stm32g0xx_hal_rcc.o
HAL_RCC_ClockConfig                               build/stm32g0xx_hal_rcc.o
                                                  build/main.o
HAL_RCC_DeInit                                    build/stm32g0xx_hal_rcc.o
HAL_RCC_DisableLSECSS                             build/stm32g0xx_hal_rcc.o
HAL_RCC_EnableCSS                                 build/stm32g0xx_hal_rcc.o
HAL_RCC_EnableLSECSS                              build/stm32g0xx_hal_rcc.o
HAL_RCC_GetClockConfig                            build/stm32g0xx_hal_rcc.o
HAL_RCC_GetHCLKFreq                               build/stm32g0xx_hal_rcc.o
HAL_RCC_GetOscConfig                              build/stm32g0xx_hal_rcc.o
HAL_RCC_GetPCLK1Freq                              build/stm32g0xx_hal_rcc.o
                                                  build/stm32g0xx_hal_uart.o
                                                  build/stm32g0xx_hal_rcc_ex.o
HAL_RCC_GetResetSource                            build/stm32g0xx_hal_rcc.o
HAL_RCC_GetSysClockFreq                           build/stm32g0xx_hal_rcc.o
                                                  build/stm32g0xx_hal_uart.o
                                                  build/stm32g0xx_hal_rcc_ex.o
HAL_RCC_LSECSSCallback                            build/stm32g0xx_hal_rcc.o
HAL_RCC_MCOConfig                                 build/stm32g0xx_hal_rcc.o
HAL_RCC_NMI_IRQHandler                            build/stm32g0xx_hal_rcc.o
HAL_RCC_OscConfig                                 build/stm32g0xx_hal_rcc.o
                                                  build/main.o
HAL_RS485Ex_Init                                  build/stm32g0xx_hal_uart_ex.o
HAL_ResumeTick                                    build/stm32g0xx_hal.o
HAL_SPIEx_FlushRxFifo                             build/stm32g0xx_hal_spi_ex.o
HAL_SPI_Abort                                     build/stm32g0xx_hal_spi.o
HAL_SPI_AbortCpltCallback                         build/stm32g0xx_hal_spi.o
HAL_SPI_Abort_IT                                  build/stm32g0xx_hal_spi.o
HAL_SPI_DMAPause                                  build/stm32g0xx_hal_spi.o
HAL_SPI_DMAResume                                 build/stm32g0xx_hal_spi.o
HAL_SPI_DMAStop                                   build/stm32g0xx_hal_spi.o
HAL_SPI_DeInit                                    build/stm32g0xx_hal_spi.o
HAL_SPI_ErrorCallback                             build/stm32g0xx_hal_spi.o
HAL_SPI_GetError                                  build/stm32g0xx_hal_spi.o
HAL_SPI_GetState                                  build/stm32g0xx_hal_spi.o
HAL_SPI_IRQHandler                                build/stm32g0xx_hal_spi.o
HAL_SPI_Init                                      build/stm32g0xx_hal_spi.o
                                                  build/spi.o
HAL_SPI_MspDeInit                                 build/spi.o
                                                  build/stm32g0xx_hal_spi.o
HAL_SPI_MspInit                                   build/spi.o
                                                  build/stm32g0xx_hal_spi.o
HAL_SPI_Receive                                   build/stm32g0xx_hal_spi.o
HAL_SPI_Receive_DMA                               build/stm32g0xx_hal_spi.o
HAL_SPI_Receive_IT                                build/stm32g0xx_hal_spi.o
HAL_SPI_RxCpltCallback                            build/stm32g0xx_hal_spi.o
HAL_SPI_RxHalfCpltCallback                        build/stm32g0xx_hal_spi.o
HAL_SPI_Transmit                                  build/stm32g0xx_hal_spi.o
HAL_SPI_TransmitReceive                           build/stm32g0xx_hal_spi.o
HAL_SPI_TransmitReceive_DMA                       build/stm32g0xx_hal_spi.o
HAL_SPI_TransmitReceive_IT                        build/stm32g0xx_hal_spi.o
HAL_SPI_Transmit_DMA                              build/stm32g0xx_hal_spi.o
HAL_SPI_Transmit_IT                               build/stm32g0xx_hal_spi.o
HAL_SPI_TxCpltCallback                            build/stm32g0xx_hal_spi.o
HAL_SPI_TxHalfCpltCallback                        build/stm32g0xx_hal_spi.o
HAL_SPI_TxRxCpltCallback                          build/stm32g0xx_hal_spi.o
HAL_SPI_TxRxHalfCpltCallback                      build/stm32g0xx_hal_spi.o
HAL_SYSCFG_DisableIOAnalogSwitchBooster           build/stm32g0xx_hal.o
HAL_SYSCFG_DisableRemap                           build/stm32g0xx_hal.o
HAL_SYSCFG_EnableIOAnalogSwitchBooster            build/stm32g0xx_hal.o
HAL_SYSCFG_EnableRemap                            build/stm32g0xx_hal.o
HAL_SYSCFG_StrobeDBattpinsConfig                  build/stm32g0xx_hal.o
HAL_SYSTICK_CLKSourceConfig                       build/stm32g0xx_hal_cortex.o
HAL_SYSTICK_Callback                              build/stm32g0xx_hal_cortex.o
HAL_SYSTICK_Config                                build/stm32g0xx_hal_cortex.o
                                                  build/stm32g0xx_hal.o
HAL_SYSTICK_IRQHandler                            build/stm32g0xx_hal_cortex.o
HAL_SetTickFreq                                   build/stm32g0xx_hal.o
HAL_SuspendTick                                   build/stm32g0xx_hal.o
HAL_UARTEx_DisableFifoMode                        build/stm32g0xx_hal_uart_ex.o
                                                  build/usart.o
HAL_UARTEx_DisableStopMode                        build/stm32g0xx_hal_uart_ex.o
HAL_UARTEx_EnableFifoMode                         build/stm32g0xx_hal_uart_ex.o
HAL_UARTEx_EnableStopMode                         build/stm32g0xx_hal_uart_ex.o
HAL_UARTEx_GetRxEventType                         build/stm32g0xx_hal_uart_ex.o
HAL_UARTEx_ReceiveToIdle                          build/stm32g0xx_hal_uart_ex.o
HAL_UARTEx_ReceiveToIdle_DMA                      build/stm32g0xx_hal_uart_ex.o
HAL_UARTEx_ReceiveToIdle_IT                       build/stm32g0xx_hal_uart_ex.o
HAL_UARTEx_RxEventCallback                        build/stm32g0xx_hal_uart.o
HAL_UARTEx_RxFifoFullCallback                     build/stm32g0xx_hal_uart_ex.o
                                                  build/stm32g0xx_hal_uart.o
HAL_UARTEx_SetRxFifoThreshold                     build/stm32g0xx_hal_uart_ex.o
                                                  build/usart.o
HAL_UARTEx_SetTxFifoThreshold                     build/stm32g0xx_hal_uart_ex.o
                                                  build/usart.o
HAL_UARTEx_StopModeWakeUpSourceConfig             build/stm32g0xx_hal_uart_ex.o
HAL_UARTEx_TxFifoEmptyCallback                    build/stm32g0xx_hal_uart_ex.o
                                                  build/stm32g0xx_hal_uart.o
HAL_UARTEx_WakeupCallback                         build/stm32g0xx_hal_uart_ex.o
                                                  build/stm32g0xx_hal_uart.o
HAL_UART_Abort                                    build/stm32g0xx_hal_uart.o
HAL_UART_AbortCpltCallback                        build/stm32g0xx_hal_uart.o
HAL_UART_AbortReceive                             build/stm32g0xx_hal_uart.o
HAL_UART_AbortReceiveCpltCallback                 build/stm32g0xx_hal_uart.o
HAL_UART_AbortReceive_IT                          build/stm32g0xx_hal_uart.o
HAL_UART_AbortTransmit                            build/stm32g0xx_hal_uart.o
HAL_UART_AbortTransmitCpltCallback                build/stm32g0xx_hal_uart.o
HAL_UART_AbortTransmit_IT                         build/stm32g0xx_hal_uart.o
HAL_UART_Abort_IT                                 build/stm32g0xx_hal_uart.o
HAL_UART_DMAPause                                 build/stm32g0xx_hal_uart.o
HAL_UART_DMAResume                                build/stm32g0xx_hal_uart.o
HAL_UART_DMAStop                                  build/stm32g0xx_hal_uart.o
HAL_UART_DeInit                                   build/stm32g0xx_hal_uart.o
HAL_UART_DisableReceiverTimeout                   build/stm32g0xx_hal_uart.o
HAL_UART_EnableReceiverTimeout                    build/stm32g0xx_hal_uart.o
HAL_UART_ErrorCallback                            build/stm32g0xx_hal_uart.o
HAL_UART_GetError                                 build/stm32g0xx_hal_uart.o
HAL_UART_GetState                                 build/stm32g0xx_hal_uart.o
HAL_UART_IRQHandler                               build/stm32g0xx_hal_uart.o
HAL_UART_Init                                     build/stm32g0xx_hal_uart.o
                                                  build/usart.o
HAL_UART_MspDeInit                                build/usart.o
                                                  build/stm32g0xx_hal_uart.o
HAL_UART_MspInit                                  build/usart.o
                                                  build/stm32g0xx_hal_uart.o
                                                  build/stm32g0xx_hal_uart_ex.o
HAL_UART_Receive                                  build/stm32g0xx_hal_uart.o
HAL_UART_Receive_DMA                              build/stm32g0xx_hal_uart.o
HAL_UART_Receive_IT                               build/stm32g0xx_hal_uart.o
HAL_UART_ReceiverTimeout_Config                   build/stm32g0xx_hal_uart.o
HAL_UART_RxCpltCallback                           build/stm32g0xx_hal_uart.o
HAL_UART_RxHalfCpltCallback                       build/stm32g0xx_hal_uart.o
HAL_UART_Transmit                                 build/stm32g0xx_hal_uart.o
HAL_UART_Transmit_DMA                             build/stm32g0xx_hal_uart.o
HAL_UART_Transmit_IT                              build/stm32g0xx_hal_uart.o
HAL_UART_TxCpltCallback                           build/stm32g0xx_hal_uart.o
HAL_UART_TxHalfCpltCallback                       build/stm32g0xx_hal_uart.o
HardFault_Handler                                 build/stm32g0xx_it.o
I2C1_IRQHandler                                   build/startup_stm32g070xx.o
I2C2_IRQHandler                                   build/startup_stm32g070xx.o
MX_ADC1_Init                                      build/adc.o
                                                  build/main.o
MX_GPIO_Init                                      build/gpio.o
                                                  build/main.o
MX_SPI2_Init                                      build/spi.o
                                                  build/main.o
MX_USART2_UART_Init                               build/usart.o
                                                  build/main.o
NMI_Handler                                       build/stm32g0xx_it.o
PendSV_Handler                                    build/stm32g0xx_it.o
RCC_IRQHandler                                    build/startup_stm32g070xx.o
RTC_TAMP_IRQHandler                               build/startup_stm32g070xx.o
Reset_Handler                                     build/startup_stm32g070xx.o
SPI1_IRQHandler                                   build/startup_stm32g070xx.o
SPI2_IRQHandler                                   build/startup_stm32g070xx.o
SVC_Handler                                       build/stm32g0xx_it.o
SysTick_Handler                                   build/stm32g0xx_it.o
SystemClock_Config                                build/main.o
SystemCoreClock                                   build/system_stm32g0xx.o
                                                  build/stm32g0xx_hal_spi.o
                                                  build/stm32g0xx_hal.o
                                                  build/stm32g0xx_hal_pwr_ex.o
                                                  build/stm32g0xx_hal_rcc.o
                                                  build/stm32g0xx_hal_adc.o
SystemCoreClockUpdate                             build/system_stm32g0xx.o
SystemInit                                        build/system_stm32g0xx.o
                                                  build/startup_stm32g070xx.o
TIM14_IRQHandler                                  build/startup_stm32g070xx.o
TIM15_IRQHandler                                  build/startup_stm32g070xx.o
TIM16_IRQHandler                                  build/startup_stm32g070xx.o
TIM17_IRQHandler                                  build/startup_stm32g070xx.o
TIM1_BRK_UP_TRG_COM_IRQHandler                    build/startup_stm32g070xx.o
TIM1_CC_IRQHandler                                build/startup_stm32g070xx.o
TIM3_IRQHandler                                   build/startup_stm32g070xx.o
TIM6_IRQHandler                                   build/startup_stm32g070xx.o
TIM7_IRQHandler                                   build/startup_stm32g070xx.o
UARTPrescTable                                    build/stm32g0xx_hal_uart.o
UART_AdvFeatureConfig                             build/stm32g0xx_hal_uart.o
                                                  build/stm32g0xx_hal_uart_ex.o
UART_CheckIdleState                               build/stm32g0xx_hal_uart.o
                                                  build/stm32g0xx_hal_uart_ex.o
UART_SetConfig                                    build/stm32g0xx_hal_uart.o
                                                  build/stm32g0xx_hal_uart_ex.o
UART_Start_Receive_DMA                            build/stm32g0xx_hal_uart.o
                                                  build/stm32g0xx_hal_uart_ex.o
UART_Start_Receive_IT                             build/stm32g0xx_hal_uart.o
                                                  build/stm32g0xx_hal_uart_ex.o
UART_WaitOnFlagUntilTimeout                       build/stm32g0xx_hal_uart.o
                                                  build/stm32g0xx_hal_uart_ex.o
USART1_IRQHandler                                 build/startup_stm32g070xx.o
USART2_IRQHandler                                 build/startup_stm32g070xx.o
USART3_4_IRQHandler                               build/startup_stm32g070xx.o
WWDG_IRQHandler                                   build/startup_stm32g070xx.o
_Min_Stack_Size                                   build/sysmem.o
__aeabi_idiv                                      c:/dev/tools/gcc-arm-none-eabi-10.3-2021.10/bin/../lib/gcc/arm-none-eabi/10.3.1/thumb/v6-m/nofp\libgcc.a(_divsi3.o)
                                                  build/stm32g0xx_hal_uart_ex.o
__aeabi_idiv0                                     c:/dev/tools/gcc-arm-none-eabi-10.3-2021.10/bin/../lib/gcc/arm-none-eabi/10.3.1/thumb/v6-m/nofp\libgcc.a(_dvmd_tls.o)
                                                  c:/dev/tools/gcc-arm-none-eabi-10.3-2021.10/bin/../lib/gcc/arm-none-eabi/10.3.1/thumb/v6-m/nofp\libgcc.a(_divsi3.o)
                                                  c:/dev/tools/gcc-arm-none-eabi-10.3-2021.10/bin/../lib/gcc/arm-none-eabi/10.3.1/thumb/v6-m/nofp\libgcc.a(_udivsi3.o)
__aeabi_idivmod                                   c:/dev/tools/gcc-arm-none-eabi-10.3-2021.10/bin/../lib/gcc/arm-none-eabi/10.3.1/thumb/v6-m/nofp\libgcc.a(_divsi3.o)
__aeabi_ldiv0                                     c:/dev/tools/gcc-arm-none-eabi-10.3-2021.10/bin/../lib/gcc/arm-none-eabi/10.3.1/thumb/v6-m/nofp\libgcc.a(_dvmd_tls.o)
__aeabi_uidiv                                     c:/dev/tools/gcc-arm-none-eabi-10.3-2021.10/bin/../lib/gcc/arm-none-eabi/10.3.1/thumb/v6-m/nofp\libgcc.a(_udivsi3.o)
                                                  build/system_stm32g0xx.o
                                                  build/stm32g0xx_hal_uart.o
                                                  build/stm32g0xx_hal_spi.o
                                                  build/stm32g0xx_hal.o
                                                  build/stm32g0xx_hal_pwr_ex.o
                                                  build/stm32g0xx_hal_dma.o
                                                  build/stm32g0xx_hal_rcc_ex.o
                                                  build/stm32g0xx_hal_rcc.o
                                                  build/stm32g0xx_hal_adc_ex.o
                                                  build/stm32g0xx_hal_adc.o
__aeabi_uidivmod                                  c:/dev/tools/gcc-arm-none-eabi-10.3-2021.10/bin/../lib/gcc/arm-none-eabi/10.3.1/thumb/v6-m/nofp\libgcc.a(_udivsi3.o)
__bss_end__                                       c:/dev/tools/gcc-arm-none-eabi-10.3-2021.10/bin/../lib/gcc/arm-none-eabi/10.3.1/../../../../arm-none-eabi/lib/thumb/v6-m/nofp/crt0.o
__bss_start__                                     c:/dev/tools/gcc-arm-none-eabi-10.3-2021.10/bin/../lib/gcc/arm-none-eabi/10.3.1/../../../../arm-none-eabi/lib/thumb/v6-m/nofp/crt0.o
__call_exitprocs                                  c:/dev/tools/gcc-arm-none-eabi-10.3-2021.10/bin/../lib/gcc/arm-none-eabi/10.3.1/../../../../arm-none-eabi/lib/thumb/v6-m/nofp\libc_nano.a(lib_a-exit.o)
__deregister_frame_info                           c:/dev/tools/gcc-arm-none-eabi-10.3-2021.10/bin/../lib/gcc/arm-none-eabi/10.3.1/thumb/v6-m/nofp/crtbegin.o
__divsi3                                          c:/dev/tools/gcc-arm-none-eabi-10.3-2021.10/bin/../lib/gcc/arm-none-eabi/10.3.1/thumb/v6-m/nofp\libgcc.a(_divsi3.o)
__dso_handle                                      c:/dev/tools/gcc-arm-none-eabi-10.3-2021.10/bin/../lib/gcc/arm-none-eabi/10.3.1/thumb/v6-m/nofp/crtbegin.o
__env                                             build/syscalls.o
__errno                                           c:/dev/tools/gcc-arm-none-eabi-10.3-2021.10/bin/../lib/gcc/arm-none-eabi/10.3.1/../../../../arm-none-eabi/lib/thumb/v6-m/nofp\libc_nano.a(lib_a-errno.o)
                                                  build/syscalls.o
                                                  build/sysmem.o
__init_array_end                                  c:/dev/tools/gcc-arm-none-eabi-10.3-2021.10/bin/../lib/gcc/arm-none-eabi/10.3.1/../../../../arm-none-eabi/lib/thumb/v6-m/nofp\libc_nano.a(lib_a-init.o)
__init_array_start                                c:/dev/tools/gcc-arm-none-eabi-10.3-2021.10/bin/../lib/gcc/arm-none-eabi/10.3.1/../../../../arm-none-eabi/lib/thumb/v6-m/nofp\libc_nano.a(lib_a-init.o)
__io_getchar                                      build/syscalls.o
__io_putchar                                      build/syscalls.o
__libc_fini_array                                 c:/dev/tools/gcc-arm-none-eabi-10.3-2021.10/bin/../lib/gcc/arm-none-eabi/10.3.1/../../../../arm-none-eabi/lib/thumb/v6-m/nofp/crt0.o
__libc_init_array                                 c:/dev/tools/gcc-arm-none-eabi-10.3-2021.10/bin/../lib/gcc/arm-none-eabi/10.3.1/../../../../arm-none-eabi/lib/thumb/v6-m/nofp\libc_nano.a(lib_a-init.o)
                                                  build/startup_stm32g070xx.o
                                                  c:/dev/tools/gcc-arm-none-eabi-10.3-2021.10/bin/../lib/gcc/arm-none-eabi/10.3.1/../../../../arm-none-eabi/lib/thumb/v6-m/nofp/crt0.o
__preinit_array_end                               c:/dev/tools/gcc-arm-none-eabi-10.3-2021.10/bin/../lib/gcc/arm-none-eabi/10.3.1/../../../../arm-none-eabi/lib/thumb/v6-m/nofp\libc_nano.a(lib_a-init.o)
__preinit_array_start                             c:/dev/tools/gcc-arm-none-eabi-10.3-2021.10/bin/../lib/gcc/arm-none-eabi/10.3.1/../../../../arm-none-eabi/lib/thumb/v6-m/nofp\libc_nano.a(lib_a-init.o)
__register_frame_info                             c:/dev/tools/gcc-arm-none-eabi-10.3-2021.10/bin/../lib/gcc/arm-none-eabi/10.3.1/thumb/v6-m/nofp/crtbegin.o
__sf_fake_stderr                                  c:/dev/tools/gcc-arm-none-eabi-10.3-2021.10/bin/../lib/gcc/arm-none-eabi/10.3.1/../../../../arm-none-eabi/lib/thumb/v6-m/nofp\libc_nano.a(lib_a-impure.o)
__sf_fake_stdin                                   c:/dev/tools/gcc-arm-none-eabi-10.3-2021.10/bin/../lib/gcc/arm-none-eabi/10.3.1/../../../../arm-none-eabi/lib/thumb/v6-m/nofp\libc_nano.a(lib_a-impure.o)
__sf_fake_stdout                                  c:/dev/tools/gcc-arm-none-eabi-10.3-2021.10/bin/../lib/gcc/arm-none-eabi/10.3.1/../../../../arm-none-eabi/lib/thumb/v6-m/nofp\libc_nano.a(lib_a-impure.o)
__stack                                           c:/dev/tools/gcc-arm-none-eabi-10.3-2021.10/bin/../lib/gcc/arm-none-eabi/10.3.1/../../../../arm-none-eabi/lib/thumb/v6-m/nofp/crt0.o
__udivsi3                                         c:/dev/tools/gcc-arm-none-eabi-10.3-2021.10/bin/../lib/gcc/arm-none-eabi/10.3.1/thumb/v6-m/nofp\libgcc.a(_udivsi3.o)
_close                                            build/syscalls.o
_ebss                                             build/startup_stm32g070xx.o
_edata                                            build/startup_stm32g070xx.o
_end                                              build/sysmem.o
_estack                                           build/startup_stm32g070xx.o
                                                  build/sysmem.o
_execve                                           build/syscalls.o
_exit                                             build/syscalls.o
                                                  c:/dev/tools/gcc-arm-none-eabi-10.3-2021.10/bin/../lib/gcc/arm-none-eabi/10.3.1/../../../../arm-none-eabi/lib/thumb/v6-m/nofp\libc_nano.a(lib_a-exit.o)
_fini                                             c:/dev/tools/gcc-arm-none-eabi-10.3-2021.10/bin/../lib/gcc/arm-none-eabi/10.3.1/thumb/v6-m/nofp/crti.o
_fork                                             build/syscalls.o
_fstat                                            build/syscalls.o
_getpid                                           build/syscalls.o
_global_impure_ptr                                c:/dev/tools/gcc-arm-none-eabi-10.3-2021.10/bin/../lib/gcc/arm-none-eabi/10.3.1/../../../../arm-none-eabi/lib/thumb/v6-m/nofp\libc_nano.a(lib_a-impure.o)
                                                  c:/dev/tools/gcc-arm-none-eabi-10.3-2021.10/bin/../lib/gcc/arm-none-eabi/10.3.1/../../../../arm-none-eabi/lib/thumb/v6-m/nofp\libc_nano.a(lib_a-exit.o)
_impure_ptr                                       c:/dev/tools/gcc-arm-none-eabi-10.3-2021.10/bin/../lib/gcc/arm-none-eabi/10.3.1/../../../../arm-none-eabi/lib/thumb/v6-m/nofp\libc_nano.a(lib_a-impure.o)
                                                  c:/dev/tools/gcc-arm-none-eabi-10.3-2021.10/bin/../lib/gcc/arm-none-eabi/10.3.1/../../../../arm-none-eabi/lib/thumb/v6-m/nofp\libc_nano.a(lib_a-errno.o)
_init                                             c:/dev/tools/gcc-arm-none-eabi-10.3-2021.10/bin/../lib/gcc/arm-none-eabi/10.3.1/thumb/v6-m/nofp/crti.o
                                                  c:/dev/tools/gcc-arm-none-eabi-10.3-2021.10/bin/../lib/gcc/arm-none-eabi/10.3.1/../../../../arm-none-eabi/lib/thumb/v6-m/nofp\libc_nano.a(lib_a-init.o)
_isatty                                           build/syscalls.o
_kill                                             build/syscalls.o
_link                                             build/syscalls.o
_lseek                                            build/syscalls.o
_mainCRTStartup                                   c:/dev/tools/gcc-arm-none-eabi-10.3-2021.10/bin/../lib/gcc/arm-none-eabi/10.3.1/../../../../arm-none-eabi/lib/thumb/v6-m/nofp/crt0.o
_open                                             build/syscalls.o
_read                                             build/syscalls.o
_sbrk                                             build/sysmem.o
_sbss                                             build/startup_stm32g070xx.o
_sdata                                            build/startup_stm32g070xx.o
_sidata                                           build/startup_stm32g070xx.o
_stack_init                                       c:/dev/tools/gcc-arm-none-eabi-10.3-2021.10/bin/../lib/gcc/arm-none-eabi/10.3.1/../../../../arm-none-eabi/lib/thumb/v6-m/nofp/crt0.o
_start                                            c:/dev/tools/gcc-arm-none-eabi-10.3-2021.10/bin/../lib/gcc/arm-none-eabi/10.3.1/../../../../arm-none-eabi/lib/thumb/v6-m/nofp/crt0.o
_stat                                             build/syscalls.o
_times                                            build/syscalls.o
_unlink                                           build/syscalls.o
_wait                                             build/syscalls.o
_write                                            build/syscalls.o
atexit                                            c:/dev/tools/gcc-arm-none-eabi-10.3-2021.10/bin/../lib/gcc/arm-none-eabi/10.3.1/../../../../arm-none-eabi/lib/thumb/v6-m/nofp/crt0.o
environ                                           build/syscalls.o
exit                                              c:/dev/tools/gcc-arm-none-eabi-10.3-2021.10/bin/../lib/gcc/arm-none-eabi/10.3.1/../../../../arm-none-eabi/lib/thumb/v6-m/nofp\libc_nano.a(lib_a-exit.o)
                                                  c:/dev/tools/gcc-arm-none-eabi-10.3-2021.10/bin/../lib/gcc/arm-none-eabi/10.3.1/../../../../arm-none-eabi/lib/thumb/v6-m/nofp/crt0.o
g_pfnVectors                                      build/startup_stm32g070xx.o
hadc1                                             build/adc.o
hardware_init_hook                                c:/dev/tools/gcc-arm-none-eabi-10.3-2021.10/bin/../lib/gcc/arm-none-eabi/10.3.1/../../../../arm-none-eabi/lib/thumb/v6-m/nofp/crt0.o
hspi2                                             build/spi.o
huart2                                            build/usart.o
initialise_monitor_handles                        build/syscalls.o
main                                              build/main.o
                                                  build/startup_stm32g070xx.o
                                                  c:/dev/tools/gcc-arm-none-eabi-10.3-2021.10/bin/../lib/gcc/arm-none-eabi/10.3.1/../../../../arm-none-eabi/lib/thumb/v6-m/nofp/crt0.o
memset                                            c:/dev/tools/gcc-arm-none-eabi-10.3-2021.10/bin/../lib/gcc/arm-none-eabi/10.3.1/../../../../arm-none-eabi/lib/thumb/v6-m/nofp\libc_nano.a(lib_a-memset.o)
                                                  build/usart.o
                                                  build/spi.o
                                                  build/adc.o
                                                  build/gpio.o
                                                  build/main.o
                                                  c:/dev/tools/gcc-arm-none-eabi-10.3-2021.10/bin/../lib/gcc/arm-none-eabi/10.3.1/../../../../arm-none-eabi/lib/thumb/v6-m/nofp/crt0.o
pFlash                                            build/stm32g0xx_hal_flash.o
                                                  build/stm32g0xx_hal_flash_ex.o
software_init_hook                                c:/dev/tools/gcc-arm-none-eabi-10.3-2021.10/bin/../lib/gcc/arm-none-eabi/10.3.1/../../../../arm-none-eabi/lib/thumb/v6-m/nofp/crt0.o
uwTick                                            build/stm32g0xx_hal.o
uwTickFreq                                        build/stm32g0xx_hal.o
uwTickPrio                                        build/stm32g0xx_hal.o
                                                  build/stm32g0xx_hal_rcc.o
